Component: ARM Compiler 5.06 (build 20) Tool: armlink [4d35a3]

==============================================================================

Section Cross References

    startup_stm32f40xx.o(RESET) refers to startup_stm32f40xx.o(STACK) for __initial_sp
    startup_stm32f40xx.o(RESET) refers to startup_stm32f40xx.o(.text) for Reset_Handler
    startup_stm32f40xx.o(.text) refers to system_stm32f4xx.o(i.SystemInit) for SystemInit
    startup_stm32f40xx.o(.text) refers to entry.o(.ARM.Collect$$$$00000000) for __main
    system_stm32f4xx.o(i.SystemCoreClockUpdate) refers to system_stm32f4xx.o(.data) for SystemCoreClock
    system_stm32f4xx.o(i.SystemInit) refers to system_stm32f4xx.o(i.SetSysClock) for SetSysClock
    stm32f4xx_adc.o(i.ADC_DeInit) refers to stm32f4xx_rcc.o(i.RCC_APB2PeriphResetCmd) for RCC_APB2PeriphResetCmd
    stm32f4xx_can.o(i.CAN_DeInit) refers to stm32f4xx_rcc.o(i.RCC_APB1PeriphResetCmd) for RCC_APB1PeriphResetCmd
    stm32f4xx_can.o(i.CAN_GetITStatus) refers to stm32f4xx_can.o(i.CheckITStatus) for CheckITStatus
    stm32f4xx_cryp.o(i.CRYP_DeInit) refers to stm32f4xx_rcc.o(i.RCC_AHB2PeriphResetCmd) for RCC_AHB2PeriphResetCmd
    stm32f4xx_cryp_aes.o(i.CRYP_AES_CBC) refers to stm32f4xx_cryp.o(i.CRYP_KeyStructInit) for CRYP_KeyStructInit
    stm32f4xx_cryp_aes.o(i.CRYP_AES_CBC) refers to stm32f4xx_cryp.o(i.CRYP_FIFOFlush) for CRYP_FIFOFlush
    stm32f4xx_cryp_aes.o(i.CRYP_AES_CBC) refers to stm32f4xx_cryp.o(i.CRYP_Init) for CRYP_Init
    stm32f4xx_cryp_aes.o(i.CRYP_AES_CBC) refers to stm32f4xx_cryp.o(i.CRYP_KeyInit) for CRYP_KeyInit
    stm32f4xx_cryp_aes.o(i.CRYP_AES_CBC) refers to stm32f4xx_cryp.o(i.CRYP_Cmd) for CRYP_Cmd
    stm32f4xx_cryp_aes.o(i.CRYP_AES_CBC) refers to stm32f4xx_cryp.o(i.CRYP_GetFlagStatus) for CRYP_GetFlagStatus
    stm32f4xx_cryp_aes.o(i.CRYP_AES_CBC) refers to stm32f4xx_cryp.o(i.CRYP_IVInit) for CRYP_IVInit
    stm32f4xx_cryp_aes.o(i.CRYP_AES_CBC) refers to stm32f4xx_cryp.o(i.CRYP_GetCmdStatus) for CRYP_GetCmdStatus
    stm32f4xx_cryp_aes.o(i.CRYP_AES_CBC) refers to stm32f4xx_cryp.o(i.CRYP_DataIn) for CRYP_DataIn
    stm32f4xx_cryp_aes.o(i.CRYP_AES_CBC) refers to stm32f4xx_cryp.o(i.CRYP_DataOut) for CRYP_DataOut
    stm32f4xx_cryp_aes.o(i.CRYP_AES_CCM) refers to stm32f4xx_cryp.o(i.CRYP_KeyStructInit) for CRYP_KeyStructInit
    stm32f4xx_cryp_aes.o(i.CRYP_AES_CCM) refers to stm32f4xx_cryp.o(i.CRYP_FIFOFlush) for CRYP_FIFOFlush
    stm32f4xx_cryp_aes.o(i.CRYP_AES_CCM) refers to stm32f4xx_cryp.o(i.CRYP_KeyInit) for CRYP_KeyInit
    stm32f4xx_cryp_aes.o(i.CRYP_AES_CCM) refers to stm32f4xx_cryp.o(i.CRYP_IVInit) for CRYP_IVInit
    stm32f4xx_cryp_aes.o(i.CRYP_AES_CCM) refers to stm32f4xx_cryp.o(i.CRYP_Init) for CRYP_Init
    stm32f4xx_cryp_aes.o(i.CRYP_AES_CCM) refers to stm32f4xx_cryp.o(i.CRYP_PhaseConfig) for CRYP_PhaseConfig
    stm32f4xx_cryp_aes.o(i.CRYP_AES_CCM) refers to stm32f4xx_cryp.o(i.CRYP_DataIn) for CRYP_DataIn
    stm32f4xx_cryp_aes.o(i.CRYP_AES_CCM) refers to stm32f4xx_cryp.o(i.CRYP_Cmd) for CRYP_Cmd
    stm32f4xx_cryp_aes.o(i.CRYP_AES_CCM) refers to stm32f4xx_cryp.o(i.CRYP_GetCmdStatus) for CRYP_GetCmdStatus
    stm32f4xx_cryp_aes.o(i.CRYP_AES_CCM) refers to stm32f4xx_cryp.o(i.CRYP_GetFlagStatus) for CRYP_GetFlagStatus
    stm32f4xx_cryp_aes.o(i.CRYP_AES_CCM) refers to stm32f4xx_cryp.o(i.CRYP_DataOut) for CRYP_DataOut
    stm32f4xx_cryp_aes.o(i.CRYP_AES_CTR) refers to stm32f4xx_cryp.o(i.CRYP_KeyStructInit) for CRYP_KeyStructInit
    stm32f4xx_cryp_aes.o(i.CRYP_AES_CTR) refers to stm32f4xx_cryp.o(i.CRYP_KeyInit) for CRYP_KeyInit
    stm32f4xx_cryp_aes.o(i.CRYP_AES_CTR) refers to stm32f4xx_cryp.o(i.CRYP_Init) for CRYP_Init
    stm32f4xx_cryp_aes.o(i.CRYP_AES_CTR) refers to stm32f4xx_cryp.o(i.CRYP_IVInit) for CRYP_IVInit
    stm32f4xx_cryp_aes.o(i.CRYP_AES_CTR) refers to stm32f4xx_cryp.o(i.CRYP_FIFOFlush) for CRYP_FIFOFlush
    stm32f4xx_cryp_aes.o(i.CRYP_AES_CTR) refers to stm32f4xx_cryp.o(i.CRYP_Cmd) for CRYP_Cmd
    stm32f4xx_cryp_aes.o(i.CRYP_AES_CTR) refers to stm32f4xx_cryp.o(i.CRYP_GetCmdStatus) for CRYP_GetCmdStatus
    stm32f4xx_cryp_aes.o(i.CRYP_AES_CTR) refers to stm32f4xx_cryp.o(i.CRYP_DataIn) for CRYP_DataIn
    stm32f4xx_cryp_aes.o(i.CRYP_AES_CTR) refers to stm32f4xx_cryp.o(i.CRYP_GetFlagStatus) for CRYP_GetFlagStatus
    stm32f4xx_cryp_aes.o(i.CRYP_AES_CTR) refers to stm32f4xx_cryp.o(i.CRYP_DataOut) for CRYP_DataOut
    stm32f4xx_cryp_aes.o(i.CRYP_AES_ECB) refers to stm32f4xx_cryp.o(i.CRYP_KeyStructInit) for CRYP_KeyStructInit
    stm32f4xx_cryp_aes.o(i.CRYP_AES_ECB) refers to stm32f4xx_cryp.o(i.CRYP_FIFOFlush) for CRYP_FIFOFlush
    stm32f4xx_cryp_aes.o(i.CRYP_AES_ECB) refers to stm32f4xx_cryp.o(i.CRYP_Init) for CRYP_Init
    stm32f4xx_cryp_aes.o(i.CRYP_AES_ECB) refers to stm32f4xx_cryp.o(i.CRYP_KeyInit) for CRYP_KeyInit
    stm32f4xx_cryp_aes.o(i.CRYP_AES_ECB) refers to stm32f4xx_cryp.o(i.CRYP_Cmd) for CRYP_Cmd
    stm32f4xx_cryp_aes.o(i.CRYP_AES_ECB) refers to stm32f4xx_cryp.o(i.CRYP_GetFlagStatus) for CRYP_GetFlagStatus
[...]
    Removing stm32f4xx_usart.o(i.USART_SetAddress), (18 bytes).
    Removing stm32f4xx_usart.o(i.USART_SetGuardTime), (16 bytes).
    Removing stm32f4xx_usart.o(i.USART_SetPrescaler), (16 bytes).
    Removing stm32f4xx_usart.o(i.USART_SmartCardCmd), (24 bytes).
    Removing stm32f4xx_usart.o(i.USART_SmartCardNACKCmd), (24 bytes).
    Removing stm32f4xx_usart.o(i.USART_StructInit), (24 bytes).
    Removing stm32f4xx_usart.o(i.USART_WakeUpConfig), (18 bytes).
    Removing stm32f4xx_wwdg.o(.rev16_text), (4 bytes).
    Removing stm32f4xx_wwdg.o(.revsh_text), (4 bytes).
    Removing stm32f4xx_wwdg.o(.rrx_text), (6 bytes).
    Removing stm32f4xx_wwdg.o(i.WWDG_ClearFlag), (12 bytes).
    Removing stm32f4xx_wwdg.o(i.WWDG_DeInit), (22 bytes).
    Removing stm32f4xx_wwdg.o(i.WWDG_Enable), (16 bytes).
    Removing stm32f4xx_wwdg.o(i.WWDG_EnableIT), (12 bytes).
    Removing stm32f4xx_wwdg.o(i.WWDG_GetFlagStatus), (20 bytes).
    Removing stm32f4xx_wwdg.o(i.WWDG_SetCounter), (16 bytes).
    Removing stm32f4xx_wwdg.o(i.WWDG_SetPrescaler), (24 bytes).
    Removing stm32f4xx_wwdg.o(i.WWDG_SetWindowValue), (40 bytes).
    Removing main.o(.rev16_text), (4 bytes).
    Removing main.o(.revsh_text), (4 bytes).
    Removing main.o(.rrx_text), (6 bytes).
    Removing usart.o(.rev16_text), (4 bytes).
    Removing usart.o(.revsh_text), (4 bytes).
    Removing usart.o(.rrx_text), (6 bytes).
    Removing stm32_iic_1.o(.rev16_text), (4 bytes).
    Removing stm32_iic_1.o(.revsh_text), (4 bytes).
    Removing stm32_iic_1.o(.rrx_text), (6 bytes).
    Removing stm32_iic_1.o(i.i2cGetErrorCounter), (4 bytes).
    Removing systick.o(.rev16_text), (4 bytes).
    Removing systick.o(.revsh_text), (4 bytes).
    Removing systick.o(.rrx_text), (6 bytes).
    Removing systick.o(i.delay_us), (58 bytes).
    Removing inv_mpu.o(.rev16_text), (4 bytes).
    Removing inv_mpu.o(.revsh_text), (4 bytes).
    Removing inv_mpu.o(.rrx_text), (6 bytes).
    Removing inv_mpu.o(i.mpu_get_accel_reg), (116 bytes).
    Removing inv_mpu.o(i.mpu_get_compass_fsr), (20 bytes).
    Removing inv_mpu.o(i.mpu_get_compass_reg), (208 bytes).
    Removing inv_mpu.o(i.mpu_get_compass_sample_rate), (16 bytes).
    Removing inv_mpu.o(i.mpu_get_dmp_state), (20 bytes).
    Removing inv_mpu.o(i.mpu_get_gyro_reg), (116 bytes).
    Removing inv_mpu.o(i.mpu_get_int_status), (68 bytes).
    Removing inv_mpu.o(i.mpu_get_power_state), (28 bytes).
    Removing inv_mpu.o(i.mpu_get_temperature), (156 bytes).
    Removing inv_mpu.o(i.mpu_lp_motion_interrupt), (612 bytes).
    Removing inv_mpu.o(i.mpu_read_fifo), (504 bytes).
    Removing inv_mpu.o(i.mpu_read_reg), (72 bytes).
    Removing inv_mpu.o(i.mpu_reg_dump), (76 bytes).
    Removing inv_mpu.o(i.mpu_set_accel_bias), (384 bytes).
    Removing inv_mpu.o(i.mpu_set_int_level), (16 bytes).
    Removing inv_mpu_dmp_motion_driver.o(.rev16_text), (4 bytes).
    Removing inv_mpu_dmp_motion_driver.o(.revsh_text), (4 bytes).
    Removing inv_mpu_dmp_motion_driver.o(.rrx_text), (6 bytes).
    Removing inv_mpu_dmp_motion_driver.o(i.dmp_get_enabled_features), (16 bytes).
    Removing inv_mpu_dmp_motion_driver.o(i.dmp_get_fifo_rate), (16 bytes).
    Removing inv_mpu_dmp_motion_driver.o(i.dmp_get_pedometer_step_count), (66 bytes).
    Removing inv_mpu_dmp_motion_driver.o(i.dmp_get_pedometer_walk_time), (72 bytes).
    Removing inv_mpu_dmp_motion_driver.o(i.dmp_register_android_orient_cb), (16 bytes).
    Removing inv_mpu_dmp_motion_driver.o(i.dmp_register_tap_cb), (16 bytes).
    Removing inv_mpu_dmp_motion_driver.o(i.dmp_set_interrupt_mode), (92 bytes).
    Removing inv_mpu_dmp_motion_driver.o(i.dmp_set_pedometer_step_count), (42 bytes).
    Removing inv_mpu_dmp_motion_driver.o(i.dmp_set_pedometer_walk_time), (48 bytes).
    Removing mpu_user_api.o(.rev16_text), (4 bytes).
    Removing mpu_user_api.o(.revsh_text), (4 bytes).
    Removing mpu_user_api.o(.rrx_text), (6 bytes).
    Removing dneg.o(.text), (6 bytes).
    Removing cdcmple.o(.text), (48 bytes).

873 unused section(s) (total 39070 bytes) removed from the image.

==============================================================================

Image Symbol Table

    Local Symbols

    Symbol Name                              Value     Ov Type        Size  Object(Section)

    ../clib/microlib/division.c              0x00000000   Number         0  uidiv.o ABSOLUTE
    ../clib/microlib/division.c              0x00000000   Number         0  uldiv.o ABSOLUTE
    ../clib/microlib/division.c              0x00000000   Number         0  ldiv.o ABSOLUTE
    ../clib/microlib/errno.c                 0x00000000   Number         0  errno.o ABSOLUTE
    ../clib/microlib/init/entry.s            0x00000000   Number         0  entry7b.o ABSOLUTE
    ../clib/microlib/init/entry.s            0x00000000   Number         0  entry.o ABSOLUTE
    ../clib/microlib/init/entry.s            0x00000000   Number         0  entry10a.o ABSOLUTE
    ../clib/microlib/init/entry.s            0x00000000   Number         0  entry10b.o ABSOLUTE
    ../clib/microlib/init/entry.s            0x00000000   Number         0  entry11b.o ABSOLUTE
    ../clib/microlib/init/entry.s            0x00000000   Number         0  entry7a.o ABSOLUTE
    ../clib/microlib/init/entry.s            0x00000000   Number         0  entry5.o ABSOLUTE
    ../clib/microlib/init/entry.s            0x00000000   Number         0  entry9a.o ABSOLUTE
    ../clib/microlib/init/entry.s            0x00000000   Number         0  entry2.o ABSOLUTE
    ../clib/microlib/init/entry.s            0x00000000   Number         0  entry9b.o ABSOLUTE
    ../clib/microlib/init/entry.s            0x00000000   Number         0  entry11a.o ABSOLUTE
    ../clib/microlib/init/entry.s            0x00000000   Number         0  entry8a.o ABSOLUTE
    ../clib/microlib/init/entry.s            0x00000000   Number         0  entry8b.o ABSOLUTE
    ../clib/microlib/longlong.c              0x00000000   Number         0  llsshr.o ABSOLUTE
    ../clib/microlib/longlong.c              0x00000000   Number         0  llushr.o ABSOLUTE
    ../clib/microlib/longlong.c              0x00000000   Number         0  llshl.o ABSOLUTE
    ../clib/microlib/printf/printf.c         0x00000000   Number         0  printfb.o ABSOLUTE
    ../clib/microlib/printf/printf.c         0x00000000   Number         0  printf0.o ABSOLUTE
    ../clib/microlib/printf/printf.c         0x00000000   Number         0  printf1.o ABSOLUTE
    ../clib/microlib/printf/printf.c         0x00000000   Number         0  printf5.o ABSOLUTE
    ../clib/microlib/printf/printf.c         0x00000000   Number         0  printfa.o ABSOLUTE
    ../clib/microlib/printf/printf.c         0x00000000   Number         0  printf6.o ABSOLUTE
    ../clib/microlib/printf/printf.c         0x00000000   Number         0  printf8.o ABSOLUTE
    ../clib/microlib/printf/printf.c         0x00000000   Number         0  printf7.o ABSOLUTE
    ../clib/microlib/printf/printf.c         0x00000000   Number         0  printf2.o ABSOLUTE
    ../clib/microlib/printf/printf.c         0x00000000   Number         0  printf3.o ABSOLUTE
    ../clib/microlib/printf/printf.c         0x00000000   Number         0  printf4.o ABSOLUTE
    ../clib/microlib/printf/stubs.s          0x00000000   Number         0  stubs.o ABSOLUTE
    ../clib/microlib/stdio/streams.c         0x00000000   Number         0  stdout.o ABSOLUTE
    ../clib/microlib/string/memcmp.c         0x00000000   Number         0  memcmp.o ABSOLUTE
    ../clib/microlib/string/memset.c         0x00000000   Number         0  memseta.o ABSOLUTE
    ../clib/microlib/stubs.s                 0x00000000   Number         0  iusefp.o ABSOLUTE
    ../fplib/microlib/d2f.c                  0x00000000   Number         0  d2f.o ABSOLUTE
    ../fplib/microlib/f2d.c                  0x00000000   Number         0  f2d.o ABSOLUTE
    ../fplib/microlib/fpadd.c                0x00000000   Number         0  dadd.o ABSOLUTE
    ../fplib/microlib/fpdiv.c                0x00000000   Number         0  ddiv.o ABSOLUTE
    ../fplib/microlib/fpepilogue.c           0x00000000   Number         0  fepilogue.o ABSOLUTE
    ../fplib/microlib/fpepilogue.c           0x00000000   Number         0  depilogue.o ABSOLUTE
    ../fplib/microlib/fpfix.c                0x00000000   Number         0  dfixi.o ABSOLUTE
    ../fplib/microlib/fpfix.c                0x00000000   Number         0  dfixul.o ABSOLUTE
    ../fplib/microlib/fpflt.c                0x00000000   Number         0  dflti.o ABSOLUTE
    ../fplib/microlib/fpmul.c                0x00000000   Number         0  dmul.o ABSOLUTE
    ../fplib/microlib/fpneg.c                0x00000000   Number         0  dneg.o ABSOLUTE
    ../fplib/microlib/fpsqrt.c               0x00000000   Number         0  dsqrt.o ABSOLUTE
    ../mathlib/asin.c                        0x00000000   Number         0  asin.o ABSOLUTE
    ../mathlib/asin.c                        0x00000000   Number         0  asin_x.o ABSOLUTE
    ../mathlib/atan.c                        0x00000000   Number         0  atan_x.o ABSOLUTE
    ../mathlib/atan.c                        0x00000000   Number         0  atan.o ABSOLUTE
    ../mathlib/atan2.c                       0x00000000   Number         0  atan2_x.o ABSOLUTE
    ../mathlib/atan2.c                       0x00000000   Number         0  atan2.o ABSOLUTE
    ../mathlib/dunder.c                      0x00000000   Number         0  dunder.o ABSOLUTE
    ../mathlib/fabs.c                        0x00000000   Number         0  fabs.o ABSOLUTE
    ../mathlib/fpclassify.c                  0x00000000   Number         0  fpclassify.o ABSOLUTE
    ../mathlib/poly.c                        0x00000000   Number         0  poly.o ABSOLUTE
    ../mathlib/qnan.c                        0x00000000   Number         0  qnan.o ABSOLUTE
    ../mathlib/sqrt.c                        0x00000000   Number         0  sqrt_x.o ABSOLUTE
    ../mathlib/sqrt.c                        0x00000000   Number         0  sqrt.o ABSOLUTE
    ..\CMSIS\startup_stm32f40xx.s            0x00000000   Number         0  startup_stm32f40xx.o ABSOLUTE
    ..\CMSIS\system_stm32f4xx.c              0x00000000   Number         0  system_stm32f4xx.o ABSOLUTE
    ..\Driver\stm32f4xx_it.c                 0x00000000   Number         0  stm32f4xx_it.o ABSOLUTE
    ..\Library\src\misc.c                    0x00000000   Number         0  misc.o ABSOLUTE
    ..\Library\src\stm32f4xx_adc.c           0x00000000   Number         0  stm32f4xx_adc.o ABSOLUTE
    ..\Library\src\stm32f4xx_can.c           0x00000000   Number         0  stm32f4xx_can.o ABSOLUTE
    ..\Library\src\stm32f4xx_cec.c           0x00000000   Number         0  stm32f4xx_cec.o ABSOLUTE
    ..\Library\src\stm32f4xx_crc.c           0x00000000   Number         0  stm32f4xx_crc.o ABSOLUTE
    ..\Library\src\stm32f4xx_cryp.c          0x00000000   Number         0  stm32f4xx_cryp.o ABSOLUTE
    ..\Library\src\stm32f4xx_cryp_aes.c      0x00000000   Number         0  stm32f4xx_cryp_aes.o ABSOLUTE
    ..\Library\src\stm32f4xx_cryp_des.c      0x00000000   Number         0  stm32f4xx_cryp_des.o ABSOLUTE
    ..\Library\src\stm32f4xx_cryp_tdes.c     0x00000000   Number         0  stm32f4xx_cryp_tdes.o ABSOLUTE
    ..\Library\src\stm32f4xx_dac.c           0x00000000   Number         0  stm32f4xx_dac.o ABSOLUTE
    ..\Library\src\stm32f4xx_dbgmcu.c        0x00000000   Number         0  stm32f4xx_dbgmcu.o ABSOLUTE
    ..\Library\src\stm32f4xx_dcmi.c          0x00000000   Number         0  stm32f4xx_dcmi.o ABSOLUTE
    ..\Library\src\stm32f4xx_dfsdm.c         0x00000000   Number         0  stm32f4xx_dfsdm.o ABSOLUTE
    ..\Library\src\stm32f4xx_dma.c           0x00000000   Number         0  stm32f4xx_dma.o ABSOLUTE
    ..\Library\src\stm32f4xx_dma2d.c         0x00000000   Number         0  stm32f4xx_dma2d.o ABSOLUTE
    ..\Library\src\stm32f4xx_dsi.c           0x00000000   Number         0  stm32f4xx_dsi.o ABSOLUTE
    ..\Library\src\stm32f4xx_exti.c          0x00000000   Number         0  stm32f4xx_exti.o ABSOLUTE
    ..\Library\src\stm32f4xx_flash.c         0x00000000   Number         0  stm32f4xx_flash.o ABSOLUTE
    ..\Library\src\stm32f4xx_flash_ramfunc.c 0x00000000   Number         0  stm32f4xx_flash_ramfunc.o ABSOLUTE
    ..\Library\src\stm32f4xx_fmpi2c.c        0x00000000   Number         0  stm32f4xx_fmpi2c.o ABSOLUTE
    ..\Library\src\stm32f4xx_fsmc.c          0x00000000   Number         0  stm32f4xx_fsmc.o ABSOLUTE
    ..\Library\src\stm32f4xx_gpio.c          0x00000000   Number         0  stm32f4xx_gpio.o ABSOLUTE
    ..\Library\src\stm32f4xx_hash.c          0x00000000   Number         0  stm32f4xx_hash.o ABSOLUTE
    ..\Library\src\stm32f4xx_hash_md5.c      0x00000000   Number         0  stm32f4xx_hash_md5.o ABSOLUTE
    ..\Library\src\stm32f4xx_hash_sha1.c     0x00000000   Number         0  stm32f4xx_hash_sha1.o ABSOLUTE
    ..\Library\src\stm32f4xx_i2c.c           0x00000000   Number         0  stm32f4xx_i2c.o ABSOLUTE
    ..\Library\src\stm32f4xx_iwdg.c          0x00000000   Number         0  stm32f4xx_iwdg.o ABSOLUTE
    ..\Library\src\stm32f4xx_lptim.c         0x00000000   Number         0  stm32f4xx_lptim.o ABSOLUTE
    ..\Library\src\stm32f4xx_ltdc.c          0x00000000   Number         0  stm32f4xx_ltdc.o ABSOLUTE
    ..\Library\src\stm32f4xx_pwr.c           0x00000000   Number         0  stm32f4xx_pwr.o ABSOLUTE
    ..\Library\src\stm32f4xx_qspi.c          0x00000000   Number         0  stm32f4xx_qspi.o ABSOLUTE
    ..\Library\src\stm32f4xx_rcc.c           0x00000000   Number         0  stm32f4xx_rcc.o ABSOLUTE
    ..\Library\src\stm32f4xx_rng.c           0x00000000   Number         0  stm32f4xx_rng.o ABSOLUTE
    ..\Library\src\stm32f4xx_rtc.c           0x00000000   Number         0  stm32f4xx_rtc.o ABSOLUTE
    ..\Library\src\stm32f4xx_sai.c           0x00000000   Number         0  stm32f4xx_sai.o ABSOLUTE
    ..\Library\src\stm32f4xx_sdio.c          0x00000000   Number         0  stm32f4xx_sdio.o ABSOLUTE
    ..\Library\src\stm32f4xx_spdifrx.c       0x00000000   Number         0  stm32f4xx_spdifrx.o ABSOLUTE
    ..\Library\src\stm32f4xx_spi.c           0x00000000   Number         0  stm32f4xx_spi.o ABSOLUTE
    ..\Library\src\stm32f4xx_syscfg.c        0x00000000   Number         0  stm32f4xx_syscfg.o ABSOLUTE
    ..\Library\src\stm32f4xx_tim.c           0x00000000   Number         0  stm32f4xx_tim.o ABSOLUTE
    ..\Library\src\stm32f4xx_usart.c         0x00000000   Number         0  stm32f4xx_usart.o ABSOLUTE
    ..\Library\src\stm32f4xx_wwdg.c          0x00000000   Number         0  stm32f4xx_wwdg.o ABSOLUTE
    ..\User\Systick.c                        0x00000000   Number         0  systick.o ABSOLUTE
    ..\User\main.c                           0x00000000   Number         0  main.o ABSOLUTE
    ..\User\stm32_iic.c                      0x00000000   Number         0  stm32_iic_1.o ABSOLUTE
    ..\User\usart.c                          0x00000000   Number         0  usart.o ABSOLUTE
    ..\\CMSIS\\system_stm32f4xx.c            0x00000000   Number         0  system_stm32f4xx.o ABSOLUTE
    ..\\Library\\src\\misc.c                 0x00000000   Number         0  misc.o ABSOLUTE
    ..\\Library\\src\\stm32f4xx_adc.c        0x00000000   Number         0  stm32f4xx_adc.o ABSOLUTE
    ..\\Library\\src\\stm32f4xx_can.c        0x00000000   Number         0  stm32f4xx_can.o ABSOLUTE
    ..\\Library\\src\\stm32f4xx_cec.c        0x00000000   Number         0  stm32f4xx_cec.o ABSOLUTE
    ..\\Library\\src\\stm32f4xx_crc.c        0x00000000   Number         0  stm32f4xx_crc.o ABSOLUTE
    ..\\Library\\src\\stm32f4xx_cryp.c       0x00000000   Number         0  stm32f4xx_cryp.o ABSOLUTE
    ..\\Library\\src\\stm32f4xx_cryp_aes.c   0x00000000   Number         0  stm32f4xx_cryp_aes.o ABSOLUTE
    ..\\Library\\src\\stm32f4xx_cryp_des.c   0x00000000   Number         0  stm32f4xx_cryp_des.o ABSOLUTE
    ..\\Library\\src\\stm32f4xx_cryp_tdes.c  0x00000000   Number         0  stm32f4xx_cryp_tdes.o ABSOLUTE
    ..\\Library\\src\\stm32f4xx_dac.c        0x00000000   Number         0  stm32f4xx_dac.o ABSOLUTE
    ..\\Library\\src\\stm32f4xx_dbgmcu.c     0x00000000   Number         0  stm32f4xx_dbgmcu.o ABSOLUTE
    ..\\Library\\src\\stm32f4xx_dcmi.c       0x00000000   Number         0  stm32f4xx_dcmi.o ABSOLUTE
    ..\\Library\\src\\stm32f4xx_dfsdm.c      0x00000000   Number         0  stm32f4xx_dfsdm.o ABSOLUTE
    ..\\Library\\src\\stm32f4xx_dma.c        0x00000000   Number         0  stm32f4xx_dma.o ABSOLUTE
    ..\\Library\\src\\stm32f4xx_dma2d.c      0x00000000   Number         0  stm32f4xx_dma2d.o ABSOLUTE
    ..\\Library\\src\\stm32f4xx_dsi.c        0x00000000   Number         0  stm32f4xx_dsi.o ABSOLUTE
    ..\\Library\\src\\stm32f4xx_exti.c       0x00000000   Number         0  stm32f4xx_exti.o ABSOLUTE
    ..\\Library\\src\\stm32f4xx_flash.c      0x00000000   Number         0  stm32f4xx_flash.o ABSOLUTE
    ..\\Library\\src\\stm32f4xx_flash_ramfunc.c 0x00000000   Number         0  stm32f4xx_flash_ramfunc.o ABSOLUTE
    ..\\Library\\src\\stm32f4xx_fmpi2c.c     0x00000000   Number         0  stm32f4xx_fmpi2c.o ABSOLUTE
    ..\\Library\\src\\stm32f4xx_fsmc.c       0x00000000   Number         0  stm32f4xx_fsmc.o ABSOLUTE
    ..\\Library\\src\\stm32f4xx_gpio.c       0x00000000   Number         0  stm32f4xx_gpio.o ABSOLUTE
    ..\\Library\\src\\stm32f4xx_hash.c       0x00000000   Number         0  stm32f4xx_hash.o ABSOLUTE
    ..\\Library\\src\\stm32f4xx_hash_md5.c   0x00000000   Number         0  stm32f4xx_hash_md5.o ABSOLUTE
    ..\\Library\\src\\stm32f4xx_hash_sha1.c  0x00000000   Number         0  stm32f4xx_hash_sha1.o ABSOLUTE
    ..\\Library\\src\\stm32f4xx_i2c.c        0x00000000   Number         0  stm32f4xx_i2c.o ABSOLUTE
    ..\\Library\\src\\stm32f4xx_iwdg.c       0x00000000   Number         0  stm32f4xx_iwdg.o ABSOLUTE
    ..\\Library\\src\\stm32f4xx_lptim.c      0x00000000   Number         0  stm32f4xx_lptim.o ABSOLUTE
    ..\\Library\\src\\stm32f4xx_ltdc.c       0x00000000   Number         0  stm32f4xx_ltdc.o ABSOLUTE
    ..\\Library\\src\\stm32f4xx_pwr.c        0x00000000   Number         0  stm32f4xx_pwr.o ABSOLUTE
    ..\\Library\\src\\stm32f4xx_qspi.c       0x00000000   Number         0  stm32f4xx_qspi.o ABSOLUTE
    ..\\Library\\src\\stm32f4xx_rcc.c        0x00000000   Number         0  stm32f4xx_rcc.o ABSOLUTE
    ..\\Library\\src\\stm32f4xx_rng.c        0x00000000   Number         0  stm32f4xx_rng.o ABSOLUTE
    ..\\Library\\src\\stm32f4xx_rtc.c        0x00000000   Number         0  stm32f4xx_rtc.o ABSOLUTE
    ..\\Library\\src\\stm32f4xx_sai.c        0x00000000   Number         0  stm32f4xx_sai.o ABSOLUTE
    ..\\Library\\src\\stm32f4xx_sdio.c       0x00000000   Number         0  stm32f4xx_sdio.o ABSOLUTE
    ..\\Library\\src\\stm32f4xx_spdifrx.c    0x00000000   Number         0  stm32f4xx_spdifrx.o ABSOLUTE
    ..\\Library\\src\\stm32f4xx_spi.c        0x00000000   Number         0  stm32f4xx_spi.o ABSOLUTE
    ..\\Library\\src\\stm32f4xx_syscfg.c     0x00000000   Number         0  stm32f4xx_syscfg.o ABSOLUTE
    ..\\Library\\src\\stm32f4xx_tim.c        0x00000000   Number         0  stm32f4xx_tim.o ABSOLUTE
    ..\\Library\\src\\stm32f4xx_usart.c      0x00000000   Number         0  stm32f4xx_usart.o ABSOLUTE
    ..\\Library\\src\\stm32f4xx_wwdg.c       0x00000000   Number         0  stm32f4xx_wwdg.o ABSOLUTE
    ..\\User\\Systick.c                      0x00000000   Number         0  systick.o ABSOLUTE
    ..\\User\\main.c                         0x00000000   Number         0  main.o ABSOLUTE
    ..\\User\\stm32_iic.c                    0x00000000   Number         0  stm32_iic_1.o ABSOLUTE
    ..\\User\\usart.c                        0x00000000   Number         0  usart.o ABSOLUTE
    ..\\eMPL\\inv_mpu.c                      0x00000000   Number         0  inv_mpu.o ABSOLUTE
    ..\\eMPL\\inv_mpu_dmp_motion_driver.c    0x00000000   Number         0  inv_mpu_dmp_motion_driver.o ABSOLUTE
    ..\\eMPL\\mpu_user_api.c                 0x00000000   Number         0  mpu_user_api.o ABSOLUTE
    ..\eMPL\inv_mpu.c                        0x00000000   Number         0  inv_mpu.o ABSOLUTE
    ..\eMPL\inv_mpu_dmp_motion_driver.c      0x00000000   Number         0  inv_mpu_dmp_motion_driver.o ABSOLUTE
    ..\eMPL\mpu_user_api.c                   0x00000000   Number         0  mpu_user_api.o ABSOLUTE
    cdcmple.s                                0x00000000   Number         0  cdcmple.o ABSOLUTE
    cdrcmple.s                               0x00000000   Number         0  cdrcmple.o ABSOLUTE
    dc.s                                     0x00000000   Number         0  dc.o ABSOLUTE
    handlers.s                               0x00000000   Number         0  handlers.o ABSOLUTE
    init.s                                   0x00000000   Number         0  init.o ABSOLUTE
    RESET                                    0x08000000   Section      392  startup_stm32f40xx.o(RESET)
    .ARM.Collect$$$$00000000                 0x08000188   Section        0  entry.o(.ARM.Collect$$$$00000000)
    .ARM.Collect$$$$00000001                 0x08000188   Section        4  entry2.o(.ARM.Collect$$$$00000001)
    .ARM.Collect$$$$00000004                 0x0800018c   Section        4  entry5.o(.ARM.Collect$$$$00000004)
    .ARM.Collect$$$$00000008                 0x08000190   Section        0  entry7b.o(.ARM.Collect$$$$00000008)
    .ARM.Collect$$$$0000000A                 0x08000190   Section        0  entry8b.o(.ARM.Collect$$$$0000000A)
    .ARM.Collect$$$$0000000B                 0x08000190   Section        8  entry9a.o(.ARM.Collect$$$$0000000B)
    .ARM.Collect$$$$0000000D                 0x08000198   Section        0  entry10a.o(.ARM.Collect$$$$0000000D)
    .ARM.Collect$$$$0000000F                 0x08000198   Section        0  entry11a.o(.ARM.Collect$$$$0000000F)
    .ARM.Collect$$$$00002712                 0x08000198   Section        4  entry2.o(.ARM.Collect$$$$00002712)
    __lit__00000000                          0x08000198   Data           4  entry2.o(.ARM.Collect$$$$00002712)
    .text                                    0x0800019c   Section       36  startup_stm32f40xx.o(.text)
    $v0                                      0x0800019c   Number         0  startup_stm32f40xx.o(.text)
    .text                                    0x080001c0   Section        0  ldiv.o(.text)
    .text                                    0x08000222   Section        0  memseta.o(.text)
    .text                                    0x08000246   Section        0  memcmp.o(.text)
    .text                                    0x08000260   Section        0  dadd.o(.text)
    .text                                    0x080003ae   Section        0  dmul.o(.text)
    .text                                    0x08000492   Section        0  dflti.o(.text)
    .text                                    0x080004b4   Section        0  dfixi.o(.text)
    .text                                    0x080004f2   Section        0  f2d.o(.text)
    .text                                    0x08000518   Section        0  d2f.o(.text)
    .text                                    0x08000550   Section        0  uidiv.o(.text)
    .text                                    0x0800057c   Section        0  uldiv.o(.text)
    .text                                    0x080005de   Section        0  llshl.o(.text)
    .text                                    0x080005fc   Section        0  llushr.o(.text)
    .text                                    0x0800061c   Section        0  llsshr.o(.text)
    .text                                    0x08000640   Section        0  iusefp.o(.text)
    .text                                    0x08000640   Section        0  fepilogue.o(.text)
    .text                                    0x080006ae   Section        0  depilogue.o(.text)
    .text                                    0x08000768   Section        0  ddiv.o(.text)
    .text                                    0x08000846   Section        0  dfixul.o(.text)
    .text                                    0x08000878   Section       48  cdrcmple.o(.text)
    .text                                    0x080008a8   Section       36  init.o(.text)
    .text                                    0x080008cc   Section        0  dsqrt.o(.text)
    i.Delayms                                0x0800096e   Section        0  mpu_user_api.o(i.Delayms)
    i.GPIO_Init                              0x0800098e   Section        0  stm32f4xx_gpio.o(i.GPIO_Init)
    i.GPIO_PinAFConfig                       0x08000a1e   Section        0  stm32f4xx_gpio.o(i.GPIO_PinAFConfig)
    i.I2C_Ack                                0x08000a64   Section        0  stm32_iic_1.o(i.I2C_Ack)
    I2C_Ack                                  0x08000a65   Thumb Code    72  stm32_iic_1.o(i.I2C_Ack)
    i.I2C_NoAck                              0x08000ab0   Section        0  stm32_iic_1.o(i.I2C_NoAck)
    I2C_NoAck                                0x08000ab1   Thumb Code    76  stm32_iic_1.o(i.I2C_NoAck)
    i.I2C_ReceiveByte                        0x08000b00   Section        0  stm32_iic_1.o(i.I2C_ReceiveByte)
    I2C_ReceiveByte                          0x08000b01   Thumb Code   106  stm32_iic_1.o(i.I2C_ReceiveByte)
    i.I2C_SendByte                           0x08000b70   Section        0  stm32_iic_1.o(i.I2C_SendByte)
    I2C_SendByte                             0x08000b71   Thumb Code   112  stm32_iic_1.o(i.I2C_SendByte)
    i.I2C_Start                              0x08000be4   Section        0  stm32_iic_1.o(i.I2C_Start)
    I2C_Start                                0x08000be5   Thumb Code   104  stm32_iic_1.o(i.I2C_Start)
    i.I2C_Stop                               0x08000c50   Section        0  stm32_iic_1.o(i.I2C_Stop)
    I2C_Stop                                 0x08000c51   Thumb Code    76  stm32_iic_1.o(i.I2C_Stop)
    i.I2C_WaitAck                            0x08000ca0   Section        0  stm32_iic_1.o(i.I2C_WaitAck)
    I2C_WaitAck                              0x08000ca1   Thumb Code   102  stm32_iic_1.o(i.I2C_WaitAck)
    i.I2C_delay                              0x08000d0c   Section        0  stm32_iic_1.o(i.I2C_delay)
    I2C_delay                                0x08000d0d   Thumb Code    22  stm32_iic_1.o(i.I2C_delay)
    i.Mpu_Init                               0x08000d24   Section        0  mpu_user_api.o(i.Mpu_Init)
    i.NVIC_Init                              0x08000d84   Section        0  misc.o(i.NVIC_Init)
    i.NVIC_PriorityGroupConfig               0x08000dfc   Section        0  misc.o(i.NVIC_PriorityGroupConfig)
    i.RCC_AHB1PeriphClockCmd                 0x08000e10   Section        0  stm32f4xx_rcc.o(i.RCC_AHB1PeriphClockCmd)
    i.RCC_APB2PeriphClockCmd                 0x08000e30   Section        0  stm32f4xx_rcc.o(i.RCC_APB2PeriphClockCmd)
    i.RCC_GetClocksFreq                      0x08000e50   Section        0  stm32f4xx_rcc.o(i.RCC_GetClocksFreq)
    i.SetSysClock                            0x08000f38   Section        0  system_stm32f4xx.o(i.SetSysClock)
    SetSysClock                              0x08000f39   Thumb Code   220  system_stm32f4xx.o(i.SetSysClock)
    i.SystemInit                             0x08001024   Section        0  system_stm32f4xx.o(i.SystemInit)
    i.USART1_Config                          0x0800108c   Section        0  usart.o(i.USART1_Config)
    i.USART1_GPIO_Config                     0x08001104   Section        0  usart.o(i.USART1_GPIO_Config)
    i.USART_Cmd                              0x08001140   Section        0  stm32f4xx_usart.o(i.USART_Cmd)
    i.USART_GetFlagStatus                    0x08001158   Section        0  stm32f4xx_usart.o(i.USART_GetFlagStatus)
    i.USART_ITConfig                         0x08001172   Section        0  stm32f4xx_usart.o(i.USART_ITConfig)
    i.USART_Init                             0x080011bc   Section        0  stm32f4xx_usart.o(i.USART_Init)
    i.USART_SendData                         0x08001290   Section        0  stm32f4xx_usart.o(i.USART_SendData)
    i.Update_Magnetometer                    0x08001298   Section        0  mpu_user_api.o(i.Update_Magnetometer)
    i.Update_attitude_Angle                  0x080013c8   Section        0  mpu_user_api.o(i.Update_attitude_Angle)
    i.__0printf                              0x080016c0   Section        0  printfa.o(i.__0printf)
    i.__ARM_fpclassify                       0x080016e0   Section        0  fpclassify.o(i.__ARM_fpclassify)
    i.__hardfp_asin                          0x08001710   Section        0  asin.o(i.__hardfp_asin)
    i.__hardfp_atan                          0x08001a70   Section        0  atan.o(i.__hardfp_atan)
    i.__hardfp_atan2                         0x08001d48   Section        0  atan2.o(i.__hardfp_atan2)
    i.__kernel_poly                          0x08001f38   Section        0  poly.o(i.__kernel_poly)
    i.__mathlib_dbl_infnan                   0x08002030   Section        0  dunder.o(i.__mathlib_dbl_infnan)
    i.__mathlib_dbl_infnan2                  0x08002044   Section        0  dunder.o(i.__mathlib_dbl_infnan2)
    i.__mathlib_dbl_invalid                  0x08002058   Section        0  dunder.o(i.__mathlib_dbl_invalid)
    i.__mathlib_dbl_underflow                0x08002078   Section        0  dunder.o(i.__mathlib_dbl_underflow)
    i.__scatterload_copy                     0x08002098   Section       14  handlers.o(i.__scatterload_copy)
    i.__scatterload_null                     0x080020a6   Section        2  handlers.o(i.__scatterload_null)
    i.__scatterload_zeroinit                 0x080020a8   Section       14  handlers.o(i.__scatterload_zeroinit)
    i.__set_errno                            0x080020b8   Section        0  errno.o(i.__set_errno)
    i._fp_digits                             0x080020c4   Section        0  printfa.o(i._fp_digits)
    _fp_digits                               0x080020c5   Thumb Code   334  printfa.o(i._fp_digits)
    i._printf_core                           0x08002228   Section        0  printfa.o(i._printf_core)
    _printf_core                             0x08002229   Thumb Code  1744  printfa.o(i._printf_core)
    i._printf_post_padding                   0x08002904   Section        0  printfa.o(i._printf_post_padding)
    _printf_post_padding                     0x08002905   Thumb Code    36  printfa.o(i._printf_post_padding)
    i._printf_pre_padding                    0x08002928   Section        0  printfa.o(i._printf_pre_padding)
    _printf_pre_padding                      0x08002929   Thumb Code    46  printfa.o(i._printf_pre_padding)
    i.atan                                   0x08002956   Section        0  atan.o(i.atan)
    i.decode_gesture                         0x08002968   Section        0  inv_mpu_dmp_motion_driver.o(i.decode_gesture)
    decode_gesture                           0x08002969   Thumb Code    94  inv_mpu_dmp_motion_driver.o(i.decode_gesture)
    i.delay_ms                               0x080029cc   Section        0  systick.o(i.delay_ms)
    i.dmp_enable_6x_lp_quat                  0x08002a0c   Section        0  inv_mpu_dmp_motion_driver.o(i.dmp_enable_6x_lp_quat)
    i.dmp_enable_feature                     0x08002a48   Section        0  inv_mpu_dmp_motion_driver.o(i.dmp_enable_feature)
    i.dmp_enable_gyro_cal                    0x08002c64   Section        0  inv_mpu_dmp_motion_driver.o(i.dmp_enable_gyro_cal)
    i.dmp_enable_lp_quat                     0x08002cbc   Section        0  inv_mpu_dmp_motion_driver.o(i.dmp_enable_lp_quat)
    i.dmp_load_motion_driver_firmware        0x08002cf8   Section        0  inv_mpu_dmp_motion_driver.o(i.dmp_load_motion_driver_firmware)
    i.dmp_read_fifo                          0x08002d10   Section        0  inv_mpu_dmp_motion_driver.o(i.dmp_read_fifo)
    i.dmp_set_accel_bias                     0x08002edc   Section        0  inv_mpu_dmp_motion_driver.o(i.dmp_set_accel_bias)
    i.dmp_set_fifo_rate                      0x0800300c   Section        0  inv_mpu_dmp_motion_driver.o(i.dmp_set_fifo_rate)
    i.dmp_set_gyro_bias                      0x0800307c   Section        0  inv_mpu_dmp_motion_driver.o(i.dmp_set_gyro_bias)
    i.dmp_set_orientation                    0x080031ac   Section        0  inv_mpu_dmp_motion_driver.o(i.dmp_set_orientation)
    i.dmp_set_shake_reject_thresh            0x080032e4   Section        0  inv_mpu_dmp_motion_driver.o(i.dmp_set_shake_reject_thresh)
    i.dmp_set_shake_reject_time              0x0800331c   Section        0  inv_mpu_dmp_motion_driver.o(i.dmp_set_shake_reject_time)
    i.dmp_set_shake_reject_timeout           0x08003342   Section        0  inv_mpu_dmp_motion_driver.o(i.dmp_set_shake_reject_timeout)
    i.dmp_set_tap_axes                       0x08003368   Section        0  inv_mpu_dmp_motion_driver.o(i.dmp_set_tap_axes)
    i.dmp_set_tap_count                      0x080033ae   Section        0  inv_mpu_dmp_motion_driver.o(i.dmp_set_tap_count)
    i.dmp_set_tap_thresh                     0x080033d4   Section        0  inv_mpu_dmp_motion_driver.o(i.dmp_set_tap_thresh)
    i.dmp_set_tap_time                       0x08003594   Section        0  inv_mpu_dmp_motion_driver.o(i.dmp_set_tap_time)
    i.dmp_set_tap_time_multi                 0x080035ba   Section        0  inv_mpu_dmp_motion_driver.o(i.dmp_set_tap_time_multi)
    i.fabs                                   0x080035e0   Section        0  fabs.o(i.fabs)
    i.fputc                                  0x080035f8   Section        0  usart.o(i.fputc)
    i.get_ms                                 0x0800361c   Section        0  inv_mpu.o(i.get_ms)
    i.get_st_biases                          0x08003620   Section        0  inv_mpu.o(i.get_st_biases)
    get_st_biases                            0x08003621   Thumb Code  1132  inv_mpu.o(i.get_st_biases)
    i.i2cInit                                0x08003a90   Section        0  stm32_iic_1.o(i.i2cInit)
    i.i2cRead                                0x08003abc   Section        0  stm32_iic_1.o(i.i2cRead)
    i.i2cWrite                               0x08003b34   Section        0  stm32_iic_1.o(i.i2cWrite)
    i.i2cWriteBuffer                         0x08003b7c   Section        0  stm32_iic_1.o(i.i2cWriteBuffer)
    i.i2cread                                0x08003be0   Section        0  stm32_iic_1.o(i.i2cread)
    i.i2cwrite                               0x08003c06   Section        0  stm32_iic_1.o(i.i2cwrite)
    i.inv_orientation_matrix_to_scalar       0x08003c2c   Section        0  mpu_user_api.o(i.inv_orientation_matrix_to_scalar)
    inv_orientation_matrix_to_scalar         0x08003c2d   Thumb Code    40  mpu_user_api.o(i.inv_orientation_matrix_to_scalar)
    i.inv_row_2_scale                        0x08003c54   Section        0  mpu_user_api.o(i.inv_row_2_scale)
    inv_row_2_scale                          0x08003c55   Thumb Code    78  mpu_user_api.o(i.inv_row_2_scale)
    i.main                                   0x08003ca4   Section        0  main.o(i.main)
    i.mpu_configure_fifo                     0x08003d5c   Section        0  inv_mpu.o(i.mpu_configure_fifo)
    i.mpu_get_accel_fsr                      0x08003dcc   Section        0  inv_mpu.o(i.mpu_get_accel_fsr)
    i.mpu_get_accel_sens                     0x08003e18   Section        0  inv_mpu.o(i.mpu_get_accel_sens)
    i.mpu_get_fifo_config                    0x08003e6c   Section        0  inv_mpu.o(i.mpu_get_fifo_config)
    i.mpu_get_gyro_fsr                       0x08003e7c   Section        0  inv_mpu.o(i.mpu_get_gyro_fsr)
    i.mpu_get_gyro_sens                      0x08003ec0   Section        0  inv_mpu.o(i.mpu_get_gyro_sens)
    i.mpu_get_lpf                            0x08003f20   Section        0  inv_mpu.o(i.mpu_get_lpf)
    i.mpu_get_sample_rate                    0x08003f70   Section        0  inv_mpu.o(i.mpu_get_sample_rate)
    i.mpu_init                               0x08003f90   Section        0  inv_mpu.o(i.mpu_init)
    i.mpu_load_firmware                      0x080040b4   Section        0  inv_mpu.o(i.mpu_load_firmware)
    i.mpu_lp_accel_mode                      0x0800416c   Section        0  inv_mpu.o(i.mpu_lp_accel_mode)
    i.mpu_read_fifo_stream                   0x08004288   Section        0  inv_mpu.o(i.mpu_read_fifo_stream)
    i.mpu_read_mem                           0x08004348   Section        0  inv_mpu.o(i.mpu_read_mem)
    i.mpu_reset_fifo                         0x080043c8   Section        0  inv_mpu.o(i.mpu_reset_fifo)
    i.mpu_run_self_test                      0x08004590   Section        0  inv_mpu.o(i.mpu_run_self_test)
    i.mpu_set_accel_fsr                      0x0800463c   Section        0  inv_mpu.o(i.mpu_set_accel_fsr)
    i.mpu_set_bypass                         0x080046c0   Section        0  inv_mpu.o(i.mpu_set_bypass)
    i.mpu_set_compass_sample_rate            0x0800480c   Section        0  inv_mpu.o(i.mpu_set_compass_sample_rate)
    i.mpu_set_dmp_state                      0x0800486c   Section        0  inv_mpu.o(i.mpu_set_dmp_state)
    i.mpu_set_gyro_fsr                       0x080048fc   Section        0  inv_mpu.o(i.mpu_set_gyro_fsr)
    i.mpu_set_int_latched                    0x08004984   Section        0  inv_mpu.o(i.mpu_set_int_latched)
    i.mpu_set_lpf                            0x080049f0   Section        0  inv_mpu.o(i.mpu_set_lpf)
    i.mpu_set_sample_rate                    0x08004a74   Section        0  inv_mpu.o(i.mpu_set_sample_rate)
    i.mpu_set_sensors                        0x08004b28   Section        0  inv_mpu.o(i.mpu_set_sensors)
    i.mpu_write_mem                          0x08004c90   Section        0  inv_mpu.o(i.mpu_write_mem)
    i.run_self_test                          0x08004d10   Section        0  mpu_user_api.o(i.run_self_test)
    run_self_test                            0x08004d11   Thumb Code   150  mpu_user_api.o(i.run_self_test)
    i.set_int_enable                         0x08004da8   Section        0  inv_mpu.o(i.set_int_enable)
    set_int_enable                           0x08004da9   Thumb Code   138  inv_mpu.o(i.set_int_enable)
    i.setup_compass                          0x08004e38   Section        0  inv_mpu.o(i.setup_compass)
    setup_compass                            0x08004e39   Thumb Code   570  inv_mpu.o(i.setup_compass)
    i.sqrt                                   0x0800508c   Section        0  sqrt.o(i.sqrt)
    .constdata                               0x080050fc   Section       96  inv_mpu.o(.constdata)
    .constdata                               0x0800515c   Section     3062  inv_mpu_dmp_motion_driver.o(.constdata)
    dmp_memory                               0x0800515c   Data        3062  inv_mpu_dmp_motion_driver.o(.constdata)
    .constdata                               0x08005d58   Section       80  asin.o(.constdata)
    pS                                       0x08005d58   Data          48  asin.o(.constdata)
    qS                                       0x08005d88   Data          32  asin.o(.constdata)
    .constdata                               0x08005da8   Section      152  atan.o(.constdata)
    atanhi                                   0x08005da8   Data          32  atan.o(.constdata)
    atanlo                                   0x08005dc8   Data          32  atan.o(.constdata)
    aTodd                                    0x08005de8   Data          40  atan.o(.constdata)
    aTeven                                   0x08005e10   Data          48  atan.o(.constdata)
    .constdata                               0x08005e40   Section        8  qnan.o(.constdata)
    .data                                    0x20000000   Section       16  stm32f4xx_rcc.o(.data)
    APBAHBPrescTable                         0x20000000   Data          16  stm32f4xx_rcc.o(.data)
    .data                                    0x20000010   Section       56  inv_mpu.o(.data)
    st                                       0x20000010   Data          56  inv_mpu.o(.data)
    .data                                    0x20000048   Section       69  mpu_user_api.o(.data)
    gyro_orientation                         0x20000084   Data           9  mpu_user_api.o(.data)
    .data                                    0x20000090   Section        4  stdout.o(.data)
    .data                                    0x20000094   Section        4  errno.o(.data)
    _errno                                   0x20000094   Data           4  errno.o(.data)
    .bss                                     0x20000098   Section       16  inv_mpu_dmp_motion_driver.o(.bss)
    dmp                                      0x20000098   Data          16  inv_mpu_dmp_motion_driver.o(.bss)
    .bss                                     0x200000a8   Section       42  mpu_user_api.o(.bss)
    hal                                      0x200000c4   Data          14  mpu_user_api.o(.bss)
    STACK                                    0x200000d8   Section     1024  startup_stm32f40xx.o(STACK)

    Global Symbols

    Symbol Name                              Value     Ov Type        Size  Object(Section)

    BuildAttributes$$THM_ISAv4$E$P$D$K$B$S$7EM$VFPi3$EXTD16$VFPS$VFMA$PE$A:L22UL41UL21$X:L11$S22US41US21$IEEE1$IW$USESV6$~STKCKD$USESV7$~SHL$OTIME$ROPI$IEEEX$EBA8$MICROLIB$REQ8$PRES8$EABIv2 0x00000000   Number         0  anon$$obj.o ABSOLUTE
    __ARM_use_no_argv                        0x00000000   Number         0  main.o ABSOLUTE
    _printf_a                                0x00000000   Number         0  stubs.o ABSOLUTE
    _printf_c                                0x00000000   Number         0  stubs.o ABSOLUTE
    _printf_charcount                        0x00000000   Number         0  stubs.o ABSOLUTE
    _printf_d                                0x00000000   Number         0  stubs.o ABSOLUTE
    _printf_e                                0x00000000   Number         0  stubs.o ABSOLUTE
    _printf_f                                0x00000000   Number         0  stubs.o ABSOLUTE
    _printf_flags                            0x00000000   Number         0  stubs.o ABSOLUTE
    _printf_fp_dec                           0x00000000   Number         0  stubs.o ABSOLUTE
    _printf_fp_hex                           0x00000000   Number         0  stubs.o ABSOLUTE
    _printf_g                                0x00000000   Number         0  stubs.o ABSOLUTE
    _printf_i                                0x00000000   Number         0  stubs.o ABSOLUTE
    _printf_int_dec                          0x00000000   Number         0  stubs.o ABSOLUTE
    _printf_l                                0x00000000   Number         0  stubs.o ABSOLUTE
    _printf_lc                               0x00000000   Number         0  stubs.o ABSOLUTE
    _printf_ll                               0x00000000   Number         0  stubs.o ABSOLUTE
    _printf_lld                              0x00000000   Number         0  stubs.o ABSOLUTE
    _printf_lli                              0x00000000   Number         0  stubs.o ABSOLUTE
    _printf_llo                              0x00000000   Number         0  stubs.o ABSOLUTE
    _printf_llu                              0x00000000   Number         0  stubs.o ABSOLUTE
    _printf_llx                              0x00000000   Number         0  stubs.o ABSOLUTE
    _printf_longlong_dec                     0x00000000   Number         0  stubs.o ABSOLUTE
    _printf_longlong_hex                     0x00000000   Number         0  stubs.o ABSOLUTE
    _printf_longlong_oct                     0x00000000   Number         0  stubs.o ABSOLUTE
    _printf_ls                               0x00000000   Number         0  stubs.o ABSOLUTE
    _printf_mbtowc                           0x00000000   Number         0  stubs.o ABSOLUTE
    _printf_n                                0x00000000   Number         0  stubs.o ABSOLUTE
    _printf_o                                0x00000000   Number         0  stubs.o ABSOLUTE
    _printf_p                                0x00000000   Number         0  stubs.o ABSOLUTE
    _printf_percent                          0x00000000   Number         0  stubs.o ABSOLUTE
    _printf_pre_padding                      0x00000000   Number         0  stubs.o ABSOLUTE
    _printf_return_value                     0x00000000   Number         0  stubs.o ABSOLUTE
    _printf_s                                0x00000000   Number         0  stubs.o ABSOLUTE
    _printf_sizespec                         0x00000000   Number         0  stubs.o ABSOLUTE
    _printf_str                              0x00000000   Number         0  stubs.o ABSOLUTE
    _printf_truncate_signed                  0x00000000   Number         0  stubs.o ABSOLUTE
    _printf_truncate_unsigned                0x00000000   Number         0  stubs.o ABSOLUTE
    _printf_u                                0x00000000   Number         0  stubs.o ABSOLUTE
    _printf_wc                               0x00000000   Number         0  stubs.o ABSOLUTE
    _printf_wctomb                           0x00000000   Number         0  stubs.o ABSOLUTE
    _printf_widthprec                        0x00000000   Number         0  stubs.o ABSOLUTE
    _printf_x                                0x00000000   Number         0  stubs.o ABSOLUTE
    __cpp_initialize__aeabi_                  - Undefined Weak Reference
    __cxa_finalize                            - Undefined Weak Reference
    __decompress                              - Undefined Weak Reference
    _clock_init                               - Undefined Weak Reference
    _microlib_exit                            - Undefined Weak Reference
    __Vectors_Size                           0x00000188   Number         0  startup_stm32f40xx.o ABSOLUTE
    __Vectors                                0x08000000   Data           4  startup_stm32f40xx.o(RESET)
    __Vectors_End                            0x08000188   Data           0  startup_stm32f40xx.o(RESET)
    __main                                   0x08000189   Thumb Code     0  entry.o(.ARM.Collect$$$$00000000)
    _main_stk                                0x08000189   Thumb Code     0  entry2.o(.ARM.Collect$$$$00000001)
    _main_scatterload                        0x0800018d   Thumb Code     0  entry5.o(.ARM.Collect$$$$00000004)
    __main_after_scatterload                 0x08000191   Thumb Code     0  entry5.o(.ARM.Collect$$$$00000004)
    _main_clock                              0x08000191   Thumb Code     0  entry7b.o(.ARM.Collect$$$$00000008)
    _main_cpp_init                           0x08000191   Thumb Code     0  entry8b.o(.ARM.Collect$$$$0000000A)
    _main_init                               0x08000191   Thumb Code     0  entry9a.o(.ARM.Collect$$$$0000000B)
    __rt_final_cpp                           0x08000199   Thumb Code     0  entry10a.o(.ARM.Collect$$$$0000000D)
    __rt_final_exit                          0x08000199   Thumb Code     0  entry11a.o(.ARM.Collect$$$$0000000F)
    Reset_Handler                            0x0800019d   Thumb Code     8  startup_stm32f40xx.o(.text)
    NMI_Handler                              0x080001a5   Thumb Code     2  startup_stm32f40xx.o(.text)
    HardFault_Handler                        0x080001a7   Thumb Code     2  startup_stm32f40xx.o(.text)
    MemManage_Handler                        0x080001a9   Thumb Code     2  startup_stm32f40xx.o(.text)
    BusFault_Handler                         0x080001ab   Thumb Code     2  startup_stm32f40xx.o(.text)
    UsageFault_Handler                       0x080001ad   Thumb Code     2  startup_stm32f40xx.o(.text)
    SVC_Handler                              0x080001af   Thumb Code     2  startup_stm32f40xx.o(.text)
    DebugMon_Handler                         0x080001b1   Thumb Code     2  startup_stm32f40xx.o(.text)
    PendSV_Handler                           0x080001b3   Thumb Code     2  startup_stm32f40xx.o(.text)
    SysTick_Handler                          0x080001b5   Thumb Code     2  startup_stm32f40xx.o(.text)
    ADC_IRQHandler                           0x080001b7   Thumb Code     0  startup_stm32f40xx.o(.text)
    CAN1_RX0_IRQHandler                      0x080001b7   Thumb Code     0  startup_stm32f40xx.o(.text)
    CAN1_RX1_IRQHandler                      0x080001b7   Thumb Code     0  startup_stm32f40xx.o(.text)
    CAN1_SCE_IRQHandler                      0x080001b7   Thumb Code     0  startup_stm32f40xx.o(.text)
    CAN1_TX_IRQHandler                       0x080001b7   Thumb Code     0  startup_stm32f40xx.o(.text)
    CAN2_RX0_IRQHandler                      0x080001b7   Thumb Code     0  startup_stm32f40xx.o(.text)
    CAN2_RX1_IRQHandler                      0x080001b7   Thumb Code     0  startup_stm32f40xx.o(.text)
    CAN2_SCE_IRQHandler                      0x080001b7   Thumb Code     0  startup_stm32f40xx.o(.text)
    CAN2_TX_IRQHandler                       0x080001b7   Thumb Code     0  startup_stm32f40xx.o(.text)
    CRYP_IRQHandler                          0x080001b7   Thumb Code     0  startup_stm32f40xx.o(.text)
    DCMI_IRQHandler                          0x080001b7   Thumb Code     0  startup_stm32f40xx.o(.text)
    DMA1_Stream0_IRQHandler                  0x080001b7   Thumb Code     0  startup_stm32f40xx.o(.text)
    DMA1_Stream1_IRQHandler                  0x080001b7   Thumb Code     0  startup_stm32f40xx.o(.text)
    DMA1_Stream2_IRQHandler                  0x080001b7   Thumb Code     0  startup_stm32f40xx.o(.text)
    DMA1_Stream3_IRQHandler                  0x080001b7   Thumb Code     0  startup_stm32f40xx.o(.text)
    DMA1_Stream4_IRQHandler                  0x080001b7   Thumb Code     0  startup_stm32f40xx.o(.text)
    DMA1_Stream5_IRQHandler                  0x080001b7   Thumb Code     0  startup_stm32f40xx.o(.text)
    DMA1_Stream6_IRQHandler                  0x080001b7   Thumb Code     0  startup_stm32f40xx.o(.text)
    DMA1_Stream7_IRQHandler                  0x080001b7   Thumb Code     0  startup_stm32f40xx.o(.text)
    DMA2_Stream0_IRQHandler                  0x080001b7   Thumb Code     0  startup_stm32f40xx.o(.text)
    DMA2_Stream1_IRQHandler                  0x080001b7   Thumb Code     0  startup_stm32f40xx.o(.text)
    DMA2_Stream2_IRQHandler                  0x080001b7   Thumb Code     0  startup_stm32f40xx.o(.text)
    DMA2_Stream3_IRQHandler                  0x080001b7   Thumb Code     0  startup_stm32f40xx.o(.text)
    DMA2_Stream4_IRQHandler                  0x080001b7   Thumb Code     0  startup_stm32f40xx.o(.text)
    DMA2_Stream5_IRQHandler                  0x080001b7   Thumb Code     0  startup_stm32f40xx.o(.text)
    DMA2_Stream6_IRQHandler                  0x080001b7   Thumb Code     0  startup_stm32f40xx.o(.text)
    DMA2_Stream7_IRQHandler                  0x080001b7   Thumb Code     0  startup_stm32f40xx.o(.text)
    ETH_IRQHandler                           0x080001b7   Thumb Code     0  startup_stm32f40xx.o(.text)
    ETH_WKUP_IRQHandler                      0x080001b7   Thumb Code     0  startup_stm32f40xx.o(.text)
    EXTI0_IRQHandler                         0x080001b7   Thumb Code     0  startup_stm32f40xx.o(.text)
    EXTI15_10_IRQHandler                     0x080001b7   Thumb Code     0  startup_stm32f40xx.o(.text)
    EXTI1_IRQHandler                         0x080001b7   Thumb Code     0  startup_stm32f40xx.o(.text)
    EXTI2_IRQHandler                         0x080001b7   Thumb Code     0  startup_stm32f40xx.o(.text)
    EXTI3_IRQHandler                         0x080001b7   Thumb Code     0  startup_stm32f40xx.o(.text)
    EXTI4_IRQHandler                         0x080001b7   Thumb Code     0  startup_stm32f40xx.o(.text)
    EXTI9_5_IRQHandler                       0x080001b7   Thumb Code     0  startup_stm32f40xx.o(.text)
    FLASH_IRQHandler                         0x080001b7   Thumb Code     0  startup_stm32f40xx.o(.text)
    FPU_IRQHandler                           0x080001b7   Thumb Code     0  startup_stm32f40xx.o(.text)
    FSMC_IRQHandler                          0x080001b7   Thumb Code     0  startup_stm32f40xx.o(.text)
    HASH_RNG_IRQHandler                      0x080001b7   Thumb Code     0  startup_stm32f40xx.o(.text)
    I2C1_ER_IRQHandler                       0x080001b7   Thumb Code     0  startup_stm32f40xx.o(.text)
    I2C1_EV_IRQHandler                       0x080001b7   Thumb Code     0  startup_stm32f40xx.o(.text)
    I2C2_ER_IRQHandler                       0x080001b7   Thumb Code     0  startup_stm32f40xx.o(.text)
    I2C2_EV_IRQHandler                       0x080001b7   Thumb Code     0  startup_stm32f40xx.o(.text)
    I2C3_ER_IRQHandler                       0x080001b7   Thumb Code     0  startup_stm32f40xx.o(.text)
    I2C3_EV_IRQHandler                       0x080001b7   Thumb Code     0  startup_stm32f40xx.o(.text)
    OTG_FS_IRQHandler                        0x080001b7   Thumb Code     0  startup_stm32f40xx.o(.text)
    OTG_FS_WKUP_IRQHandler                   0x080001b7   Thumb Code     0  startup_stm32f40xx.o(.text)
    OTG_HS_EP1_IN_IRQHandler                 0x080001b7   Thumb Code     0  startup_stm32f40xx.o(.text)
    OTG_HS_EP1_OUT_IRQHandler                0x080001b7   Thumb Code     0  startup_stm32f40xx.o(.text)
    OTG_HS_IRQHandler                        0x080001b7   Thumb Code     0  startup_stm32f40xx.o(.text)
    OTG_HS_WKUP_IRQHandler                   0x080001b7   Thumb Code     0  startup_stm32f40xx.o(.text)
    PVD_IRQHandler                           0x080001b7   Thumb Code     0  startup_stm32f40xx.o(.text)
    RCC_IRQHandler                           0x080001b7   Thumb Code     0  startup_stm32f40xx.o(.text)
    RTC_Alarm_IRQHandler                     0x080001b7   Thumb Code     0  startup_stm32f40xx.o(.text)
    RTC_WKUP_IRQHandler                      0x080001b7   Thumb Code     0  startup_stm32f40xx.o(.text)
    SDIO_IRQHandler                          0x080001b7   Thumb Code     0  startup_stm32f40xx.o(.text)
    SPI1_IRQHandler                          0x080001b7   Thumb Code     0  startup_stm32f40xx.o(.text)
    SPI2_IRQHandler                          0x080001b7   Thumb Code     0  startup_stm32f40xx.o(.text)
    SPI3_IRQHandler                          0x080001b7   Thumb Code     0  startup_stm32f40xx.o(.text)
    TAMP_STAMP_IRQHandler                    0x080001b7   Thumb Code     0  startup_stm32f40xx.o(.text)
    TIM1_BRK_TIM9_IRQHandler                 0x080001b7   Thumb Code     0  startup_stm32f40xx.o(.text)
    TIM1_CC_IRQHandler                       0x080001b7   Thumb Code     0  startup_stm32f40xx.o(.text)
    TIM1_TRG_COM_TIM11_IRQHandler            0x080001b7   Thumb Code     0  startup_stm32f40xx.o(.text)
    TIM1_UP_TIM10_IRQHandler                 0x080001b7   Thumb Code     0  startup_stm32f40xx.o(.text)
    TIM2_IRQHandler                          0x080001b7   Thumb Code     0  startup_stm32f40xx.o(.text)
    TIM3_IRQHandler                          0x080001b7   Thumb Code     0  startup_stm32f40xx.o(.text)
    TIM4_IRQHandler                          0x080001b7   Thumb Code     0  startup_stm32f40xx.o(.text)
    TIM5_IRQHandler                          0x080001b7   Thumb Code     0  startup_stm32f40xx.o(.text)
    TIM6_DAC_IRQHandler                      0x080001b7   Thumb Code     0  startup_stm32f40xx.o(.text)
    TIM7_IRQHandler                          0x080001b7   Thumb Code     0  startup_stm32f40xx.o(.text)
    TIM8_BRK_TIM12_IRQHandler                0x080001b7   Thumb Code     0  startup_stm32f40xx.o(.text)
    TIM8_CC_IRQHandler                       0x080001b7   Thumb Code     0  startup_stm32f40xx.o(.text)
    TIM8_TRG_COM_TIM14_IRQHandler            0x080001b7   Thumb Code     0  startup_stm32f40xx.o(.text)
    TIM8_UP_TIM13_IRQHandler                 0x080001b7   Thumb Code     0  startup_stm32f40xx.o(.text)
    UART4_IRQHandler                         0x080001b7   Thumb Code     0  startup_stm32f40xx.o(.text)
    UART5_IRQHandler                         0x080001b7   Thumb Code     0  startup_stm32f40xx.o(.text)
    USART1_IRQHandler                        0x080001b7   Thumb Code     0  startup_stm32f40xx.o(.text)
    USART2_IRQHandler                        0x080001b7   Thumb Code     0  startup_stm32f40xx.o(.text)
    USART3_IRQHandler                        0x080001b7   Thumb Code     0  startup_stm32f40xx.o(.text)
    USART6_IRQHandler                        0x080001b7   Thumb Code     0  startup_stm32f40xx.o(.text)
    WWDG_IRQHandler                          0x080001b7   Thumb Code     0  startup_stm32f40xx.o(.text)
    __aeabi_ldivmod                          0x080001c1   Thumb Code    98  ldiv.o(.text)
    __aeabi_memset                           0x08000223   Thumb Code    14  memseta.o(.text)
    __aeabi_memset4                          0x08000223   Thumb Code     0  memseta.o(.text)
    __aeabi_memset8                          0x08000223   Thumb Code     0  memseta.o(.text)
    __aeabi_memclr                           0x08000231   Thumb Code     4  memseta.o(.text)
    __aeabi_memclr4                          0x08000231   Thumb Code     0  memseta.o(.text)
    __aeabi_memclr8                          0x08000231   Thumb Code     0  memseta.o(.text)
    _memset$wrapper                          0x08000235   Thumb Code    18  memseta.o(.text)
    memcmp                                   0x08000247   Thumb Code    26  memcmp.o(.text)
    __aeabi_dadd                             0x08000261   Thumb Code   322  dadd.o(.text)
    __aeabi_dsub                             0x080003a3   Thumb Code     6  dadd.o(.text)
    __aeabi_drsub                            0x080003a9   Thumb Code     6  dadd.o(.text)
    __aeabi_dmul                             0x080003af   Thumb Code   228  dmul.o(.text)
    __aeabi_i2d                              0x08000493   Thumb Code    34  dflti.o(.text)
    __aeabi_d2iz                             0x080004b5   Thumb Code    62  dfixi.o(.text)
    __aeabi_f2d                              0x080004f3   Thumb Code    38  f2d.o(.text)
    __aeabi_d2f                              0x08000519   Thumb Code    56  d2f.o(.text)
    __aeabi_uidiv                            0x08000551   Thumb Code     0  uidiv.o(.text)
    __aeabi_uidivmod                         0x08000551   Thumb Code    44  uidiv.o(.text)
    __aeabi_uldivmod                         0x0800057d   Thumb Code    98  uldiv.o(.text)
    __aeabi_llsl                             0x080005df   Thumb Code    30  llshl.o(.text)
    _ll_shift_l                              0x080005df   Thumb Code     0  llshl.o(.text)
    __aeabi_llsr                             0x080005fd   Thumb Code    32  llushr.o(.text)
    _ll_ushift_r                             0x080005fd   Thumb Code     0  llushr.o(.text)
    __aeabi_lasr                             0x0800061d   Thumb Code    36  llsshr.o(.text)
    _ll_sshift_r                             0x0800061d   Thumb Code     0  llsshr.o(.text)
    __I$use$fp                               0x08000641   Thumb Code     0  iusefp.o(.text)
    _float_round                             0x08000641   Thumb Code    18  fepilogue.o(.text)
    _float_epilogue                          0x08000653   Thumb Code    92  fepilogue.o(.text)
    _double_round                            0x080006af   Thumb Code    30  depilogue.o(.text)
    _double_epilogue                         0x080006cd   Thumb Code   156  depilogue.o(.text)
    __aeabi_ddiv                             0x08000769   Thumb Code   222  ddiv.o(.text)
    __aeabi_d2ulz                            0x08000847   Thumb Code    48  dfixul.o(.text)
    __aeabi_cdrcmple                         0x08000879   Thumb Code    48  cdrcmple.o(.text)
    __scatterload                            0x080008a9   Thumb Code    28  init.o(.text)
    __scatterload_rt2                        0x080008a9   Thumb Code     0  init.o(.text)
    _dsqrt                                   0x080008cd   Thumb Code   162  dsqrt.o(.text)
    Delayms                                  0x0800096f   Thumb Code    32  mpu_user_api.o(i.Delayms)
    GPIO_Init                                0x0800098f   Thumb Code   144  stm32f4xx_gpio.o(i.GPIO_Init)
    GPIO_PinAFConfig                         0x08000a1f   Thumb Code    70  stm32f4xx_gpio.o(i.GPIO_PinAFConfig)
    Mpu_Init                                 0x08000d25   Thumb Code    92  mpu_user_api.o(i.Mpu_Init)
    NVIC_Init                                0x08000d85   Thumb Code   106  misc.o(i.NVIC_Init)
    NVIC_PriorityGroupConfig                 0x08000dfd   Thumb Code    10  misc.o(i.NVIC_PriorityGroupConfig)
    RCC_AHB1PeriphClockCmd                   0x08000e11   Thumb Code    26  stm32f4xx_rcc.o(i.RCC_AHB1PeriphClockCmd)
    RCC_APB2PeriphClockCmd                   0x08000e31   Thumb Code    26  stm32f4xx_rcc.o(i.RCC_APB2PeriphClockCmd)
    RCC_GetClocksFreq                        0x08000e51   Thumb Code   214  stm32f4xx_rcc.o(i.RCC_GetClocksFreq)
    SystemInit                               0x08001025   Thumb Code    88  system_stm32f4xx.o(i.SystemInit)
    USART1_Config                            0x0800108d   Thumb Code   116  usart.o(i.USART1_Config)
    USART1_GPIO_Config                       0x08001105   Thumb Code    56  usart.o(i.USART1_GPIO_Config)
    USART_Cmd                                0x08001141   Thumb Code    24  stm32f4xx_usart.o(i.USART_Cmd)
    USART_GetFlagStatus                      0x08001159   Thumb Code    26  stm32f4xx_usart.o(i.USART_GetFlagStatus)
    USART_ITConfig                           0x08001173   Thumb Code    74  stm32f4xx_usart.o(i.USART_ITConfig)
    USART_Init                               0x080011bd   Thumb Code   204  stm32f4xx_usart.o(i.USART_Init)
    USART_SendData                           0x08001291   Thumb Code     8  stm32f4xx_usart.o(i.USART_SendData)
    Update_Magnetometer                      0x08001299   Thumb Code   266  mpu_user_api.o(i.Update_Magnetometer)
    Update_attitude_Angle                    0x080013c9   Thumb Code   672  mpu_user_api.o(i.Update_attitude_Angle)
    __0printf                                0x080016c1   Thumb Code    22  printfa.o(i.__0printf)
    __1printf                                0x080016c1   Thumb Code     0  printfa.o(i.__0printf)
    __2printf                                0x080016c1   Thumb Code     0  printfa.o(i.__0printf)
    __c89printf                              0x080016c1   Thumb Code     0  printfa.o(i.__0printf)
    printf                                   0x080016c1   Thumb Code     0  printfa.o(i.__0printf)
    __ARM_fpclassify                         0x080016e1   Thumb Code    48  fpclassify.o(i.__ARM_fpclassify)
    __hardfp_asin                            0x08001711   Thumb Code   770  asin.o(i.__hardfp_asin)
    __hardfp_atan                            0x08001a71   Thumb Code   622  atan.o(i.__hardfp_atan)
    __hardfp_atan2                           0x08001d49   Thumb Code   432  atan2.o(i.__hardfp_atan2)
    __kernel_poly                            0x08001f39   Thumb Code   248  poly.o(i.__kernel_poly)
    __mathlib_dbl_infnan                     0x08002031   Thumb Code    20  dunder.o(i.__mathlib_dbl_infnan)
    __mathlib_dbl_infnan2                    0x08002045   Thumb Code    20  dunder.o(i.__mathlib_dbl_infnan2)
    __mathlib_dbl_invalid                    0x08002059   Thumb Code    24  dunder.o(i.__mathlib_dbl_invalid)
    __mathlib_dbl_underflow                  0x08002079   Thumb Code    24  dunder.o(i.__mathlib_dbl_underflow)
    __scatterload_copy                       0x08002099   Thumb Code    14  handlers.o(i.__scatterload_copy)
    __scatterload_null                       0x080020a7   Thumb Code     2  handlers.o(i.__scatterload_null)
    __scatterload_zeroinit                   0x080020a9   Thumb Code    14  handlers.o(i.__scatterload_zeroinit)
    __set_errno                              0x080020b9   Thumb Code     6  errno.o(i.__set_errno)
    atan                                     0x08002957   Thumb Code    16  atan.o(i.atan)
    delay_ms                                 0x080029cd   Thumb Code    64  systick.o(i.delay_ms)
    dmp_enable_6x_lp_quat                    0x08002a0d   Thumb Code    60  inv_mpu_dmp_motion_driver.o(i.dmp_enable_6x_lp_quat)
    dmp_enable_feature                       0x08002a49   Thumb Code   530  inv_mpu_dmp_motion_driver.o(i.dmp_enable_feature)
    dmp_enable_gyro_cal                      0x08002c65   Thumb Code    62  inv_mpu_dmp_motion_driver.o(i.dmp_enable_gyro_cal)
    dmp_enable_lp_quat                       0x08002cbd   Thumb Code    60  inv_mpu_dmp_motion_driver.o(i.dmp_enable_lp_quat)
    dmp_load_motion_driver_firmware          0x08002cf9   Thumb Code    20  inv_mpu_dmp_motion_driver.o(i.dmp_load_motion_driver_firmware)
    dmp_read_fifo                            0x08002d11   Thumb Code   456  inv_mpu_dmp_motion_driver.o(i.dmp_read_fifo)
    dmp_set_accel_bias                       0x08002edd   Thumb Code   300  inv_mpu_dmp_motion_driver.o(i.dmp_set_accel_bias)
    dmp_set_fifo_rate                        0x0800300d   Thumb Code    96  inv_mpu_dmp_motion_driver.o(i.dmp_set_fifo_rate)
    dmp_set_gyro_bias                        0x0800307d   Thumb Code   294  inv_mpu_dmp_motion_driver.o(i.dmp_set_gyro_bias)
    dmp_set_orientation                      0x080031ad   Thumb Code   290  inv_mpu_dmp_motion_driver.o(i.dmp_set_orientation)
    dmp_set_shake_reject_thresh              0x080032e5   Thumb Code    56  inv_mpu_dmp_motion_driver.o(i.dmp_set_shake_reject_thresh)
    dmp_set_shake_reject_time                0x0800331d   Thumb Code    38  inv_mpu_dmp_motion_driver.o(i.dmp_set_shake_reject_time)
    dmp_set_shake_reject_timeout             0x08003343   Thumb Code    38  inv_mpu_dmp_motion_driver.o(i.dmp_set_shake_reject_timeout)
    dmp_set_tap_axes                         0x08003369   Thumb Code    70  inv_mpu_dmp_motion_driver.o(i.dmp_set_tap_axes)
    dmp_set_tap_count                        0x080033af   Thumb Code    38  inv_mpu_dmp_motion_driver.o(i.dmp_set_tap_count)
    dmp_set_tap_thresh                       0x080033d5   Thumb Code   412  inv_mpu_dmp_motion_driver.o(i.dmp_set_tap_thresh)
    dmp_set_tap_time                         0x08003595   Thumb Code    38  inv_mpu_dmp_motion_driver.o(i.dmp_set_tap_time)
    dmp_set_tap_time_multi                   0x080035bb   Thumb Code    38  inv_mpu_dmp_motion_driver.o(i.dmp_set_tap_time_multi)
    fabs                                     0x080035e1   Thumb Code    24  fabs.o(i.fabs)
    fputc                                    0x080035f9   Thumb Code    32  usart.o(i.fputc)
    get_ms                                   0x0800361d   Thumb Code     2  inv_mpu.o(i.get_ms)
    i2cInit                                  0x08003a91   Thumb Code    40  stm32_iic_1.o(i.i2cInit)
    i2cRead                                  0x08003abd   Thumb Code   120  stm32_iic_1.o(i.i2cRead)
    i2cWrite                                 0x08003b35   Thumb Code    72  stm32_iic_1.o(i.i2cWrite)
    i2cWriteBuffer                           0x08003b7d   Thumb Code   100  stm32_iic_1.o(i.i2cWriteBuffer)
    i2cread                                  0x08003be1   Thumb Code    38  stm32_iic_1.o(i.i2cread)
    i2cwrite                                 0x08003c07   Thumb Code    38  stm32_iic_1.o(i.i2cwrite)
    main                                     0x08003ca5   Thumb Code   132  main.o(i.main)
    mpu_configure_fifo                       0x08003d5d   Thumb Code   106  inv_mpu.o(i.mpu_configure_fifo)
    mpu_get_accel_fsr                        0x08003dcd   Thumb Code    72  inv_mpu.o(i.mpu_get_accel_fsr)
    mpu_get_accel_sens                       0x08003e19   Thumb Code    78  inv_mpu.o(i.mpu_get_accel_sens)
    mpu_get_fifo_config                      0x08003e6d   Thumb Code    12  inv_mpu.o(i.mpu_get_fifo_config)
    mpu_get_gyro_fsr                         0x08003e7d   Thumb Code    64  inv_mpu.o(i.mpu_get_gyro_fsr)
    mpu_get_gyro_sens                        0x08003ec1   Thumb Code    74  inv_mpu.o(i.mpu_get_gyro_sens)
    mpu_get_lpf                              0x08003f21   Thumb Code    74  inv_mpu.o(i.mpu_get_lpf)
    mpu_get_sample_rate                      0x08003f71   Thumb Code    26  inv_mpu.o(i.mpu_get_sample_rate)
    mpu_init                                 0x08003f91   Thumb Code   286  inv_mpu.o(i.mpu_init)
    mpu_load_firmware                        0x080040b5   Thumb Code   180  inv_mpu.o(i.mpu_load_firmware)
    mpu_lp_accel_mode                        0x0800416d   Thumb Code   280  inv_mpu.o(i.mpu_lp_accel_mode)
    mpu_read_fifo_stream                     0x08004289   Thumb Code   186  inv_mpu.o(i.mpu_read_fifo_stream)
    mpu_read_mem                             0x08004349   Thumb Code   122  inv_mpu.o(i.mpu_read_mem)
    mpu_reset_fifo                           0x080043c9   Thumb Code   450  inv_mpu.o(i.mpu_reset_fifo)
    mpu_run_self_test                        0x08004591   Thumb Code   168  inv_mpu.o(i.mpu_run_self_test)
    mpu_set_accel_fsr                        0x0800463d   Thumb Code   126  inv_mpu.o(i.mpu_set_accel_fsr)
    mpu_set_bypass                           0x080046c1   Thumb Code   328  inv_mpu.o(i.mpu_set_bypass)
    mpu_set_compass_sample_rate              0x0800480d   Thumb Code    92  inv_mpu.o(i.mpu_set_compass_sample_rate)
    mpu_set_dmp_state                        0x0800486d   Thumb Code   138  inv_mpu.o(i.mpu_set_dmp_state)
    mpu_set_gyro_fsr                         0x080048fd   Thumb Code   132  inv_mpu.o(i.mpu_set_gyro_fsr)
    mpu_set_int_latched                      0x08004985   Thumb Code   102  inv_mpu.o(i.mpu_set_int_latched)
    mpu_set_lpf                              0x080049f1   Thumb Code   126  inv_mpu.o(i.mpu_set_lpf)
    mpu_set_sample_rate                      0x08004a75   Thumb Code   174  inv_mpu.o(i.mpu_set_sample_rate)
    mpu_set_sensors                          0x08004b29   Thumb Code   354  inv_mpu.o(i.mpu_set_sensors)
    mpu_write_mem                            0x08004c91   Thumb Code   122  inv_mpu.o(i.mpu_write_mem)
    sqrt                                     0x0800508d   Thumb Code   110  sqrt.o(i.sqrt)
    reg                                      0x080050fc   Data          42  inv_mpu.o(.constdata)
    hw                                       0x08005126   Data          14  inv_mpu.o(.constdata)
    test                                     0x08005134   Data          40  inv_mpu.o(.constdata)
    __mathlib_zero                           0x08005e40   Data           8  qnan.o(.constdata)
    Region$$Table$$Base                      0x08005e48   Number         0  anon$$obj.o(Region$$Table)
    Region$$Table$$Limit                     0x08005e68   Number         0  anon$$obj.o(Region$$Table)
    Direction                                0x20000048   Data           2  mpu_user_api.o(.data)
    Pitch                                    0x2000004c   Data           4  mpu_user_api.o(.data)
    Roll                                     0x20000050   Data           4  mpu_user_api.o(.data)
    Yaw                                      0x20000054   Data           4  mpu_user_api.o(.data)
    T_X                                      0x20000058   Data           2  mpu_user_api.o(.data)
    T_Y                                      0x2000005a   Data           2  mpu_user_api.o(.data)
    T_Z                                      0x2000005c   Data           2  mpu_user_api.o(.data)
    sensor_timestamp                         0x20000060   Data           4  mpu_user_api.o(.data)
    gyro                                     0x20000064   Data           6  mpu_user_api.o(.data)
    accel                                    0x2000006a   Data           6  mpu_user_api.o(.data)
    sensors                                  0x20000070   Data           2  mpu_user_api.o(.data)
    more                                     0x20000072   Data           1  mpu_user_api.o(.data)
    rx_new                                   0x20000073   Data           1  mpu_user_api.o(.data)
    q0                                       0x20000074   Data           4  mpu_user_api.o(.data)
    q1                                       0x20000078   Data           4  mpu_user_api.o(.data)
    q2                                       0x2000007c   Data           4  mpu_user_api.o(.data)
    q3                                       0x20000080   Data           4  mpu_user_api.o(.data)
    __stdout                                 0x20000090   Data           4  stdout.o(.data)
    BUF                                      0x200000a8   Data          10  mpu_user_api.o(.bss)
    quat                                     0x200000b4   Data          16  mpu_user_api.o(.bss)
    __initial_sp                             0x200004d8   Data           0  startup_stm32f40xx.o(STACK)



==============================================================================

Memory Map of the image

  Image Entry point : 0x08000189

  Load Region LR_IROM1 (Base: 0x08000000, Size: 0x00005f00, Max: 0x00100000, ABSOLUTE)

    Execution Region ER_IROM1 (Base: 0x08000000, Size: 0x00005e68, Max: 0x00100000, ABSOLUTE)

    Base Addr    Size         Type   Attr      Idx    E Section Name        Object

    0x08000000   0x00000188   Data   RO            3    RESET               startup_stm32f40xx.o
    0x08000188   0x00000000   Code   RO         5957  * .ARM.Collect$$$$00000000  mc_w.l(entry.o)
    0x08000188   0x00000004   Code   RO         6290    .ARM.Collect$$$$00000001  mc_w.l(entry2.o)
    0x0800018c   0x00000004   Code   RO         6293    .ARM.Collect$$$$00000004  mc_w.l(entry5.o)
    0x08000190   0x00000000   Code   RO         6295    .ARM.Collect$$$$00000008  mc_w.l(entry7b.o)
    0x08000190   0x00000000   Code   RO         6297    .ARM.Collect$$$$0000000A  mc_w.l(entry8b.o)
    0x08000190   0x00000008   Code   RO         6298    .ARM.Collect$$$$0000000B  mc_w.l(entry9a.o)
    0x08000198   0x00000000   Code   RO         6300    .ARM.Collect$$$$0000000D  mc_w.l(entry10a.o)
    0x08000198   0x00000000   Code   RO         6302    .ARM.Collect$$$$0000000F  mc_w.l(entry11a.o)
    0x08000198   0x00000004   Code   RO         6291    .ARM.Collect$$$$00002712  mc_w.l(entry2.o)
    0x0800019c   0x00000024   Code   RO            4    .text               startup_stm32f40xx.o
    0x080001c0   0x00000062   Code   RO         5960    .text               mc_w.l(ldiv.o)
    0x08000222   0x00000024   Code   RO         5962    .text               mc_w.l(memseta.o)
    0x08000246   0x0000001a   Code   RO         5964    .text               mc_w.l(memcmp.o)
    0x08000260   0x0000014e   Code   RO         6227    .text               mf_w.l(dadd.o)
    0x080003ae   0x000000e4   Code   RO         6229    .text               mf_w.l(dmul.o)
    0x08000492   0x00000022   Code   RO         6231    .text               mf_w.l(dflti.o)
    0x080004b4   0x0000003e   Code   RO         6233    .text               mf_w.l(dfixi.o)
    0x080004f2   0x00000026   Code   RO         6235    .text               mf_w.l(f2d.o)
    0x08000518   0x00000038   Code   RO         6237    .text               mf_w.l(d2f.o)
    0x08000550   0x0000002c   Code   RO         6305    .text               mc_w.l(uidiv.o)
    0x0800057c   0x00000062   Code   RO         6307    .text               mc_w.l(uldiv.o)
    0x080005de   0x0000001e   Code   RO         6309    .text               mc_w.l(llshl.o)
    0x080005fc   0x00000020   Code   RO         6311    .text               mc_w.l(llushr.o)
    0x0800061c   0x00000024   Code   RO         6313    .text               mc_w.l(llsshr.o)
    0x08000640   0x00000000   Code   RO         6322    .text               mc_w.l(iusefp.o)
    0x08000640   0x0000006e   Code   RO         6323    .text               mf_w.l(fepilogue.o)
    0x080006ae   0x000000ba   Code   RO         6325    .text               mf_w.l(depilogue.o)
    0x08000768   0x000000de   Code   RO         6327    .text               mf_w.l(ddiv.o)
    0x08000846   0x00000030   Code   RO         6331    .text               mf_w.l(dfixul.o)
    0x08000876   0x00000002   PAD
    0x08000878   0x00000030   Code   RO         6333    .text               mf_w.l(cdrcmple.o)
    0x080008a8   0x00000024   Code   RO         6335    .text               mc_w.l(init.o)
    0x080008cc   0x000000a2   Code   RO         6337    .text               mf_w.l(dsqrt.o)
    0x0800096e   0x00000020   Code   RO         5870    i.Delayms           mpu_user_api.o
    0x0800098e   0x00000090   Code   RO         2037    i.GPIO_Init         stm32f4xx_gpio.o
    0x08000a1e   0x00000046   Code   RO         2038    i.GPIO_PinAFConfig  stm32f4xx_gpio.o
    0x08000a64   0x0000004c   Code   RO         5254    i.I2C_Ack           stm32_iic_1.o
    0x08000ab0   0x00000050   Code   RO         5255    i.I2C_NoAck         stm32_iic_1.o
    0x08000b00   0x00000070   Code   RO         5256    i.I2C_ReceiveByte   stm32_iic_1.o
    0x08000b70   0x00000074   Code   RO         5257    i.I2C_SendByte      stm32_iic_1.o
    0x08000be4   0x0000006c   Code   RO         5258    i.I2C_Start         stm32_iic_1.o
    0x08000c50   0x00000050   Code   RO         5259    i.I2C_Stop          stm32_iic_1.o
    0x08000ca0   0x0000006c   Code   RO         5260    i.I2C_WaitAck       stm32_iic_1.o
    0x08000d0c   0x00000016   Code   RO         5261    i.I2C_delay         stm32_iic_1.o
    0x08000d22   0x00000002   PAD
    0x08000d24   0x00000060   Code   RO         5871    i.Mpu_Init          mpu_user_api.o
    0x08000d84   0x00000078   Code   RO          158    i.NVIC_Init         misc.o
    0x08000dfc   0x00000014   Code   RO          159    i.NVIC_PriorityGroupConfig  misc.o
    0x08000e10   0x00000020   Code   RO         2963    i.RCC_AHB1PeriphClockCmd  stm32f4xx_rcc.o
    0x08000e30   0x00000020   Code   RO         2975    i.RCC_APB2PeriphClockCmd  stm32f4xx_rcc.o
    0x08000e50   0x000000e8   Code   RO         2984    i.RCC_GetClocksFreq  stm32f4xx_rcc.o
    0x08000f38   0x000000ec   Code   RO           13    i.SetSysClock       system_stm32f4xx.o
    0x08001024   0x00000068   Code   RO           15    i.SystemInit        system_stm32f4xx.o
    0x0800108c   0x00000078   Code   RO         5218    i.USART1_Config     usart.o
    0x08001104   0x0000003c   Code   RO         5219    i.USART1_GPIO_Config  usart.o
    0x08001140   0x00000018   Code   RO         4913    i.USART_Cmd         stm32f4xx_usart.o
    0x08001158   0x0000001a   Code   RO         4916    i.USART_GetFlagStatus  stm32f4xx_usart.o
    0x08001172   0x0000004a   Code   RO         4919    i.USART_ITConfig    stm32f4xx_usart.o
    0x080011bc   0x000000d4   Code   RO         4920    i.USART_Init        stm32f4xx_usart.o
    0x08001290   0x00000008   Code   RO         4930    i.USART_SendData    stm32f4xx_usart.o
    0x08001298   0x00000130   Code   RO         5872    i.Update_Magnetometer  mpu_user_api.o
    0x080013c8   0x000002f8   Code   RO         5873    i.Update_attitude_Angle  mpu_user_api.o
    0x080016c0   0x00000020   Code   RO         6199    i.__0printf         mc_w.l(printfa.o)
    0x080016e0   0x00000030   Code   RO         6273    i.__ARM_fpclassify  m_wm.l(fpclassify.o)
    0x08001710   0x00000360   Code   RO         5931    i.__hardfp_asin     m_wm.l(asin.o)
    0x08001a70   0x000002d8   Code   RO         6239    i.__hardfp_atan     m_wm.l(atan.o)
    0x08001d48   0x000001f0   Code   RO         5945    i.__hardfp_atan2    m_wm.l(atan2.o)
    0x08001f38   0x000000f8   Code   RO         6275    i.__kernel_poly     m_wm.l(poly.o)
    0x08002030   0x00000014   Code   RO         6254    i.__mathlib_dbl_infnan  m_wm.l(dunder.o)
    0x08002044   0x00000014   Code   RO         6255    i.__mathlib_dbl_infnan2  m_wm.l(dunder.o)
    0x08002058   0x00000020   Code   RO         6256    i.__mathlib_dbl_invalid  m_wm.l(dunder.o)
    0x08002078   0x00000020   Code   RO         6259    i.__mathlib_dbl_underflow  m_wm.l(dunder.o)
    0x08002098   0x0000000e   Code   RO         6343    i.__scatterload_copy  mc_w.l(handlers.o)
    0x080020a6   0x00000002   Code   RO         6344    i.__scatterload_null  mc_w.l(handlers.o)
    0x080020a8   0x0000000e   Code   RO         6345    i.__scatterload_zeroinit  mc_w.l(handlers.o)
    0x080020b6   0x00000002   PAD
    0x080020b8   0x0000000c   Code   RO         6317    i.__set_errno       mc_w.l(errno.o)
    0x080020c4   0x00000164   Code   RO         6206    i._fp_digits        mc_w.l(printfa.o)
    0x08002228   0x000006dc   Code   RO         6207    i._printf_core      mc_w.l(printfa.o)
    0x08002904   0x00000024   Code   RO         6208    i._printf_post_padding  mc_w.l(printfa.o)
    0x08002928   0x0000002e   Code   RO         6209    i._printf_pre_padding  mc_w.l(printfa.o)
    0x08002956   0x00000010   Code   RO         6241    i.atan              m_wm.l(atan.o)
    0x08002966   0x00000002   PAD
    0x08002968   0x00000064   Code   RO         5673    i.decode_gesture    inv_mpu_dmp_motion_driver.o
    0x080029cc   0x00000040   Code   RO         5354    i.delay_ms          systick.o
    0x08002a0c   0x0000003c   Code   RO         5674    i.dmp_enable_6x_lp_quat  inv_mpu_dmp_motion_driver.o
    0x08002a48   0x0000021c   Code   RO         5675    i.dmp_enable_feature  inv_mpu_dmp_motion_driver.o
    0x08002c64   0x00000058   Code   RO         5676    i.dmp_enable_gyro_cal  inv_mpu_dmp_motion_driver.o
    0x08002cbc   0x0000003c   Code   RO         5677    i.dmp_enable_lp_quat  inv_mpu_dmp_motion_driver.o
    0x08002cf8   0x00000018   Code   RO         5682    i.dmp_load_motion_driver_firmware  inv_mpu_dmp_motion_driver.o
    0x08002d10   0x000001cc   Code   RO         5683    i.dmp_read_fifo     inv_mpu_dmp_motion_driver.o
    0x08002edc   0x00000130   Code   RO         5686    i.dmp_set_accel_bias  inv_mpu_dmp_motion_driver.o
    0x0800300c   0x00000070   Code   RO         5687    i.dmp_set_fifo_rate  inv_mpu_dmp_motion_driver.o
    0x0800307c   0x00000130   Code   RO         5688    i.dmp_set_gyro_bias  inv_mpu_dmp_motion_driver.o
    0x080031ac   0x00000138   Code   RO         5690    i.dmp_set_orientation  inv_mpu_dmp_motion_driver.o
    0x080032e4   0x00000038   Code   RO         5693    i.dmp_set_shake_reject_thresh  inv_mpu_dmp_motion_driver.o
    0x0800331c   0x00000026   Code   RO         5694    i.dmp_set_shake_reject_time  inv_mpu_dmp_motion_driver.o
    0x08003342   0x00000026   Code   RO         5695    i.dmp_set_shake_reject_timeout  inv_mpu_dmp_motion_driver.o
    0x08003368   0x00000046   Code   RO         5696    i.dmp_set_tap_axes  inv_mpu_dmp_motion_driver.o
    0x080033ae   0x00000026   Code   RO         5697    i.dmp_set_tap_count  inv_mpu_dmp_motion_driver.o
    0x080033d4   0x000001c0   Code   RO         5698    i.dmp_set_tap_thresh  inv_mpu_dmp_motion_driver.o
    0x08003594   0x00000026   Code   RO         5699    i.dmp_set_tap_time  inv_mpu_dmp_motion_driver.o
    0x080035ba   0x00000026   Code   RO         5700    i.dmp_set_tap_time_multi  inv_mpu_dmp_motion_driver.o
    0x080035e0   0x00000018   Code   RO         6269    i.fabs              m_wm.l(fabs.o)
    0x080035f8   0x00000024   Code   RO         5220    i.fputc             usart.o
    0x0800361c   0x00000002   Code   RO         5384    i.get_ms            inv_mpu.o
    0x0800361e   0x00000002   PAD
    0x08003620   0x00000470   Code   RO         5385    i.get_st_biases     inv_mpu.o
    0x08003a90   0x0000002c   Code   RO         5263    i.i2cInit           stm32_iic_1.o
    0x08003abc   0x00000078   Code   RO         5264    i.i2cRead           stm32_iic_1.o
    0x08003b34   0x00000048   Code   RO         5265    i.i2cWrite          stm32_iic_1.o
    0x08003b7c   0x00000064   Code   RO         5266    i.i2cWriteBuffer    stm32_iic_1.o
    0x08003be0   0x00000026   Code   RO         5267    i.i2cread           stm32_iic_1.o
    0x08003c06   0x00000026   Code   RO         5268    i.i2cwrite          stm32_iic_1.o
    0x08003c2c   0x00000028   Code   RO         5874    i.inv_orientation_matrix_to_scalar  mpu_user_api.o
    0x08003c54   0x0000004e   Code   RO         5875    i.inv_row_2_scale   mpu_user_api.o
    0x08003ca2   0x00000002   PAD
    0x08003ca4   0x000000b8   Code   RO         5167    i.main              main.o
    0x08003d5c   0x00000070   Code   RO         5386    i.mpu_configure_fifo  inv_mpu.o
    0x08003dcc   0x0000004c   Code   RO         5387    i.mpu_get_accel_fsr  inv_mpu.o
    0x08003e18   0x00000054   Code   RO         5389    i.mpu_get_accel_sens  inv_mpu.o
    0x08003e6c   0x00000010   Code   RO         5394    i.mpu_get_fifo_config  inv_mpu.o
    0x08003e7c   0x00000044   Code   RO         5395    i.mpu_get_gyro_fsr  inv_mpu.o
    0x08003ec0   0x00000060   Code   RO         5397    i.mpu_get_gyro_sens  inv_mpu.o
    0x08003f20   0x00000050   Code   RO         5399    i.mpu_get_lpf       inv_mpu.o
    0x08003f70   0x00000020   Code   RO         5401    i.mpu_get_sample_rate  inv_mpu.o
    0x08003f90   0x00000124   Code   RO         5403    i.mpu_init          inv_mpu.o
    0x080040b4   0x000000b8   Code   RO         5404    i.mpu_load_firmware  inv_mpu.o
    0x0800416c   0x0000011c   Code   RO         5405    i.mpu_lp_accel_mode  inv_mpu.o
    0x08004288   0x000000c0   Code   RO         5408    i.mpu_read_fifo_stream  inv_mpu.o
    0x08004348   0x00000080   Code   RO         5409    i.mpu_read_mem      inv_mpu.o
    0x080043c8   0x000001c8   Code   RO         5412    i.mpu_reset_fifo    inv_mpu.o
    0x08004590   0x000000ac   Code   RO         5413    i.mpu_run_self_test  inv_mpu.o
    0x0800463c   0x00000084   Code   RO         5415    i.mpu_set_accel_fsr  inv_mpu.o
    0x080046c0   0x0000014c   Code   RO         5416    i.mpu_set_bypass    inv_mpu.o
    0x0800480c   0x00000060   Code   RO         5417    i.mpu_set_compass_sample_rate  inv_mpu.o
    0x0800486c   0x00000090   Code   RO         5418    i.mpu_set_dmp_state  inv_mpu.o
    0x080048fc   0x00000088   Code   RO         5419    i.mpu_set_gyro_fsr  inv_mpu.o
    0x08004984   0x0000006c   Code   RO         5420    i.mpu_set_int_latched  inv_mpu.o
    0x080049f0   0x00000084   Code   RO         5422    i.mpu_set_lpf       inv_mpu.o
    0x08004a74   0x000000b4   Code   RO         5423    i.mpu_set_sample_rate  inv_mpu.o
    0x08004b28   0x00000168   Code   RO         5424    i.mpu_set_sensors   inv_mpu.o
    0x08004c90   0x00000080   Code   RO         5425    i.mpu_write_mem     inv_mpu.o
    0x08004d10   0x00000096   Code   RO         5876    i.run_self_test     mpu_user_api.o
    0x08004da6   0x00000002   PAD
    0x08004da8   0x00000090   Code   RO         5426    i.set_int_enable    inv_mpu.o
    0x08004e38   0x00000254   Code   RO         5427    i.setup_compass     inv_mpu.o
    0x0800508c   0x0000006e   Code   RO         6280    i.sqrt              m_wm.l(sqrt.o)
    0x080050fa   0x00000002   PAD
    0x080050fc   0x00000060   Data   RO         5428    .constdata          inv_mpu.o
    0x0800515c   0x00000bf6   Data   RO         5702    .constdata          inv_mpu_dmp_motion_driver.o
    0x08005d52   0x00000006   PAD
    0x08005d58   0x00000050   Data   RO         5934    .constdata          m_wm.l(asin.o)
    0x08005da8   0x00000098   Data   RO         6242    .constdata          m_wm.l(atan.o)
    0x08005e40   0x00000008   Data   RO         6277    .constdata          m_wm.l(qnan.o)
    0x08005e48   0x00000020   Data   RO         6341    Region$$Table       anon$$obj.o


    Execution Region RW_IRAM1 (Base: 0x20000000, Size: 0x000004d8, Max: 0x00020000, ABSOLUTE)

    Base Addr    Size         Type   Attr      Idx    E Section Name        Object

    0x20000000   0x00000010   Data   RW         3016    .data               stm32f4xx_rcc.o
    0x20000010   0x00000038   Data   RW         5429    .data               inv_mpu.o
    0x20000048   0x00000045   Data   RW         5878    .data               mpu_user_api.o
    0x2000008d   0x00000003   PAD
    0x20000090   0x00000004   Data   RW         6304    .data               mc_w.l(stdout.o)
    0x20000094   0x00000004   Data   RW         6318    .data               mc_w.l(errno.o)
    0x20000098   0x00000010   Zero   RW         5701    .bss                inv_mpu_dmp_motion_driver.o
    0x200000a8   0x0000002a   Zero   RW         5877    .bss                mpu_user_api.o
    0x200000d2   0x00000006   PAD
    0x200000d8   0x00000400   Zero   RW            1    STACK               startup_stm32f40xx.o


==============================================================================

Image component sizes


      Code (inc. data)   RO Data    RW Data    ZI Data      Debug   Object Name

      5898        202         96         56          0      26638   inv_mpu.o
      3128        138       3062          0         16      20410   inv_mpu_dmp_motion_driver.o
       184         52          0          0          0       1743   main.o
       140         24          0          0          0       1475   misc.o
      1460        130          0         69         42       6803   mpu_user_api.o
        36          8        392          0       1024        844   startup_stm32f40xx.o
      1114         36          0          0          0       8361   stm32_iic_1.o
       214          0          0          0          0       1711   stm32f4xx_gpio.o
       296         30          0         16          0       3966   stm32f4xx_rcc.o
       344          8          0          0          0       4009   stm32f4xx_usart.o
       340         32          0          0          0     271985   system_stm32f4xx.o
        64          0          0          0          0        519   systick.o
       216         12          0          0          0       1685   usart.o

    ----------------------------------------------------------------------
     13442        672       3588        144       1088     350149   Object Totals
         0          0         32          0          0          0   (incl. Generated)
         8          0          6          3          6          0   (incl. Padding)

    ----------------------------------------------------------------------

      Code (inc. data)   RO Data    RW Data    ZI Data      Debug   Library Member Name

       864         94         80          0          0        280   asin.o
       744        106        152          0          0        352   atan.o
       496         64          0          0          0        192   atan2.o
       104         16          0          0          0        496   dunder.o
        24          0          0          0          0        124   fabs.o
        48          0          0          0          0        124   fpclassify.o
       248          0          0          0          0        152   poly.o
         0          0          8          0          0          0   qnan.o
       110          0          0          0          0        148   sqrt.o
         0          0          0          0          0          0   entry.o
         0          0          0          0          0          0   entry10a.o
         0          0          0          0          0          0   entry11a.o
         8          4          0          0          0          0   entry2.o
         4          0          0          0          0          0   entry5.o
         0          0          0          0          0          0   entry7b.o
         0          0          0          0          0          0   entry8b.o
         8          4          0          0          0          0   entry9a.o
        12          6          0          4          0         68   errno.o
        30          0          0          0          0          0   handlers.o
        36          8          0          0          0         68   init.o
         0          0          0          0          0          0   iusefp.o
        98          0          0          0          0         84   ldiv.o
        30          0          0          0          0         68   llshl.o
        36          0          0          0          0         68   llsshr.o
        32          0          0          0          0         68   llushr.o
        26          0          0          0          0         80   memcmp.o
        36          0          0          0          0        108   memseta.o
      2226         90          0          0          0        444   printfa.o
         0          0          0          4          0          0   stdout.o
        44          0          0          0          0         80   uidiv.o
        98          0          0          0          0         92   uldiv.o
        48          0          0          0          0         68   cdrcmple.o
        56          0          0          0          0         88   d2f.o
       334          0          0          0          0        148   dadd.o
       222          0          0          0          0        100   ddiv.o
       186          0          0          0          0        176   depilogue.o
        62          0          0          0          0         80   dfixi.o
        48          0          0          0          0         68   dfixul.o
        34          0          0          0          0         76   dflti.o
       228          0          0          0          0         96   dmul.o
       162          0          0          0          0        100   dsqrt.o
        38          0          0          0          0         68   f2d.o
       110          0          0          0          0        168   fepilogue.o

    ----------------------------------------------------------------------
      6898        392        240          8          0       4332   Library Totals
         8          0          0          0          0          0   (incl. Padding)

    ----------------------------------------------------------------------

      Code (inc. data)   RO Data    RW Data    ZI Data      Debug   Library Name

      2638        280        240          0          0       1868   m_wm.l
      2724        112          0          8          0       1228   mc_w.l
      1528          0          0          0          0       1236   mf_w.l

    ----------------------------------------------------------------------
      6898        392        240          8          0       4332   Library Totals

    ----------------------------------------------------------------------

==============================================================================


      Code (inc. data)   RO Data    RW Data    ZI Data      Debug   

     20340       1064       3828        152       1088     344137   Grand Totals
     20340       1064       3828        152       1088     344137   ELF Image Totals
     20340       1064       3828        152          0          0   ROM Totals

==============================================================================

    Total RO  Size (Code + RO Data)                24168 (  23.60kB)
    Total RW  Size (RW Data + ZI Data)              1240 (   1.21kB)
    Total ROM Size (Code + RO Data + RW Data)      24320 (  23.75kB)

==============================================================================

