Component: ARM Compiler 5.06 update 3 (build 300) Tool: armlink [4d35c9]

==============================================================================

Section Cross References

    system_stm32f10x.o(i.SystemCoreClockUpdate) refers to system_stm32f10x.o(.data) for .data
    system_stm32f10x.o(i.SystemInit) refers to system_stm32f10x.o(i.SetSysClockTo72) for SetSysClockTo72
    startup_stm32f10x_md.o(RESET) refers to startup_stm32f10x_md.o(STACK) for __initial_sp
    startup_stm32f10x_md.o(RESET) refers to startup_stm32f10x_md.o(.text) for Reset_Handler
    startup_stm32f10x_md.o(RESET) refers to stm32f10x_it.o(i.NMI_Handler) for NMI_Handler
    startup_stm32f10x_md.o(RESET) refers to stm32f10x_it.o(i.HardFault_Handler) for HardFault_Handler
    startup_stm32f10x_md.o(RESET) refers to stm32f10x_it.o(i.MemManage_Handler) for MemManage_Handler
    startup_stm32f10x_md.o(RESET) refers to stm32f10x_it.o(i.BusFault_Handler) for BusFault_Handler
    startup_stm32f10x_md.o(RESET) refers to stm32f10x_it.o(i.UsageFault_Handler) for UsageFault_Handler
    startup_stm32f10x_md.o(RESET) refers to stm32f10x_it.o(i.SVC_Handler) for SVC_Handler
    startup_stm32f10x_md.o(RESET) refers to stm32f10x_it.o(i.DebugMon_Handler) for DebugMon_Handler
    startup_stm32f10x_md.o(RESET) refers to stm32f10x_it.o(i.PendSV_Handler) for PendSV_Handler
    startup_stm32f10x_md.o(RESET) refers to stm32f10x_it.o(i.SysTick_Handler) for SysTick_Handler
    startup_stm32f10x_md.o(.text) refers to system_stm32f10x.o(i.SystemInit) for SystemInit
    startup_stm32f10x_md.o(.text) refers to entry.o(.ARM.Collect$$$$00000000) for __main
    stm32f10x_flash.o(i.FLASH_EnableWriteProtection) refers to stm32f10x_flash.o(i.FLASH_WaitForLastOperation) for FLASH_WaitForLastOperation
    stm32f10x_flash.o(i.FLASH_EraseAllBank1Pages) refers to stm32f10x_flash.o(i.FLASH_WaitForLastBank1Operation) for FLASH_WaitForLastBank1Operation
    stm32f10x_flash.o(i.FLASH_EraseAllPages) refers to stm32f10x_flash.o(i.FLASH_WaitForLastOperation) for FLASH_WaitForLastOperation
    stm32f10x_flash.o(i.FLASH_EraseOptionBytes) refers to stm32f10x_flash.o(i.FLASH_GetReadOutProtectionStatus) for FLASH_GetReadOutProtectionStatus
    stm32f10x_flash.o(i.FLASH_EraseOptionBytes) refers to stm32f10x_flash.o(i.FLASH_WaitForLastOperation) for FLASH_WaitForLastOperation
    stm32f10x_flash.o(i.FLASH_ErasePage) refers to stm32f10x_flash.o(i.FLASH_WaitForLastOperation) for FLASH_WaitForLastOperation
    stm32f10x_flash.o(i.FLASH_ProgramHalfWord) refers to stm32f10x_flash.o(i.FLASH_WaitForLastOperation) for FLASH_WaitForLastOperation
    stm32f10x_flash.o(i.FLASH_ProgramOptionByteData) refers to stm32f10x_flash.o(i.FLASH_WaitForLastOperation) for FLASH_WaitForLastOperation
    stm32f10x_flash.o(i.FLASH_ProgramWord) refers to stm32f10x_flash.o(i.FLASH_WaitForLastOperation) for FLASH_WaitForLastOperation
    stm32f10x_flash.o(i.FLASH_ReadOutProtection) refers to stm32f10x_flash.o(i.FLASH_WaitForLastOperation) for FLASH_WaitForLastOperation
    stm32f10x_flash.o(i.FLASH_UserOptionByteConfig) refers to stm32f10x_flash.o(i.FLASH_WaitForLastOperation) for FLASH_WaitForLastOperation
    stm32f10x_flash.o(i.FLASH_WaitForLastBank1Operation) refers to stm32f10x_flash.o(i.FLASH_GetBank1Status) for FLASH_GetBank1Status
    stm32f10x_flash.o(i.FLASH_WaitForLastOperation) refers to stm32f10x_flash.o(i.FLASH_GetBank1Status) for FLASH_GetBank1Status
    stm32f10x_gpio.o(i.GPIO_AFIODeInit) refers to stm32f10x_rcc.o(i.RCC_APB2PeriphResetCmd) for RCC_APB2PeriphResetCmd
    stm32f10x_gpio.o(i.GPIO_DeInit) refers to stm32f10x_rcc.o(i.RCC_APB2PeriphResetCmd) for RCC_APB2PeriphResetCmd
    stm32f10x_rcc.o(i.RCC_GetClocksFreq) refers to stm32f10x_rcc.o(.data) for .data
    stm32f10x_rcc.o(i.RCC_WaitForHSEStartUp) refers to stm32f10x_rcc.o(i.RCC_GetFlagStatus) for RCC_GetFlagStatus
    stm32f10x_tim.o(i.TIM_DeInit) refers to stm32f10x_rcc.o(i.RCC_APB1PeriphResetCmd) for RCC_APB1PeriphResetCmd
    stm32f10x_tim.o(i.TIM_DeInit) refers to stm32f10x_rcc.o(i.RCC_APB2PeriphResetCmd) for RCC_APB2PeriphResetCmd
    stm32f10x_tim.o(i.TIM_ETRClockMode1Config) refers to stm32f10x_tim.o(i.TIM_ETRConfig) for TIM_ETRConfig
    stm32f10x_tim.o(i.TIM_ETRClockMode2Config) refers to stm32f10x_tim.o(i.TIM_ETRConfig) for TIM_ETRConfig
    stm32f10x_tim.o(i.TIM_ICInit) refers to stm32f10x_tim.o(i.TI1_Config) for TI1_Config
    stm32f10x_tim.o(i.TIM_ICInit) refers to stm32f10x_tim.o(i.TIM_SetIC1Prescaler) for TIM_SetIC1Prescaler
    stm32f10x_tim.o(i.TIM_ICInit) refers to stm32f10x_tim.o(i.TI2_Config) for TI2_Config
    stm32f10x_tim.o(i.TIM_ICInit) refers to stm32f10x_tim.o(i.TIM_SetIC2Prescaler) for TIM_SetIC2Prescaler
    stm32f10x_tim.o(i.TIM_ICInit) refers to stm32f10x_tim.o(i.TIM_SetIC3Prescaler) for TIM_SetIC3Prescaler
    stm32f10x_tim.o(i.TIM_ICInit) refers to stm32f10x_tim.o(i.TIM_SetIC4Prescaler) for TIM_SetIC4Prescaler
[...]
    atan2.o(i.atan2) refers to qnan.o(.constdata) for __mathlib_zero
    atan2_x.o(i.____softfp_atan2$lsc) refers (Special) to iusefp.o(.text) for __I$use$fp
    atan2_x.o(i.____softfp_atan2$lsc) refers to atan2_x.o(i.__atan2$lsc) for __atan2$lsc
    atan2_x.o(i.__atan2$lsc) refers (Special) to iusefp.o(.text) for __I$use$fp
    atan2_x.o(i.__atan2$lsc) refers to dunder.o(i.__mathlib_dbl_infnan2) for __mathlib_dbl_infnan2
    atan2_x.o(i.__atan2$lsc) refers to atan.o(i.atan) for atan
    atan2_x.o(i.__atan2$lsc) refers to errno.o(i.__set_errno) for __set_errno
    atan2_x.o(i.__atan2$lsc) refers to ddiv.o(.text) for __aeabi_ddiv
    atan2_x.o(i.__atan2$lsc) refers to dadd.o(.text) for __aeabi_dsub
    atan2_x.o(i.__atan2$lsc) refers to qnan.o(.constdata) for __mathlib_zero
    entry.o(.ARM.Collect$$$$00000000) refers (Special) to entry10a.o(.ARM.Collect$$$$0000000D) for __rt_final_cpp
    entry.o(.ARM.Collect$$$$00000000) refers (Special) to entry11a.o(.ARM.Collect$$$$0000000F) for __rt_final_exit
    entry.o(.ARM.Collect$$$$00000000) refers (Special) to entry7b.o(.ARM.Collect$$$$00000008) for _main_clock
    entry.o(.ARM.Collect$$$$00000000) refers (Special) to entry8b.o(.ARM.Collect$$$$0000000A) for _main_cpp_init
    entry.o(.ARM.Collect$$$$00000000) refers (Special) to entry9a.o(.ARM.Collect$$$$0000000B) for _main_init
    entry.o(.ARM.Collect$$$$00000000) refers (Special) to entry5.o(.ARM.Collect$$$$00000004) for _main_scatterload
    entry.o(.ARM.Collect$$$$00000000) refers (Special) to entry2.o(.ARM.Collect$$$$00000001) for _main_stk
    ldiv.o(.text) refers to uldiv.o(.text) for __aeabi_uldivmod
    fadd.o(.text) refers (Special) to iusefp.o(.text) for __I$use$fp
    fadd.o(.text) refers to fepilogue.o(.text) for _float_epilogue
    fmul.o(.text) refers (Special) to iusefp.o(.text) for __I$use$fp
    fdiv.o(.text) refers (Special) to iusefp.o(.text) for __I$use$fp
    fdiv.o(.text) refers to fepilogue.o(.text) for _float_round
    fscalb.o(.text) refers (Special) to iusefp.o(.text) for __I$use$fp
    dadd.o(.text) refers (Special) to iusefp.o(.text) for __I$use$fp
    dadd.o(.text) refers to llshl.o(.text) for __aeabi_llsl
    dadd.o(.text) refers to llsshr.o(.text) for __aeabi_lasr
    dadd.o(.text) refers to depilogue.o(.text) for _double_epilogue
    dmul.o(.text) refers (Special) to iusefp.o(.text) for __I$use$fp
    dmul.o(.text) refers to depilogue.o(.text) for _double_epilogue
    fflti.o(.text) refers (Special) to iusefp.o(.text) for __I$use$fp
    fflti.o(.text) refers to fepilogue.o(.text) for _float_epilogue
    ffltui.o(.text) refers (Special) to iusefp.o(.text) for __I$use$fp
    ffltui.o(.text) refers to fepilogue.o(.text) for _float_epilogue
    ffixi.o(.text) refers (Special) to iusefp.o(.text) for __I$use$fp
    ffixui.o(.text) refers (Special) to iusefp.o(.text) for __I$use$fp
    dfixi.o(.text) refers (Special) to iusefp.o(.text) for __I$use$fp
    dfixi.o(.text) refers to llushr.o(.text) for __aeabi_llsr
    f2d.o(.text) refers (Special) to iusefp.o(.text) for __I$use$fp
    d2f.o(.text) refers (Special) to iusefp.o(.text) for __I$use$fp
    d2f.o(.text) refers to fepilogue.o(.text) for _float_round
    atan.o(i.__softfp_atan) refers (Special) to iusefp.o(.text) for __I$use$fp
    atan.o(i.__softfp_atan) refers to atan.o(i.atan) for atan
    atan.o(i.atan) refers (Special) to iusefp.o(.text) for __I$use$fp
    atan.o(i.atan) refers to dunder.o(i.__mathlib_dbl_infnan) for __mathlib_dbl_infnan
    atan.o(i.atan) refers to fpclassify.o(i.__ARM_fpclassify) for __ARM_fpclassify
    atan.o(i.atan) refers to dunder.o(i.__mathlib_dbl_underflow) for __mathlib_dbl_underflow
    atan.o(i.atan) refers to dadd.o(.text) for __aeabi_dadd
    atan.o(i.atan) refers to dscalb.o(.text) for __ARM_scalbn
    atan.o(i.atan) refers to ddiv.o(.text) for __aeabi_ddiv
    atan.o(i.atan) refers to dmul.o(.text) for __aeabi_dmul
    atan.o(i.atan) refers to poly.o(i.__kernel_poly) for __kernel_poly
    atan.o(i.atan) refers to atan.o(.constdata) for .constdata
    atan.o(.constdata) refers (Special) to iusefp.o(.text) for __I$use$fp
    atan_x.o(i.____softfp_atan$lsc) refers (Special) to iusefp.o(.text) for __I$use$fp
    atan_x.o(i.____softfp_atan$lsc) refers to atan_x.o(i.__atan$lsc) for __atan$lsc
    atan_x.o(i.__atan$lsc) refers (Special) to iusefp.o(.text) for __I$use$fp
    atan_x.o(i.__atan$lsc) refers to dunder.o(i.__mathlib_dbl_infnan) for __mathlib_dbl_infnan
    atan_x.o(i.__atan$lsc) refers to dadd.o(.text) for __aeabi_dadd
    atan_x.o(i.__atan$lsc) refers to dscalb.o(.text) for __ARM_scalbn
    atan_x.o(i.__atan$lsc) refers to ddiv.o(.text) for __aeabi_ddiv
    atan_x.o(i.__atan$lsc) refers to dmul.o(.text) for __aeabi_dmul
    atan_x.o(i.__atan$lsc) refers to poly.o(i.__kernel_poly) for __kernel_poly
    atan_x.o(i.__atan$lsc) refers to atan_x.o(.constdata) for .constdata
    atan_x.o(.constdata) refers (Special) to iusefp.o(.text) for __I$use$fp
    dunder.o(i.__mathlib_dbl_divzero) refers to ddiv.o(.text) for __aeabi_ddiv
    dunder.o(i.__mathlib_dbl_infnan) refers to dscalb.o(.text) for __ARM_scalbn
    dunder.o(i.__mathlib_dbl_infnan2) refers to dadd.o(.text) for __aeabi_dadd
    dunder.o(i.__mathlib_dbl_invalid) refers to ddiv.o(.text) for __aeabi_ddiv
    dunder.o(i.__mathlib_dbl_overflow) refers to dscalb.o(.text) for __ARM_scalbn
    dunder.o(i.__mathlib_dbl_posinfnan) refers to dmul.o(.text) for __aeabi_dmul
    dunder.o(i.__mathlib_dbl_underflow) refers to dscalb.o(.text) for __ARM_scalbn
    fpclassify.o(i.__ARM_fpclassify) refers (Special) to iusefp.o(.text) for __I$use$fp
    poly.o(i.__kernel_poly) refers (Special) to iusefp.o(.text) for __I$use$fp
    poly.o(i.__kernel_poly) refers to dmul.o(.text) for __aeabi_dmul
    poly.o(i.__kernel_poly) refers to dadd.o(.text) for __aeabi_dadd
    qnan.o(.constdata) refers (Special) to iusefp.o(.text) for __I$use$fp
    sqrt.o(i.__softfp_sqrt) refers (Special) to iusefp.o(.text) for __I$use$fp
    sqrt.o(i.__softfp_sqrt) refers to dsqrt.o(.text) for _dsqrt
    sqrt.o(i.__softfp_sqrt) refers to errno.o(i.__set_errno) for __set_errno
    sqrt.o(i.sqrt) refers (Special) to iusefp.o(.text) for __I$use$fp
    sqrt.o(i.sqrt) refers to dsqrt.o(.text) for _dsqrt
    sqrt.o(i.sqrt) refers to errno.o(i.__set_errno) for __set_errno
    sqrt_x.o(i.____softfp_sqrt$lsc) refers (Special) to iusefp.o(.text) for __I$use$fp
    sqrt_x.o(i.____softfp_sqrt$lsc) refers to cdcmple.o(.text) for __aeabi_cdcmple
    sqrt_x.o(i.____softfp_sqrt$lsc) refers to errno.o(i.__set_errno) for __set_errno
    sqrt_x.o(i.____softfp_sqrt$lsc) refers to dsqrt.o(.text) for _dsqrt
    sqrt_x.o(i.__sqrt$lsc) refers (Special) to iusefp.o(.text) for __I$use$fp
    sqrt_x.o(i.__sqrt$lsc) refers to cdcmple.o(.text) for __aeabi_cdcmple
    sqrt_x.o(i.__sqrt$lsc) refers to errno.o(i.__set_errno) for __set_errno
    sqrt_x.o(i.__sqrt$lsc) refers to dsqrt.o(.text) for _dsqrt
    entry2.o(.ARM.Collect$$$$00000001) refers to entry2.o(.ARM.Collect$$$$00002712) for __lit__00000000
    entry2.o(.ARM.Collect$$$$00002712) refers to startup_stm32f10x_md.o(STACK) for __initial_sp
    entry2.o(__vectab_stack_and_reset_area) refers to startup_stm32f10x_md.o(STACK) for __initial_sp
    entry2.o(__vectab_stack_and_reset_area) refers to entry.o(.ARM.Collect$$$$00000000) for __main
    entry5.o(.ARM.Collect$$$$00000004) refers to init.o(.text) for __scatterload
    entry9a.o(.ARM.Collect$$$$0000000B) refers to main.o(i.main) for main
    entry9b.o(.ARM.Collect$$$$0000000C) refers to main.o(i.main) for main
    uldiv.o(.text) refers to llushr.o(.text) for __aeabi_llsr
    uldiv.o(.text) refers to llshl.o(.text) for __aeabi_llsl
    errno.o(i.__aeabi_errno_addr) refers to errno.o(.data) for .data
    errno.o(i.__read_errno) refers to errno.o(.data) for .data
    errno.o(i.__set_errno) refers to errno.o(.data) for .data
    depilogue.o(.text) refers to llshl.o(.text) for __aeabi_llsl
    depilogue.o(.text) refers to llushr.o(.text) for __aeabi_llsr
    ddiv.o(.text) refers to depilogue.o(.text) for _double_round
    init.o(.text) refers to entry5.o(.ARM.Collect$$$$00000004) for __main_after_scatterload
    dsqrt.o(.text) refers to llushr.o(.text) for __aeabi_llsr
    dsqrt.o(.text) refers to depilogue.o(.text) for _double_round


==============================================================================

Removing Unused input sections from the image.

    Removing core_cm3.o(.emb_text), (32 bytes).
    Removing system_stm32f10x.o(i.SystemCoreClockUpdate), (100 bytes).
    Removing system_stm32f10x.o(.data), (20 bytes).
    Removing startup_stm32f10x_md.o(HEAP), (512 bytes).
    Removing misc.o(i.NVIC_Init), (100 bytes).
    Removing misc.o(i.NVIC_PriorityGroupConfig), (20 bytes).
    Removing misc.o(i.NVIC_SetVectorTable), (20 bytes).
    Removing misc.o(i.NVIC_SystemLPConfig), (24 bytes).
    Removing misc.o(i.SysTick_CLKSourceConfig), (24 bytes).
    Removing stm32f10x_exti.o(i.EXTI_ClearFlag), (12 bytes).
    Removing stm32f10x_exti.o(i.EXTI_ClearITPendingBit), (12 bytes).
    Removing stm32f10x_exti.o(i.EXTI_DeInit), (36 bytes).
    Removing stm32f10x_exti.o(i.EXTI_GenerateSWInterrupt), (16 bytes).
    Removing stm32f10x_exti.o(i.EXTI_GetFlagStatus), (20 bytes).
    Removing stm32f10x_exti.o(i.EXTI_GetITStatus), (32 bytes).
    Removing stm32f10x_exti.o(i.EXTI_Init), (112 bytes).
    Removing stm32f10x_exti.o(i.EXTI_StructInit), (14 bytes).
    Removing stm32f10x_flash.o(i.FLASH_ClearFlag), (12 bytes).
    Removing stm32f10x_flash.o(i.FLASH_EnableWriteProtection), (172 bytes).
    Removing stm32f10x_flash.o(i.FLASH_EraseAllBank1Pages), (56 bytes).
    Removing stm32f10x_flash.o(i.FLASH_EraseAllPages), (56 bytes).
    Removing stm32f10x_flash.o(i.FLASH_EraseOptionBytes), (124 bytes).
    Removing stm32f10x_flash.o(i.FLASH_ErasePage), (60 bytes).
    Removing stm32f10x_flash.o(i.FLASH_GetBank1Status), (40 bytes).
    Removing stm32f10x_flash.o(i.FLASH_GetFlagStatus), (32 bytes).
    Removing stm32f10x_flash.o(i.FLASH_GetPrefetchBufferStatus), (20 bytes).
    Removing stm32f10x_flash.o(i.FLASH_GetReadOutProtectionStatus), (20 bytes).
    Removing stm32f10x_flash.o(i.FLASH_GetStatus), (40 bytes).
    Removing stm32f10x_flash.o(i.FLASH_GetUserOptionByte), (12 bytes).
    Removing stm32f10x_flash.o(i.FLASH_GetWriteProtectionOptionByte), (12 bytes).
    Removing stm32f10x_flash.o(i.FLASH_HalfCycleAccessCmd), (24 bytes).
    Removing stm32f10x_flash.o(i.FLASH_ITConfig), (24 bytes).
    Removing stm32f10x_flash.o(i.FLASH_Lock), (16 bytes).
    Removing stm32f10x_flash.o(i.FLASH_LockBank1), (16 bytes).
    Removing stm32f10x_flash.o(i.FLASH_PrefetchBufferCmd), (24 bytes).
    Removing stm32f10x_flash.o(i.FLASH_ProgramHalfWord), (52 bytes).
    Removing stm32f10x_flash.o(i.FLASH_ProgramOptionByteData), (76 bytes).
    Removing stm32f10x_flash.o(i.FLASH_ProgramWord), (80 bytes).
    Removing stm32f10x_flash.o(i.FLASH_ReadOutProtection), (136 bytes).
    Removing stm32f10x_flash.o(i.FLASH_SetLatency), (20 bytes).
    Removing stm32f10x_flash.o(i.FLASH_Unlock), (24 bytes).
    Removing stm32f10x_flash.o(i.FLASH_UnlockBank1), (24 bytes).
    Removing stm32f10x_flash.o(i.FLASH_UserOptionByteConfig), (96 bytes).
    Removing stm32f10x_flash.o(i.FLASH_WaitForLastBank1Operation), (36 bytes).
    Removing stm32f10x_flash.o(i.FLASH_WaitForLastOperation), (36 bytes).
    Removing stm32f10x_gpio.o(i.GPIO_AFIODeInit), (22 bytes).
    Removing stm32f10x_gpio.o(i.GPIO_DeInit), (180 bytes).
    Removing stm32f10x_gpio.o(i.GPIO_ETH_MediaInterfaceConfig), (12 bytes).
    Removing stm32f10x_gpio.o(i.GPIO_EXTILineConfig), (40 bytes).
    Removing stm32f10x_gpio.o(i.GPIO_EventOutputCmd), (12 bytes).
    Removing stm32f10x_gpio.o(i.GPIO_EventOutputConfig), (28 bytes).
    Removing stm32f10x_gpio.o(i.GPIO_PinLockConfig), (16 bytes).
    Removing stm32f10x_gpio.o(i.GPIO_PinRemapConfig), (88 bytes).
    Removing stm32f10x_gpio.o(i.GPIO_ReadInputData), (6 bytes).
    Removing stm32f10x_gpio.o(i.GPIO_ReadInputDataBit), (14 bytes).
    Removing stm32f10x_gpio.o(i.GPIO_ReadOutputData), (6 bytes).
    Removing stm32f10x_gpio.o(i.GPIO_ReadOutputDataBit), (14 bytes).
    Removing stm32f10x_gpio.o(i.GPIO_StructInit), (16 bytes).
    Removing stm32f10x_gpio.o(i.GPIO_Write), (4 bytes).
    Removing stm32f10x_gpio.o(i.GPIO_WriteBit), (10 bytes).
    Removing stm32f10x_rcc.o(i.RCC_ADCCLKConfig), (20 bytes).
    Removing stm32f10x_rcc.o(i.RCC_AHBPeriphClockCmd), (24 bytes).
    Removing stm32f10x_rcc.o(i.RCC_APB1PeriphResetCmd), (24 bytes).
    Removing stm32f10x_rcc.o(i.RCC_APB2PeriphResetCmd), (24 bytes).
    Removing stm32f10x_rcc.o(i.RCC_AdjustHSICalibrationValue), (20 bytes).
    Removing stm32f10x_rcc.o(i.RCC_BackupResetCmd), (12 bytes).
    Removing stm32f10x_rcc.o(i.RCC_ClearFlag), (16 bytes).
    Removing stm32f10x_rcc.o(i.RCC_ClearITPendingBit), (12 bytes).
    Removing stm32f10x_rcc.o(i.RCC_ClockSecuritySystemCmd), (12 bytes).
    Removing stm32f10x_rcc.o(i.RCC_DeInit), (64 bytes).
    Removing stm32f10x_rcc.o(i.RCC_GetFlagStatus), (48 bytes).
    Removing stm32f10x_rcc.o(i.RCC_GetITStatus), (20 bytes).
    Removing stm32f10x_rcc.o(i.RCC_GetSYSCLKSource), (16 bytes).
    Removing stm32f10x_rcc.o(i.RCC_HCLKConfig), (20 bytes).
    Removing stm32f10x_rcc.o(i.RCC_HSEConfig), (52 bytes).
    Removing stm32f10x_rcc.o(i.RCC_HSICmd), (12 bytes).
    Removing stm32f10x_rcc.o(i.RCC_ITConfig), (24 bytes).
    Removing stm32f10x_rcc.o(i.RCC_LSEConfig), (32 bytes).
    Removing stm32f10x_rcc.o(i.RCC_LSICmd), (12 bytes).
    Removing stm32f10x_rcc.o(i.RCC_MCOConfig), (12 bytes).
    Removing stm32f10x_rcc.o(i.RCC_PCLK1Config), (20 bytes).
    Removing stm32f10x_rcc.o(i.RCC_PCLK2Config), (20 bytes).
    Removing stm32f10x_rcc.o(i.RCC_PLLCmd), (12 bytes).
    Removing stm32f10x_rcc.o(i.RCC_PLLConfig), (20 bytes).
    Removing stm32f10x_rcc.o(i.RCC_RTCCLKCmd), (12 bytes).
    Removing stm32f10x_rcc.o(i.RCC_RTCCLKConfig), (16 bytes).
    Removing stm32f10x_rcc.o(i.RCC_SYSCLKConfig), (20 bytes).
    Removing stm32f10x_rcc.o(i.RCC_USBCLKConfig), (12 bytes).
    Removing stm32f10x_rcc.o(i.RCC_WaitForHSEStartUp), (44 bytes).
    Removing stm32f10x_tim.o(i.TI1_Config), (108 bytes).
    Removing stm32f10x_tim.o(i.TI2_Config), (124 bytes).
    Removing stm32f10x_tim.o(i.TIM_ARRPreloadConfig), (20 bytes).
    Removing stm32f10x_tim.o(i.TIM_BDTRConfig), (34 bytes).
    Removing stm32f10x_tim.o(i.TIM_BDTRStructInit), (18 bytes).
    Removing stm32f10x_tim.o(i.TIM_CCPreloadControl), (20 bytes).
    Removing stm32f10x_tim.o(i.TIM_CCxCmd), (22 bytes).
    Removing stm32f10x_tim.o(i.TIM_CCxNCmd), (22 bytes).
    Removing stm32f10x_tim.o(i.TIM_ClearFlag), (6 bytes).
    Removing stm32f10x_tim.o(i.TIM_ClearITPendingBit), (6 bytes).
    Removing stm32f10x_tim.o(i.TIM_ClearOC1Ref), (12 bytes).
    Removing stm32f10x_tim.o(i.TIM_ClearOC2Ref), (20 bytes).
    Removing stm32f10x_tim.o(i.TIM_ClearOC3Ref), (12 bytes).
    Removing stm32f10x_tim.o(i.TIM_ClearOC4Ref), (20 bytes).
    Removing stm32f10x_tim.o(i.TIM_Cmd), (20 bytes).
    Removing stm32f10x_tim.o(i.TIM_CounterModeConfig), (12 bytes).
    Removing stm32f10x_tim.o(i.TIM_CtrlPWMOutputs), (22 bytes).
    Removing stm32f10x_tim.o(i.TIM_DMACmd), (16 bytes).
    Removing stm32f10x_tim.o(i.TIM_DMAConfig), (8 bytes).
    Removing stm32f10x_tim.o(i.TIM_DeInit), (368 bytes).
    Removing stm32f10x_tim.o(i.TIM_ETRClockMode1Config), (18 bytes).
    Removing stm32f10x_tim.o(i.TIM_ETRClockMode2Config), (18 bytes).
    Removing stm32f10x_tim.o(i.TIM_ETRConfig), (24 bytes).
    Removing stm32f10x_tim.o(i.TIM_EncoderInterfaceConfig), (50 bytes).
    Removing stm32f10x_tim.o(i.TIM_ForcedOC1Config), (12 bytes).
    Removing stm32f10x_tim.o(i.TIM_ForcedOC2Config), (20 bytes).
    Removing stm32f10x_tim.o(i.TIM_ForcedOC3Config), (12 bytes).
    Removing stm32f10x_tim.o(i.TIM_ForcedOC4Config), (20 bytes).
    Removing stm32f10x_tim.o(i.TIM_GenerateEvent), (4 bytes).
    Removing stm32f10x_tim.o(i.TIM_GetCapture1), (4 bytes).
    Removing stm32f10x_tim.o(i.TIM_GetCapture2), (4 bytes).
    Removing stm32f10x_tim.o(i.TIM_GetCapture3), (4 bytes).
    Removing stm32f10x_tim.o(i.TIM_GetCapture4), (6 bytes).
    Removing stm32f10x_tim.o(i.TIM_GetCounter), (4 bytes).
    Removing stm32f10x_tim.o(i.TIM_GetFlagStatus), (14 bytes).
    Removing stm32f10x_tim.o(i.TIM_GetITStatus), (24 bytes).
    Removing stm32f10x_tim.o(i.TIM_GetPrescaler), (4 bytes).
    Removing stm32f10x_tim.o(i.TIM_ICInit), (300 bytes).
    Removing stm32f10x_tim.o(i.TIM_ICStructInit), (16 bytes).
    Removing stm32f10x_tim.o(i.TIM_ITConfig), (16 bytes).
    Removing stm32f10x_tim.o(i.TIM_ITRxExternalClockConfig), (18 bytes).
    Removing stm32f10x_tim.o(i.TIM_InternalClockConfig), (10 bytes).
    Removing stm32f10x_tim.o(i.TIM_OC1FastConfig), (12 bytes).
    Removing stm32f10x_tim.o(i.TIM_OC1Init), (128 bytes).
    Removing stm32f10x_tim.o(i.TIM_OC1NPolarityConfig), (12 bytes).
    Removing stm32f10x_tim.o(i.TIM_OC1PolarityConfig), (12 bytes).
    Removing stm32f10x_tim.o(i.TIM_OC1PreloadConfig), (12 bytes).
    Removing stm32f10x_tim.o(i.TIM_OC2FastConfig), (20 bytes).
    Removing stm32f10x_tim.o(i.TIM_OC2Init), (128 bytes).
    Removing stm32f10x_tim.o(i.TIM_OC2NPolarityConfig), (20 bytes).
    Removing stm32f10x_tim.o(i.TIM_OC2PolarityConfig), (20 bytes).
    Removing stm32f10x_tim.o(i.TIM_OC2PreloadConfig), (20 bytes).
    Removing stm32f10x_tim.o(i.TIM_OC3FastConfig), (12 bytes).
    Removing stm32f10x_tim.o(i.TIM_OC3Init), (124 bytes).
    Removing stm32f10x_tim.o(i.TIM_OC3NPolarityConfig), (20 bytes).
    Removing stm32f10x_tim.o(i.TIM_OC3PolarityConfig), (20 bytes).
    Removing stm32f10x_tim.o(i.TIM_OC3PreloadConfig), (12 bytes).
    Removing stm32f10x_tim.o(i.TIM_OC4FastConfig), (20 bytes).
    Removing stm32f10x_tim.o(i.TIM_OC4Init), (100 bytes).
    Removing stm32f10x_tim.o(i.TIM_OC4PolarityConfig), (20 bytes).
    Removing stm32f10x_tim.o(i.TIM_OC4PreloadConfig), (20 bytes).
    Removing stm32f10x_tim.o(i.TIM_OCStructInit), (20 bytes).
    Removing stm32f10x_tim.o(i.TIM_PWMIConfig), (108 bytes).
    Removing stm32f10x_tim.o(i.TIM_PrescalerConfig), (6 bytes).
    Removing stm32f10x_tim.o(i.TIM_SelectCCDMA), (20 bytes).
    Removing stm32f10x_tim.o(i.TIM_SelectCOM), (20 bytes).
    Removing stm32f10x_tim.o(i.TIM_SelectHallSensor), (20 bytes).
    Removing stm32f10x_tim.o(i.TIM_SelectInputTrigger), (12 bytes).
    Removing stm32f10x_tim.o(i.TIM_SelectMasterSlaveMode), (16 bytes).
    Removing stm32f10x_tim.o(i.TIM_SelectOCxM), (70 bytes).
    Removing stm32f10x_tim.o(i.TIM_SelectOnePulseMode), (16 bytes).
    Removing stm32f10x_tim.o(i.TIM_SelectOutputTrigger), (16 bytes).
    Removing stm32f10x_tim.o(i.TIM_SelectSlaveMode), (16 bytes).
    Removing stm32f10x_tim.o(i.TIM_SetAutoreload), (4 bytes).
    Removing stm32f10x_tim.o(i.TIM_SetClockDivision), (16 bytes).
    Removing stm32f10x_tim.o(i.TIM_SetCompare1), (4 bytes).
    Removing stm32f10x_tim.o(i.TIM_SetCompare2), (4 bytes).
    Removing stm32f10x_tim.o(i.TIM_SetCompare3), (4 bytes).
    Removing stm32f10x_tim.o(i.TIM_SetCompare4), (6 bytes).
    Removing stm32f10x_tim.o(i.TIM_SetCounter), (4 bytes).
    Removing stm32f10x_tim.o(i.TIM_SetIC1Prescaler), (16 bytes).
    Removing stm32f10x_tim.o(i.TIM_SetIC2Prescaler), (24 bytes).
    Removing stm32f10x_tim.o(i.TIM_SetIC3Prescaler), (16 bytes).
    Removing stm32f10x_tim.o(i.TIM_SetIC4Prescaler), (24 bytes).
    Removing stm32f10x_tim.o(i.TIM_TIxExternalClockConfig), (46 bytes).
    Removing stm32f10x_tim.o(i.TIM_TimeBaseInit), (156 bytes).
    Removing stm32f10x_tim.o(i.TIM_TimeBaseStructInit), (18 bytes).
    Removing stm32f10x_tim.o(i.TIM_UpdateDisableConfig), (20 bytes).
    Removing stm32f10x_tim.o(i.TIM_UpdateRequestConfig), (20 bytes).
    Removing stm32f10x_usart.o(i.USART_ClearITPendingBit), (12 bytes).
    Removing stm32f10x_usart.o(i.USART_ClockInit), (30 bytes).
    Removing stm32f10x_usart.o(i.USART_ClockStructInit), (12 bytes).
    Removing stm32f10x_usart.o(i.USART_DMACmd), (16 bytes).
    Removing stm32f10x_usart.o(i.USART_DeInit), (116 bytes).
    Removing stm32f10x_usart.o(i.USART_GetITStatus), (62 bytes).
    Removing stm32f10x_usart.o(i.USART_HalfDuplexCmd), (20 bytes).
    Removing stm32f10x_usart.o(i.USART_IrDACmd), (20 bytes).
    Removing stm32f10x_usart.o(i.USART_IrDAConfig), (16 bytes).
    Removing stm32f10x_usart.o(i.USART_LINBreakDetectLengthConfig), (16 bytes).
    Removing stm32f10x_usart.o(i.USART_LINCmd), (20 bytes).
    Removing stm32f10x_usart.o(i.USART_OneBitMethodCmd), (20 bytes).
    Removing stm32f10x_usart.o(i.USART_OverSampling8Cmd), (20 bytes).
    Removing stm32f10x_usart.o(i.USART_ReceiveData), (8 bytes).
    Removing stm32f10x_usart.o(i.USART_ReceiverWakeUpCmd), (20 bytes).
    Removing stm32f10x_usart.o(i.USART_SendBreak), (10 bytes).
    Removing stm32f10x_usart.o(i.USART_SetAddress), (16 bytes).
    Removing stm32f10x_usart.o(i.USART_SetGuardTime), (16 bytes).
    Removing stm32f10x_usart.o(i.USART_SetPrescaler), (16 bytes).
    Removing stm32f10x_usart.o(i.USART_SmartCardCmd), (20 bytes).
    Removing stm32f10x_usart.o(i.USART_SmartCardNACKCmd), (20 bytes).
    Removing stm32f10x_usart.o(i.USART_StructInit), (22 bytes).
    Removing stm32f10x_usart.o(i.USART_WakeUpConfig), (16 bytes).
    Removing main.o(.data), (1 bytes).
    Removing delay.o(i.Delay), (6 bytes).
    Removing usart.o(i.Print), (58 bytes).
    Removing usart.o(i.PrintHexInt16), (22 bytes).
    Removing usart.o(i.PrintInt), (108 bytes).
    Removing usart.o(i.usart_INIT), (42 bytes).
    Removing time.o(i.GET_NOWTIME), (44 bytes).
    Removing time.o(i.SYSTICK_INIT), (20 bytes).
    Removing stm32_iic.o(i.i2cGetErrorCounter), (4 bytes).
    Removing stm32_iic.o(i.i2cWrite), (66 bytes).
    Removing inv_mpu.o(i.mpu_get_accel_reg), (80 bytes).
    Removing inv_mpu.o(i.mpu_get_compass_fsr), (16 bytes).
    Removing inv_mpu.o(i.mpu_get_compass_reg), (140 bytes).
    Removing inv_mpu.o(i.mpu_get_compass_sample_rate), (16 bytes).
    Removing inv_mpu.o(i.mpu_get_dmp_state), (16 bytes).
    Removing inv_mpu.o(i.mpu_get_fifo_config), (16 bytes).
    Removing inv_mpu.o(i.mpu_get_gyro_reg), (84 bytes).
    Removing inv_mpu.o(i.mpu_get_int_status), (52 bytes).
    Removing inv_mpu.o(i.mpu_get_power_state), (20 bytes).
    Removing inv_mpu.o(i.mpu_get_temperature), (124 bytes).
    Removing inv_mpu.o(i.mpu_lp_motion_interrupt), (480 bytes).
    Removing inv_mpu.o(i.mpu_read_fifo), (352 bytes).
    Removing inv_mpu.o(i.mpu_read_reg), (56 bytes).
    Removing inv_mpu.o(i.mpu_reg_dump), (64 bytes).
    Removing inv_mpu.o(i.mpu_set_accel_bias), (220 bytes).
    Removing inv_mpu.o(i.mpu_set_int_level), (16 bytes).
    Removing inv_mpu_dmp_motion_driver.o(i.dmp_get_enabled_features), (16 bytes).
    Removing inv_mpu_dmp_motion_driver.o(i.dmp_get_fifo_rate), (16 bytes).
    Removing inv_mpu_dmp_motion_driver.o(i.dmp_get_pedometer_step_count), (48 bytes).
    Removing inv_mpu_dmp_motion_driver.o(i.dmp_get_pedometer_walk_time), (54 bytes).
    Removing inv_mpu_dmp_motion_driver.o(i.dmp_register_android_orient_cb), (12 bytes).
    Removing inv_mpu_dmp_motion_driver.o(i.dmp_register_tap_cb), (12 bytes).
    Removing inv_mpu_dmp_motion_driver.o(i.dmp_set_interrupt_mode), (84 bytes).
    Removing inv_mpu_dmp_motion_driver.o(i.dmp_set_pedometer_step_count), (38 bytes).
    Removing inv_mpu_dmp_motion_driver.o(i.dmp_set_pedometer_walk_time), (44 bytes).
    Removing cdcmple.o(.text), (48 bytes).

237 unused section(s) (total 9551 bytes) removed from the image.

==============================================================================

Image Symbol Table

    Local Symbols

    Symbol Name                              Value     Ov Type        Size  Object(Section)

    ../clib/microlib/division.c              0x00000000   Number         0  ldiv.o ABSOLUTE
    ../clib/microlib/division.c              0x00000000   Number         0  uldiv.o ABSOLUTE
    ../clib/microlib/errno.c                 0x00000000   Number         0  errno.o ABSOLUTE
    ../clib/microlib/init/entry.s            0x00000000   Number         0  entry7b.o ABSOLUTE
    ../clib/microlib/init/entry.s            0x00000000   Number         0  entry.o ABSOLUTE
    ../clib/microlib/init/entry.s            0x00000000   Number         0  entry8b.o ABSOLUTE
    ../clib/microlib/init/entry.s            0x00000000   Number         0  entry5.o ABSOLUTE
    ../clib/microlib/init/entry.s            0x00000000   Number         0  entry11b.o ABSOLUTE
    ../clib/microlib/init/entry.s            0x00000000   Number         0  entry2.o ABSOLUTE
    ../clib/microlib/init/entry.s            0x00000000   Number         0  entry8a.o ABSOLUTE
    ../clib/microlib/init/entry.s            0x00000000   Number         0  entry10a.o ABSOLUTE
    ../clib/microlib/init/entry.s            0x00000000   Number         0  entry7a.o ABSOLUTE
    ../clib/microlib/init/entry.s            0x00000000   Number         0  entry9b.o ABSOLUTE
    ../clib/microlib/init/entry.s            0x00000000   Number         0  entry9a.o ABSOLUTE
    ../clib/microlib/init/entry.s            0x00000000   Number         0  entry10b.o ABSOLUTE
    ../clib/microlib/init/entry.s            0x00000000   Number         0  entry11a.o ABSOLUTE
    ../clib/microlib/longlong.c              0x00000000   Number         0  llsshr.o ABSOLUTE
    ../clib/microlib/longlong.c              0x00000000   Number         0  llushr.o ABSOLUTE
    ../clib/microlib/longlong.c              0x00000000   Number         0  llshl.o ABSOLUTE
    ../clib/microlib/string/memcmp.c         0x00000000   Number         0  memcmp.o ABSOLUTE
    ../clib/microlib/string/memset.c         0x00000000   Number         0  memseta.o ABSOLUTE
    ../clib/microlib/stubs.s                 0x00000000   Number         0  iusefp.o ABSOLUTE
    ../fplib/microlib/d2f.c                  0x00000000   Number         0  d2f.o ABSOLUTE
    ../fplib/microlib/f2d.c                  0x00000000   Number         0  f2d.o ABSOLUTE
    ../fplib/microlib/fpadd.c                0x00000000   Number         0  dadd.o ABSOLUTE
    ../fplib/microlib/fpadd.c                0x00000000   Number         0  fadd.o ABSOLUTE
    ../fplib/microlib/fpdiv.c                0x00000000   Number         0  ddiv.o ABSOLUTE
    ../fplib/microlib/fpdiv.c                0x00000000   Number         0  fdiv.o ABSOLUTE
    ../fplib/microlib/fpepilogue.c           0x00000000   Number         0  fepilogue.o ABSOLUTE
    ../fplib/microlib/fpepilogue.c           0x00000000   Number         0  depilogue.o ABSOLUTE
    ../fplib/microlib/fpfix.c                0x00000000   Number         0  ffixi.o ABSOLUTE
    ../fplib/microlib/fpfix.c                0x00000000   Number         0  ffixui.o ABSOLUTE
    ../fplib/microlib/fpfix.c                0x00000000   Number         0  dfixi.o ABSOLUTE
    ../fplib/microlib/fpflt.c                0x00000000   Number         0  fflti.o ABSOLUTE
    ../fplib/microlib/fpflt.c                0x00000000   Number         0  ffltui.o ABSOLUTE
    ../fplib/microlib/fpmul.c                0x00000000   Number         0  dmul.o ABSOLUTE
    ../fplib/microlib/fpmul.c                0x00000000   Number         0  fmul.o ABSOLUTE
    ../fplib/microlib/fpscalb.c              0x00000000   Number         0  fscalb.o ABSOLUTE
    ../fplib/microlib/fpscalb.c              0x00000000   Number         0  dscalb.o ABSOLUTE
    ../fplib/microlib/fpsqrt.c               0x00000000   Number         0  dsqrt.o ABSOLUTE
    ../mathlib/asin.c                        0x00000000   Number         0  asin_x.o ABSOLUTE
    ../mathlib/asin.c                        0x00000000   Number         0  asin.o ABSOLUTE
    ../mathlib/atan.c                        0x00000000   Number         0  atan_x.o ABSOLUTE
    ../mathlib/atan.c                        0x00000000   Number         0  atan.o ABSOLUTE
    ../mathlib/atan2.c                       0x00000000   Number         0  atan2.o ABSOLUTE
    ../mathlib/atan2.c                       0x00000000   Number         0  atan2_x.o ABSOLUTE
    ../mathlib/dunder.c                      0x00000000   Number         0  dunder.o ABSOLUTE
    ../mathlib/fpclassify.c                  0x00000000   Number         0  fpclassify.o ABSOLUTE
    ../mathlib/poly.c                        0x00000000   Number         0  poly.o ABSOLUTE
    ../mathlib/qnan.c                        0x00000000   Number         0  qnan.o ABSOLUTE
    ../mathlib/sqrt.c                        0x00000000   Number         0  sqrt.o ABSOLUTE
    ../mathlib/sqrt.c                        0x00000000   Number         0  sqrt_x.o ABSOLUTE
    ..\CMSIS\core_cm3.c                      0x00000000   Number         0  core_cm3.o ABSOLUTE
    ..\CMSIS\startup\startup_stm32f10x_md.s  0x00000000   Number         0  startup_stm32f10x_md.o ABSOLUTE
    ..\CMSIS\system_stm32f10x.c              0x00000000   Number         0  system_stm32f10x.o ABSOLUTE
    ..\Lib\src\misc.c                        0x00000000   Number         0  misc.o ABSOLUTE
    ..\Lib\src\stm32f10x_exti.c              0x00000000   Number         0  stm32f10x_exti.o ABSOLUTE
    ..\Lib\src\stm32f10x_flash.c             0x00000000   Number         0  stm32f10x_flash.o ABSOLUTE
    ..\Lib\src\stm32f10x_gpio.c              0x00000000   Number         0  stm32f10x_gpio.o ABSOLUTE
    ..\Lib\src\stm32f10x_rcc.c               0x00000000   Number         0  stm32f10x_rcc.o ABSOLUTE
    ..\Lib\src\stm32f10x_tim.c               0x00000000   Number         0  stm32f10x_tim.o ABSOLUTE
    ..\Lib\src\stm32f10x_usart.c             0x00000000   Number         0  stm32f10x_usart.o ABSOLUTE
    ..\User\Time.c                           0x00000000   Number         0  time.o ABSOLUTE
    ..\User\delay.c                          0x00000000   Number         0  delay.o ABSOLUTE
    ..\User\eMPL\inv_mpu.c                   0x00000000   Number         0  inv_mpu.o ABSOLUTE
    ..\User\eMPL\inv_mpu_dmp_motion_driver.c 0x00000000   Number         0  inv_mpu_dmp_motion_driver.o ABSOLUTE
    ..\User\main.c                           0x00000000   Number         0  main.o ABSOLUTE
    ..\User\stm32_iic.c                      0x00000000   Number         0  stm32_iic.o ABSOLUTE
    ..\User\stm32f10x_it.c                   0x00000000   Number         0  stm32f10x_it.o ABSOLUTE
    ..\User\usart.c                          0x00000000   Number         0  usart.o ABSOLUTE
    ..\\CMSIS\\core_cm3.c                    0x00000000   Number         0  core_cm3.o ABSOLUTE
    cdcmple.s                                0x00000000   Number         0  cdcmple.o ABSOLUTE
    dc.s                                     0x00000000   Number         0  dc.o ABSOLUTE
    handlers.s                               0x00000000   Number         0  handlers.o ABSOLUTE
    init.s                                   0x00000000   Number         0  init.o ABSOLUTE
    RESET                                    0x08000000   Section      236  startup_stm32f10x_md.o(RESET)
    .ARM.Collect$$$$00000000                 0x080000ec   Section        0  entry.o(.ARM.Collect$$$$00000000)
    .ARM.Collect$$$$00000001                 0x080000ec   Section        4  entry2.o(.ARM.Collect$$$$00000001)
    .ARM.Collect$$$$00000004                 0x080000f0   Section        4  entry5.o(.ARM.Collect$$$$00000004)
    .ARM.Collect$$$$00000008                 0x080000f4   Section        0  entry7b.o(.ARM.Collect$$$$00000008)
    .ARM.Collect$$$$0000000A                 0x080000f4   Section        0  entry8b.o(.ARM.Collect$$$$0000000A)
    .ARM.Collect$$$$0000000B                 0x080000f4   Section        8  entry9a.o(.ARM.Collect$$$$0000000B)
    .ARM.Collect$$$$0000000D                 0x080000fc   Section        0  entry10a.o(.ARM.Collect$$$$0000000D)
    .ARM.Collect$$$$0000000F                 0x080000fc   Section        0  entry11a.o(.ARM.Collect$$$$0000000F)
    .ARM.Collect$$$$00002712                 0x080000fc   Section        4  entry2.o(.ARM.Collect$$$$00002712)
    __lit__00000000                          0x080000fc   Data           4  entry2.o(.ARM.Collect$$$$00002712)
    .text                                    0x08000100   Section       36  startup_stm32f10x_md.o(.text)
    .text                                    0x08000124   Section        0  ldiv.o(.text)
    .text                                    0x08000186   Section        0  memseta.o(.text)
    .text                                    0x080001aa   Section        0  memcmp.o(.text)
    .text                                    0x080001c4   Section        0  fadd.o(.text)
    .text                                    0x08000274   Section        0  fmul.o(.text)
    .text                                    0x080002d8   Section        0  fdiv.o(.text)
    .text                                    0x08000354   Section        0  fscalb.o(.text)
    .text                                    0x0800036c   Section        0  dadd.o(.text)
    .text                                    0x080004ba   Section        0  dmul.o(.text)
    .text                                    0x0800059e   Section        0  fflti.o(.text)
    .text                                    0x080005b0   Section        0  ffltui.o(.text)
    .text                                    0x080005ba   Section        0  ffixi.o(.text)
    .text                                    0x080005ec   Section        0  ffixui.o(.text)
    .text                                    0x08000614   Section        0  dfixi.o(.text)
    .text                                    0x08000652   Section        0  f2d.o(.text)
    .text                                    0x08000678   Section        0  d2f.o(.text)
    .text                                    0x080006b0   Section        0  uldiv.o(.text)
    .text                                    0x08000712   Section        0  llshl.o(.text)
    .text                                    0x08000730   Section        0  llushr.o(.text)
    .text                                    0x08000750   Section        0  llsshr.o(.text)
    .text                                    0x08000774   Section        0  iusefp.o(.text)
    .text                                    0x08000774   Section        0  fepilogue.o(.text)
    .text                                    0x080007e2   Section        0  depilogue.o(.text)
    .text                                    0x0800089c   Section        0  ddiv.o(.text)
    .text                                    0x0800097a   Section        0  dscalb.o(.text)
    .text                                    0x080009a8   Section       36  init.o(.text)
    .text                                    0x080009cc   Section        0  dsqrt.o(.text)
    i.BusFault_Handler                       0x08000a6e   Section        0  stm32f10x_it.o(i.BusFault_Handler)
    i.DebugMon_Handler                       0x08000a70   Section        0  stm32f10x_it.o(i.DebugMon_Handler)
    i.GPIO_Init                              0x08000a74   Section        0  stm32f10x_gpio.o(i.GPIO_Init)
    i.GPIO_ResetBits                         0x08000b16   Section        0  stm32f10x_gpio.o(i.GPIO_ResetBits)
    i.GPIO_SetBits                           0x08000b1a   Section        0  stm32f10x_gpio.o(i.GPIO_SetBits)
    i.HardFault_Handler                      0x08000b1e   Section        0  stm32f10x_it.o(i.HardFault_Handler)
    i.I2C_SendByte                           0x08000b20   Section        0  stm32_iic.o(i.I2C_SendByte)
    I2C_SendByte                             0x08000b21   Thumb Code    70  stm32_iic.o(i.I2C_SendByte)
    i.I2C_Start                              0x08000b6c   Section        0  stm32_iic.o(i.I2C_Start)
    I2C_Start                                0x08000b6d   Thumb Code    52  stm32_iic.o(i.I2C_Start)
    i.I2C_Stop                               0x08000ba4   Section        0  stm32_iic.o(i.I2C_Stop)
    I2C_Stop                                 0x08000ba5   Thumb Code    38  stm32_iic.o(i.I2C_Stop)
    i.I2C_WaitAck                            0x08000bd0   Section        0  stm32_iic.o(i.I2C_WaitAck)
    I2C_WaitAck                              0x08000bd1   Thumb Code    48  stm32_iic.o(i.I2C_WaitAck)
    i.I2C_delay                              0x08000c04   Section        0  stm32_iic.o(i.I2C_delay)
    I2C_delay                                0x08000c05   Thumb Code    14  stm32_iic.o(i.I2C_delay)
    i.LED_Config                             0x08000c14   Section        0  main.o(i.LED_Config)
    i.MemManage_Handler                      0x08000c4c   Section        0  stm32f10x_it.o(i.MemManage_Handler)
    i.NMI_Handler                            0x08000c4e   Section        0  stm32f10x_it.o(i.NMI_Handler)
    i.PendSV_Handler                         0x08000c50   Section        0  stm32f10x_it.o(i.PendSV_Handler)
    i.PrintChar                              0x08000c54   Section        0  usart.o(i.PrintChar)
    i.RCC_APB1PeriphClockCmd                 0x08000c6c   Section        0  stm32f10x_rcc.o(i.RCC_APB1PeriphClockCmd)
    i.RCC_APB2PeriphClockCmd                 0x08000c84   Section        0  stm32f10x_rcc.o(i.RCC_APB2PeriphClockCmd)
    i.RCC_GetClocksFreq                      0x08000c9c   Section        0  stm32f10x_rcc.o(i.RCC_GetClocksFreq)
    i.SVC_Handler                            0x08000d2c   Section        0  stm32f10x_it.o(i.SVC_Handler)
    i.SetSysClockTo72                        0x08000d30   Section        0  system_stm32f10x.o(i.SetSysClockTo72)
    SetSysClockTo72                          0x08000d31   Thumb Code   160  system_stm32f10x.o(i.SetSysClockTo72)
    i.SysTick_Handler                        0x08000dd8   Section        0  stm32f10x_it.o(i.SysTick_Handler)
    i.SystemInit                             0x08000ddc   Section        0  system_stm32f10x.o(i.SystemInit)
    i.USART2_Config                          0x08000e2c   Section        0  usart.o(i.USART2_Config)
    i.USART_ClearFlag                        0x08000ec8   Section        0  stm32f10x_usart.o(i.USART_ClearFlag)
    i.USART_Cmd                              0x08000ece   Section        0  stm32f10x_usart.o(i.USART_Cmd)
    i.USART_GetFlagStatus                    0x08000ee2   Section        0  stm32f10x_usart.o(i.USART_GetFlagStatus)
    i.USART_ITConfig                         0x08000ef0   Section        0  stm32f10x_usart.o(i.USART_ITConfig)
    i.USART_Init                             0x08000f20   Section        0  stm32f10x_usart.o(i.USART_Init)
    i.USART_SendData                         0x08000fcc   Section        0  stm32f10x_usart.o(i.USART_SendData)
    i.UsageFault_Handler                     0x08000fd4   Section        0  stm32f10x_it.o(i.UsageFault_Handler)
    i.UsartSend                              0x08000fd8   Section        0  usart.o(i.UsartSend)
    i.__ARM_fpclassify                       0x08000ff8   Section        0  fpclassify.o(i.__ARM_fpclassify)
    i.__kernel_poly                          0x08001020   Section        0  poly.o(i.__kernel_poly)
    i.__mathlib_dbl_infnan                   0x080010ca   Section        0  dunder.o(i.__mathlib_dbl_infnan)
    i.__mathlib_dbl_infnan2                  0x080010d0   Section        0  dunder.o(i.__mathlib_dbl_infnan2)
    i.__mathlib_dbl_invalid                  0x080010d4   Section        0  dunder.o(i.__mathlib_dbl_invalid)
    i.__mathlib_dbl_underflow                0x080010e0   Section        0  dunder.o(i.__mathlib_dbl_underflow)
    i.__scatterload_copy                     0x080010f0   Section       14  handlers.o(i.__scatterload_copy)
    i.__scatterload_null                     0x080010fe   Section        2  handlers.o(i.__scatterload_null)
    i.__scatterload_zeroinit                 0x08001100   Section       14  handlers.o(i.__scatterload_zeroinit)
    i.__set_errno                            0x08001110   Section        0  errno.o(i.__set_errno)
    i.asin                                   0x0800111c   Section        0  asin.o(i.asin)
    i.atan                                   0x0800138c   Section        0  atan.o(i.atan)
    i.atan2                                  0x080015ac   Section        0  atan2.o(i.atan2)
    i.delay_ms                               0x0800172c   Section        0  delay.o(i.delay_ms)
    i.delay_us                               0x08001742   Section        0  delay.o(i.delay_us)
    i.dmp_enable_6x_lp_quat                  0x08001754   Section        0  inv_mpu_dmp_motion_driver.o(i.dmp_enable_6x_lp_quat)
    i.dmp_enable_feature                     0x08001790   Section        0  inv_mpu_dmp_motion_driver.o(i.dmp_enable_feature)
    i.dmp_enable_gyro_cal                    0x08001968   Section        0  inv_mpu_dmp_motion_driver.o(i.dmp_enable_gyro_cal)
    i.dmp_enable_lp_quat                     0x080019a4   Section        0  inv_mpu_dmp_motion_driver.o(i.dmp_enable_lp_quat)
    i.dmp_load_motion_driver_firmware        0x080019e0   Section        0  inv_mpu_dmp_motion_driver.o(i.dmp_load_motion_driver_firmware)
    i.dmp_read_fifo                          0x080019f4   Section        0  inv_mpu_dmp_motion_driver.o(i.dmp_read_fifo)
    i.dmp_set_accel_bias                     0x08001b38   Section        0  inv_mpu_dmp_motion_driver.o(i.dmp_set_accel_bias)
    i.dmp_set_fifo_rate                      0x08001c10   Section        0  inv_mpu_dmp_motion_driver.o(i.dmp_set_fifo_rate)
    i.dmp_set_gyro_bias                      0x08001c74   Section        0  inv_mpu_dmp_motion_driver.o(i.dmp_set_gyro_bias)
    i.dmp_set_orientation                    0x08001d40   Section        0  inv_mpu_dmp_motion_driver.o(i.dmp_set_orientation)
    i.dmp_set_shake_reject_thresh            0x08001e4c   Section        0  inv_mpu_dmp_motion_driver.o(i.dmp_set_shake_reject_thresh)
    i.dmp_set_shake_reject_time              0x08001e7c   Section        0  inv_mpu_dmp_motion_driver.o(i.dmp_set_shake_reject_time)
    i.dmp_set_shake_reject_timeout           0x08001e9c   Section        0  inv_mpu_dmp_motion_driver.o(i.dmp_set_shake_reject_timeout)
    i.dmp_set_tap_axes                       0x08001ebc   Section        0  inv_mpu_dmp_motion_driver.o(i.dmp_set_tap_axes)
    i.dmp_set_tap_count                      0x08001efc   Section        0  inv_mpu_dmp_motion_driver.o(i.dmp_set_tap_count)
    i.dmp_set_tap_thresh                     0x08001f20   Section        0  inv_mpu_dmp_motion_driver.o(i.dmp_set_tap_thresh)
    i.dmp_set_tap_time                       0x08002048   Section        0  inv_mpu_dmp_motion_driver.o(i.dmp_set_tap_time)
    i.dmp_set_tap_time_multi                 0x08002068   Section        0  inv_mpu_dmp_motion_driver.o(i.dmp_set_tap_time_multi)
    i.get_ms                                 0x08002088   Section        0  time.o(i.get_ms)
    i.get_st_biases                          0x0800208c   Section        0  inv_mpu.o(i.get_st_biases)
    get_st_biases                            0x0800208d   Thumb Code   784  inv_mpu.o(i.get_st_biases)
    i.i2cInit                                0x080023a0   Section        0  stm32_iic.o(i.i2cInit)
    i.i2cRead                                0x080023cc   Section        0  stm32_iic.o(i.i2cRead)
    i.i2cWriteBuffer                         0x080024b4   Section        0  stm32_iic.o(i.i2cWriteBuffer)
    i.i2cread                                0x08002508   Section        0  stm32_iic.o(i.i2cread)
    i.i2cwrite                               0x0800251a   Section        0  stm32_iic.o(i.i2cwrite)
    i.inv_row_2_scale                        0x0800252c   Section        0  main.o(i.inv_row_2_scale)
    inv_row_2_scale                          0x0800252d   Thumb Code    72  main.o(i.inv_row_2_scale)
    i.main                                   0x08002574   Section        0  main.o(i.main)
    i.mpu_configure_fifo                     0x08002d0c   Section        0  inv_mpu.o(i.mpu_configure_fifo)
    i.mpu_get_accel_fsr                      0x08002d60   Section        0  inv_mpu.o(i.mpu_get_accel_fsr)
    i.mpu_get_accel_sens                     0x08002d9c   Section        0  inv_mpu.o(i.mpu_get_accel_sens)
    i.mpu_get_gyro_fsr                       0x08002de0   Section        0  inv_mpu.o(i.mpu_get_gyro_fsr)
    i.mpu_get_gyro_sens                      0x08002e14   Section        0  inv_mpu.o(i.mpu_get_gyro_sens)
    i.mpu_get_lpf                            0x08002e54   Section        0  inv_mpu.o(i.mpu_get_lpf)
    i.mpu_get_sample_rate                    0x08002e8c   Section        0  inv_mpu.o(i.mpu_get_sample_rate)
    i.mpu_init                               0x08002ea8   Section        0  inv_mpu.o(i.mpu_init)
    i.mpu_load_firmware                      0x08002f80   Section        0  inv_mpu.o(i.mpu_load_firmware)
    i.mpu_lp_accel_mode                      0x08003020   Section        0  inv_mpu.o(i.mpu_lp_accel_mode)
    i.mpu_read_fifo_stream                   0x080030d8   Section        0  inv_mpu.o(i.mpu_read_fifo_stream)
    i.mpu_read_mem                           0x08003168   Section        0  inv_mpu.o(i.mpu_read_mem)
    i.mpu_reset_fifo                         0x080031bc   Section        0  inv_mpu.o(i.mpu_reset_fifo)
    i.mpu_run_self_test                      0x0800331c   Section        0  inv_mpu.o(i.mpu_run_self_test)
    i.mpu_set_accel_fsr                      0x080033b8   Section        0  inv_mpu.o(i.mpu_set_accel_fsr)
    i.mpu_set_bypass                         0x08003420   Section        0  inv_mpu.o(i.mpu_set_bypass)
    i.mpu_set_compass_sample_rate            0x080034fc   Section        0  inv_mpu.o(i.mpu_set_compass_sample_rate)
    i.mpu_set_dmp_state                      0x08003548   Section        0  inv_mpu.o(i.mpu_set_dmp_state)
    i.mpu_set_gyro_fsr                       0x080035c0   Section        0  inv_mpu.o(i.mpu_set_gyro_fsr)
    i.mpu_set_int_latched                    0x0800362c   Section        0  inv_mpu.o(i.mpu_set_int_latched)
    i.mpu_set_lpf                            0x08003690   Section        0  inv_mpu.o(i.mpu_set_lpf)
    i.mpu_set_sample_rate                    0x080036fc   Section        0  inv_mpu.o(i.mpu_set_sample_rate)
    i.mpu_set_sensors                        0x0800378c   Section        0  inv_mpu.o(i.mpu_set_sensors)
    i.mpu_write_mem                          0x080038c0   Section        0  inv_mpu.o(i.mpu_write_mem)
    i.run_self_test                          0x08003914   Section        0  main.o(i.run_self_test)
    run_self_test                            0x08003915   Thumb Code   134  main.o(i.run_self_test)
    i.set_int_enable                         0x080039e4   Section        0  inv_mpu.o(i.set_int_enable)
    set_int_enable                           0x080039e5   Thumb Code    84  inv_mpu.o(i.set_int_enable)
    i.setup_compass                          0x08003a3c   Section        0  inv_mpu.o(i.setup_compass)
    setup_compass                            0x08003a3d   Thumb Code   448  inv_mpu.o(i.setup_compass)
    i.sqrt                                   0x08003c14   Section        0  sqrt.o(i.sqrt)
    .constdata                               0x08003c60   Section       42  inv_mpu.o(.constdata)
    .constdata                               0x08003c8a   Section       14  inv_mpu.o(.constdata)
    .constdata                               0x08003c98   Section       40  inv_mpu.o(.constdata)
    .constdata                               0x08003cc0   Section     3062  inv_mpu_dmp_motion_driver.o(.constdata)
    dmp_memory                               0x08003cc0   Data        3062  inv_mpu_dmp_motion_driver.o(.constdata)
    .constdata                               0x080048b8   Section       80  asin.o(.constdata)
    pS                                       0x080048b8   Data          48  asin.o(.constdata)
    qS                                       0x080048e8   Data          32  asin.o(.constdata)
    .constdata                               0x08004908   Section      152  atan.o(.constdata)
    atanhi                                   0x08004908   Data          32  atan.o(.constdata)
    atanlo                                   0x08004928   Data          32  atan.o(.constdata)
    aTodd                                    0x08004948   Data          40  atan.o(.constdata)
    aTeven                                   0x08004970   Data          48  atan.o(.constdata)
    .constdata                               0x080049a0   Section        8  qnan.o(.constdata)
    .data                                    0x20000000   Section       20  stm32f10x_rcc.o(.data)
    ADCPrescTable                            0x20000000   Data           4  stm32f10x_rcc.o(.data)
    APBAHBPrescTable                         0x20000004   Data          16  stm32f10x_rcc.o(.data)
    .data                                    0x20000014   Section       72  main.o(.data)
    gyro_orientation                         0x20000053   Data           9  main.o(.data)
    .data                                    0x2000005c   Section       56  inv_mpu.o(.data)
    st                                       0x2000005c   Data          56  inv_mpu.o(.data)
    .data                                    0x20000094   Section        4  errno.o(.data)
    _errno                                   0x20000094   Data           4  errno.o(.data)
    .bss                                     0x20000098   Section       16  main.o(.bss)
    .bss                                     0x200000a8   Section       16  inv_mpu_dmp_motion_driver.o(.bss)
    dmp                                      0x200000a8   Data          16  inv_mpu_dmp_motion_driver.o(.bss)
    STACK                                    0x200000b8   Section     1024  startup_stm32f10x_md.o(STACK)

    Global Symbols

    Symbol Name                              Value     Ov Type        Size  Object(Section)

    BuildAttributes$$THM_ISAv4$P$D$K$B$S$PE$A:L22UL41UL21$X:L11$S22US41US21$IEEE1$IW$USESV6$~STKCKD$USESV7$~SHL$OTIME$ROPI$IEEEX$EBA8$MICROLIB$REQ8$PRES8$EABIv2 0x00000000   Number         0  anon$$obj.o ABSOLUTE
    __ARM_use_no_argv                        0x00000000   Number         0  main.o ABSOLUTE
    __cpp_initialize__aeabi_                  - Undefined Weak Reference
    __cxa_finalize                            - Undefined Weak Reference
    __decompress                              - Undefined Weak Reference
    _clock_init                               - Undefined Weak Reference
    _microlib_exit                            - Undefined Weak Reference
    __Vectors_Size                           0x000000ec   Number         0  startup_stm32f10x_md.o ABSOLUTE
    __Vectors                                0x08000000   Data           4  startup_stm32f10x_md.o(RESET)
    __Vectors_End                            0x080000ec   Data           0  startup_stm32f10x_md.o(RESET)
    __main                                   0x080000ed   Thumb Code     0  entry.o(.ARM.Collect$$$$00000000)
    _main_stk                                0x080000ed   Thumb Code     0  entry2.o(.ARM.Collect$$$$00000001)
    _main_scatterload                        0x080000f1   Thumb Code     0  entry5.o(.ARM.Collect$$$$00000004)
    __main_after_scatterload                 0x080000f5   Thumb Code     0  entry5.o(.ARM.Collect$$$$00000004)
    _main_clock                              0x080000f5   Thumb Code     0  entry7b.o(.ARM.Collect$$$$00000008)
    _main_cpp_init                           0x080000f5   Thumb Code     0  entry8b.o(.ARM.Collect$$$$0000000A)
    _main_init                               0x080000f5   Thumb Code     0  entry9a.o(.ARM.Collect$$$$0000000B)
    __rt_final_cpp                           0x080000fd   Thumb Code     0  entry10a.o(.ARM.Collect$$$$0000000D)
    __rt_final_exit                          0x080000fd   Thumb Code     0  entry11a.o(.ARM.Collect$$$$0000000F)
    Reset_Handler                            0x08000101   Thumb Code     8  startup_stm32f10x_md.o(.text)
    ADC1_2_IRQHandler                        0x0800011b   Thumb Code     0  startup_stm32f10x_md.o(.text)
    CAN1_RX1_IRQHandler                      0x0800011b   Thumb Code     0  startup_stm32f10x_md.o(.text)
    CAN1_SCE_IRQHandler                      0x0800011b   Thumb Code     0  startup_stm32f10x_md.o(.text)
    DMA1_Channel1_IRQHandler                 0x0800011b   Thumb Code     0  startup_stm32f10x_md.o(.text)
    DMA1_Channel2_IRQHandler                 0x0800011b   Thumb Code     0  startup_stm32f10x_md.o(.text)
    DMA1_Channel3_IRQHandler                 0x0800011b   Thumb Code     0  startup_stm32f10x_md.o(.text)
    DMA1_Channel4_IRQHandler                 0x0800011b   Thumb Code     0  startup_stm32f10x_md.o(.text)
    DMA1_Channel5_IRQHandler                 0x0800011b   Thumb Code     0  startup_stm32f10x_md.o(.text)
    DMA1_Channel6_IRQHandler                 0x0800011b   Thumb Code     0  startup_stm32f10x_md.o(.text)
    DMA1_Channel7_IRQHandler                 0x0800011b   Thumb Code     0  startup_stm32f10x_md.o(.text)
    EXTI0_IRQHandler                         0x0800011b   Thumb Code     0  startup_stm32f10x_md.o(.text)
    EXTI15_10_IRQHandler                     0x0800011b   Thumb Code     0  startup_stm32f10x_md.o(.text)
    EXTI1_IRQHandler                         0x0800011b   Thumb Code     0  startup_stm32f10x_md.o(.text)
    EXTI2_IRQHandler                         0x0800011b   Thumb Code     0  startup_stm32f10x_md.o(.text)
    EXTI3_IRQHandler                         0x0800011b   Thumb Code     0  startup_stm32f10x_md.o(.text)
    EXTI4_IRQHandler                         0x0800011b   Thumb Code     0  startup_stm32f10x_md.o(.text)
    EXTI9_5_IRQHandler                       0x0800011b   Thumb Code     0  startup_stm32f10x_md.o(.text)
    FLASH_IRQHandler                         0x0800011b   Thumb Code     0  startup_stm32f10x_md.o(.text)
    I2C1_ER_IRQHandler                       0x0800011b   Thumb Code     0  startup_stm32f10x_md.o(.text)
    I2C1_EV_IRQHandler                       0x0800011b   Thumb Code     0  startup_stm32f10x_md.o(.text)
    I2C2_ER_IRQHandler                       0x0800011b   Thumb Code     0  startup_stm32f10x_md.o(.text)
    I2C2_EV_IRQHandler                       0x0800011b   Thumb Code     0  startup_stm32f10x_md.o(.text)
    PVD_IRQHandler                           0x0800011b   Thumb Code     0  startup_stm32f10x_md.o(.text)
    RCC_IRQHandler                           0x0800011b   Thumb Code     0  startup_stm32f10x_md.o(.text)
    RTCAlarm_IRQHandler                      0x0800011b   Thumb Code     0  startup_stm32f10x_md.o(.text)
    RTC_IRQHandler                           0x0800011b   Thumb Code     0  startup_stm32f10x_md.o(.text)
    SPI1_IRQHandler                          0x0800011b   Thumb Code     0  startup_stm32f10x_md.o(.text)
    SPI2_IRQHandler                          0x0800011b   Thumb Code     0  startup_stm32f10x_md.o(.text)
    TAMPER_IRQHandler                        0x0800011b   Thumb Code     0  startup_stm32f10x_md.o(.text)
    TIM1_BRK_IRQHandler                      0x0800011b   Thumb Code     0  startup_stm32f10x_md.o(.text)
    TIM1_CC_IRQHandler                       0x0800011b   Thumb Code     0  startup_stm32f10x_md.o(.text)
    TIM1_TRG_COM_IRQHandler                  0x0800011b   Thumb Code     0  startup_stm32f10x_md.o(.text)
    TIM1_UP_IRQHandler                       0x0800011b   Thumb Code     0  startup_stm32f10x_md.o(.text)
    TIM2_IRQHandler                          0x0800011b   Thumb Code     0  startup_stm32f10x_md.o(.text)
    TIM3_IRQHandler                          0x0800011b   Thumb Code     0  startup_stm32f10x_md.o(.text)
    TIM4_IRQHandler                          0x0800011b   Thumb Code     0  startup_stm32f10x_md.o(.text)
    USART1_IRQHandler                        0x0800011b   Thumb Code     0  startup_stm32f10x_md.o(.text)
    USART2_IRQHandler                        0x0800011b   Thumb Code     0  startup_stm32f10x_md.o(.text)
    USART3_IRQHandler                        0x0800011b   Thumb Code     0  startup_stm32f10x_md.o(.text)
    USBWakeUp_IRQHandler                     0x0800011b   Thumb Code     0  startup_stm32f10x_md.o(.text)
    USB_HP_CAN1_TX_IRQHandler                0x0800011b   Thumb Code     0  startup_stm32f10x_md.o(.text)
    USB_LP_CAN1_RX0_IRQHandler               0x0800011b   Thumb Code     0  startup_stm32f10x_md.o(.text)
    WWDG_IRQHandler                          0x0800011b   Thumb Code     0  startup_stm32f10x_md.o(.text)
    __aeabi_ldivmod                          0x08000125   Thumb Code    98  ldiv.o(.text)
    __aeabi_memset                           0x08000187   Thumb Code    14  memseta.o(.text)
    __aeabi_memset4                          0x08000187   Thumb Code     0  memseta.o(.text)
    __aeabi_memset8                          0x08000187   Thumb Code     0  memseta.o(.text)
    __aeabi_memclr                           0x08000195   Thumb Code     4  memseta.o(.text)
    __aeabi_memclr4                          0x08000195   Thumb Code     0  memseta.o(.text)
    __aeabi_memclr8                          0x08000195   Thumb Code     0  memseta.o(.text)
    _memset$wrapper                          0x08000199   Thumb Code    18  memseta.o(.text)
    memcmp                                   0x080001ab   Thumb Code    26  memcmp.o(.text)
    __aeabi_fadd                             0x080001c5   Thumb Code   164  fadd.o(.text)
    __aeabi_fsub                             0x08000269   Thumb Code     6  fadd.o(.text)
    __aeabi_frsub                            0x0800026f   Thumb Code     6  fadd.o(.text)
    __aeabi_fmul                             0x08000275   Thumb Code   100  fmul.o(.text)
    __aeabi_fdiv                             0x080002d9   Thumb Code   124  fdiv.o(.text)
    __ARM_scalbnf                            0x08000355   Thumb Code    24  fscalb.o(.text)
    scalbnf                                  0x08000355   Thumb Code     0  fscalb.o(.text)
    __aeabi_dadd                             0x0800036d   Thumb Code   322  dadd.o(.text)
    __aeabi_dsub                             0x080004af   Thumb Code     6  dadd.o(.text)
    __aeabi_drsub                            0x080004b5   Thumb Code     6  dadd.o(.text)
    __aeabi_dmul                             0x080004bb   Thumb Code   228  dmul.o(.text)
    __aeabi_i2f                              0x0800059f   Thumb Code    18  fflti.o(.text)
    __aeabi_ui2f                             0x080005b1   Thumb Code    10  ffltui.o(.text)
    __aeabi_f2iz                             0x080005bb   Thumb Code    50  ffixi.o(.text)
    __aeabi_f2uiz                            0x080005ed   Thumb Code    40  ffixui.o(.text)
    __aeabi_d2iz                             0x08000615   Thumb Code    62  dfixi.o(.text)
    __aeabi_f2d                              0x08000653   Thumb Code    38  f2d.o(.text)
    __aeabi_d2f                              0x08000679   Thumb Code    56  d2f.o(.text)
    __aeabi_uldivmod                         0x080006b1   Thumb Code    98  uldiv.o(.text)
    __aeabi_llsl                             0x08000713   Thumb Code    30  llshl.o(.text)
    _ll_shift_l                              0x08000713   Thumb Code     0  llshl.o(.text)
    __aeabi_llsr                             0x08000731   Thumb Code    32  llushr.o(.text)
    _ll_ushift_r                             0x08000731   Thumb Code     0  llushr.o(.text)
    __aeabi_lasr                             0x08000751   Thumb Code    36  llsshr.o(.text)
    _ll_sshift_r                             0x08000751   Thumb Code     0  llsshr.o(.text)
    __I$use$fp                               0x08000775   Thumb Code     0  iusefp.o(.text)
    _float_round                             0x08000775   Thumb Code    18  fepilogue.o(.text)
    _float_epilogue                          0x08000787   Thumb Code    92  fepilogue.o(.text)
    _double_round                            0x080007e3   Thumb Code    30  depilogue.o(.text)
    _double_epilogue                         0x08000801   Thumb Code   156  depilogue.o(.text)
    __aeabi_ddiv                             0x0800089d   Thumb Code   222  ddiv.o(.text)
    __ARM_scalbn                             0x0800097b   Thumb Code    46  dscalb.o(.text)
    scalbn                                   0x0800097b   Thumb Code     0  dscalb.o(.text)
    __scatterload                            0x080009a9   Thumb Code    28  init.o(.text)
    __scatterload_rt2                        0x080009a9   Thumb Code     0  init.o(.text)
    _dsqrt                                   0x080009cd   Thumb Code   162  dsqrt.o(.text)
    BusFault_Handler                         0x08000a6f   Thumb Code     2  stm32f10x_it.o(i.BusFault_Handler)
    DebugMon_Handler                         0x08000a71   Thumb Code     2  stm32f10x_it.o(i.DebugMon_Handler)
    GPIO_Init                                0x08000a75   Thumb Code   162  stm32f10x_gpio.o(i.GPIO_Init)
    GPIO_ResetBits                           0x08000b17   Thumb Code     4  stm32f10x_gpio.o(i.GPIO_ResetBits)
    GPIO_SetBits                             0x08000b1b   Thumb Code     4  stm32f10x_gpio.o(i.GPIO_SetBits)
    HardFault_Handler                        0x08000b1f   Thumb Code     2  stm32f10x_it.o(i.HardFault_Handler)
    LED_Config                               0x08000c15   Thumb Code    50  main.o(i.LED_Config)
    MemManage_Handler                        0x08000c4d   Thumb Code     2  stm32f10x_it.o(i.MemManage_Handler)
    NMI_Handler                              0x08000c4f   Thumb Code     2  stm32f10x_it.o(i.NMI_Handler)
    PendSV_Handler                           0x08000c51   Thumb Code     2  stm32f10x_it.o(i.PendSV_Handler)
    PrintChar                                0x08000c55   Thumb Code    22  usart.o(i.PrintChar)
    RCC_APB1PeriphClockCmd                   0x08000c6d   Thumb Code    18  stm32f10x_rcc.o(i.RCC_APB1PeriphClockCmd)
    RCC_APB2PeriphClockCmd                   0x08000c85   Thumb Code    18  stm32f10x_rcc.o(i.RCC_APB2PeriphClockCmd)
    RCC_GetClocksFreq                        0x08000c9d   Thumb Code   128  stm32f10x_rcc.o(i.RCC_GetClocksFreq)
    SVC_Handler                              0x08000d2d   Thumb Code     2  stm32f10x_it.o(i.SVC_Handler)
    SysTick_Handler                          0x08000dd9   Thumb Code     2  stm32f10x_it.o(i.SysTick_Handler)
    SystemInit                               0x08000ddd   Thumb Code    64  system_stm32f10x.o(i.SystemInit)
    USART2_Config                            0x08000e2d   Thumb Code   146  usart.o(i.USART2_Config)
    USART_ClearFlag                          0x08000ec9   Thumb Code     6  stm32f10x_usart.o(i.USART_ClearFlag)
    USART_Cmd                                0x08000ecf   Thumb Code    20  stm32f10x_usart.o(i.USART_Cmd)
    USART_GetFlagStatus                      0x08000ee3   Thumb Code    14  stm32f10x_usart.o(i.USART_GetFlagStatus)
    USART_ITConfig                           0x08000ef1   Thumb Code    48  stm32f10x_usart.o(i.USART_ITConfig)
    USART_Init                               0x08000f21   Thumb Code   166  stm32f10x_usart.o(i.USART_Init)
    USART_SendData                           0x08000fcd   Thumb Code     8  stm32f10x_usart.o(i.USART_SendData)
    UsageFault_Handler                       0x08000fd5   Thumb Code     2  stm32f10x_it.o(i.UsageFault_Handler)
    UsartSend                                0x08000fd9   Thumb Code    26  usart.o(i.UsartSend)
    __ARM_fpclassify                         0x08000ff9   Thumb Code    40  fpclassify.o(i.__ARM_fpclassify)
    __kernel_poly                            0x08001021   Thumb Code   170  poly.o(i.__kernel_poly)
    __mathlib_dbl_infnan                     0x080010cb   Thumb Code     6  dunder.o(i.__mathlib_dbl_infnan)
    __mathlib_dbl_infnan2                    0x080010d1   Thumb Code     4  dunder.o(i.__mathlib_dbl_infnan2)
    __mathlib_dbl_invalid                    0x080010d5   Thumb Code    12  dunder.o(i.__mathlib_dbl_invalid)
    __mathlib_dbl_underflow                  0x080010e1   Thumb Code    10  dunder.o(i.__mathlib_dbl_underflow)
    __scatterload_copy                       0x080010f1   Thumb Code    14  handlers.o(i.__scatterload_copy)
    __scatterload_null                       0x080010ff   Thumb Code     2  handlers.o(i.__scatterload_null)
    __scatterload_zeroinit                   0x08001101   Thumb Code    14  handlers.o(i.__scatterload_zeroinit)
    __set_errno                              0x08001111   Thumb Code     6  errno.o(i.__set_errno)
    asin                                     0x0800111d   Thumb Code   572  asin.o(i.asin)
    atan                                     0x0800138d   Thumb Code   474  atan.o(i.atan)
    atan2                                    0x080015ad   Thumb Code   346  atan2.o(i.atan2)
    delay_ms                                 0x0800172d   Thumb Code    22  delay.o(i.delay_ms)
    delay_us                                 0x08001743   Thumb Code    18  delay.o(i.delay_us)
    dmp_enable_6x_lp_quat                    0x08001755   Thumb Code    58  inv_mpu_dmp_motion_driver.o(i.dmp_enable_6x_lp_quat)
    dmp_enable_feature                       0x08001791   Thumb Code   464  inv_mpu_dmp_motion_driver.o(i.dmp_enable_feature)
    dmp_enable_gyro_cal                      0x08001969   Thumb Code    34  inv_mpu_dmp_motion_driver.o(i.dmp_enable_gyro_cal)
    dmp_enable_lp_quat                       0x080019a5   Thumb Code    58  inv_mpu_dmp_motion_driver.o(i.dmp_enable_lp_quat)
    dmp_load_motion_driver_firmware          0x080019e1   Thumb Code    16  inv_mpu_dmp_motion_driver.o(i.dmp_load_motion_driver_firmware)
    dmp_read_fifo                            0x080019f5   Thumb Code   320  inv_mpu_dmp_motion_driver.o(i.dmp_read_fifo)
    dmp_set_accel_bias                       0x08001b39   Thumb Code   210  inv_mpu_dmp_motion_driver.o(i.dmp_set_accel_bias)
    dmp_set_fifo_rate                        0x08001c11   Thumb Code    82  inv_mpu_dmp_motion_driver.o(i.dmp_set_fifo_rate)
    dmp_set_gyro_bias                        0x08001c75   Thumb Code   196  inv_mpu_dmp_motion_driver.o(i.dmp_set_gyro_bias)
    dmp_set_orientation                      0x08001d41   Thumb Code   246  inv_mpu_dmp_motion_driver.o(i.dmp_set_orientation)
    dmp_set_shake_reject_thresh              0x08001e4d   Thumb Code    48  inv_mpu_dmp_motion_driver.o(i.dmp_set_shake_reject_thresh)
    dmp_set_shake_reject_time                0x08001e7d   Thumb Code    32  inv_mpu_dmp_motion_driver.o(i.dmp_set_shake_reject_time)
    dmp_set_shake_reject_timeout             0x08001e9d   Thumb Code    32  inv_mpu_dmp_motion_driver.o(i.dmp_set_shake_reject_timeout)
    dmp_set_tap_axes                         0x08001ebd   Thumb Code    64  inv_mpu_dmp_motion_driver.o(i.dmp_set_tap_axes)
    dmp_set_tap_count                        0x08001efd   Thumb Code    34  inv_mpu_dmp_motion_driver.o(i.dmp_set_tap_count)
    dmp_set_tap_thresh                       0x08001f21   Thumb Code   274  inv_mpu_dmp_motion_driver.o(i.dmp_set_tap_thresh)
    dmp_set_tap_time                         0x08002049   Thumb Code    32  inv_mpu_dmp_motion_driver.o(i.dmp_set_tap_time)
    dmp_set_tap_time_multi                   0x08002069   Thumb Code    32  inv_mpu_dmp_motion_driver.o(i.dmp_set_tap_time_multi)
    get_ms                                   0x08002089   Thumb Code     2  time.o(i.get_ms)
    i2cInit                                  0x080023a1   Thumb Code    38  stm32_iic.o(i.i2cInit)
    i2cRead                                  0x080023cd   Thumb Code   226  stm32_iic.o(i.i2cRead)
    i2cWriteBuffer                           0x080024b5   Thumb Code    84  stm32_iic.o(i.i2cWriteBuffer)
    i2cread                                  0x08002509   Thumb Code    18  stm32_iic.o(i.i2cread)
    i2cwrite                                 0x0800251b   Thumb Code    18  stm32_iic.o(i.i2cwrite)
    main                                     0x08002575   Thumb Code  1898  main.o(i.main)
    mpu_configure_fifo                       0x08002d0d   Thumb Code    78  inv_mpu.o(i.mpu_configure_fifo)
    mpu_get_accel_fsr                        0x08002d61   Thumb Code    54  inv_mpu.o(i.mpu_get_accel_fsr)
    mpu_get_accel_sens                       0x08002d9d   Thumb Code    62  inv_mpu.o(i.mpu_get_accel_sens)
    mpu_get_gyro_fsr                         0x08002de1   Thumb Code    48  inv_mpu.o(i.mpu_get_gyro_fsr)
    mpu_get_gyro_sens                        0x08002e15   Thumb Code    44  inv_mpu.o(i.mpu_get_gyro_sens)
    mpu_get_lpf                              0x08002e55   Thumb Code    52  inv_mpu.o(i.mpu_get_lpf)
    mpu_get_sample_rate                      0x08002e8d   Thumb Code    22  inv_mpu.o(i.mpu_get_sample_rate)
    mpu_init                                 0x08002ea9   Thumb Code   210  inv_mpu.o(i.mpu_init)
    mpu_load_firmware                        0x08002f81   Thumb Code   154  inv_mpu.o(i.mpu_load_firmware)
    mpu_lp_accel_mode                        0x08003021   Thumb Code   180  inv_mpu.o(i.mpu_lp_accel_mode)
    mpu_read_fifo_stream                     0x080030d9   Thumb Code   140  inv_mpu.o(i.mpu_read_fifo_stream)
    mpu_read_mem                             0x08003169   Thumb Code    80  inv_mpu.o(i.mpu_read_mem)
    mpu_reset_fifo                           0x080031bd   Thumb Code   346  inv_mpu.o(i.mpu_reset_fifo)
    mpu_run_self_test                        0x0800331d   Thumb Code   152  inv_mpu.o(i.mpu_run_self_test)
    mpu_set_accel_fsr                        0x080033b9   Thumb Code    98  inv_mpu.o(i.mpu_set_accel_fsr)
    mpu_set_bypass                           0x08003421   Thumb Code   214  inv_mpu.o(i.mpu_set_bypass)
    mpu_set_compass_sample_rate              0x080034fd   Thumb Code    72  inv_mpu.o(i.mpu_set_compass_sample_rate)
    mpu_set_dmp_state                        0x08003549   Thumb Code   114  inv_mpu.o(i.mpu_set_dmp_state)
    mpu_set_gyro_fsr                         0x080035c1   Thumb Code   104  inv_mpu.o(i.mpu_set_gyro_fsr)
    mpu_set_int_latched                      0x0800362d   Thumb Code    94  inv_mpu.o(i.mpu_set_int_latched)
    mpu_set_lpf                              0x08003691   Thumb Code   102  inv_mpu.o(i.mpu_set_lpf)
    mpu_set_sample_rate                      0x080036fd   Thumb Code   138  inv_mpu.o(i.mpu_set_sample_rate)
    mpu_set_sensors                          0x0800378d   Thumb Code   304  inv_mpu.o(i.mpu_set_sensors)
    mpu_write_mem                            0x080038c1   Thumb Code    80  inv_mpu.o(i.mpu_write_mem)
    sqrt                                     0x08003c15   Thumb Code    76  sqrt.o(i.sqrt)
    reg                                      0x08003c60   Data          42  inv_mpu.o(.constdata)
    hw                                       0x08003c8a   Data          14  inv_mpu.o(.constdata)
    test                                     0x08003c98   Data          40  inv_mpu.o(.constdata)
    __mathlib_zero                           0x080049a0   Data           8  qnan.o(.constdata)
    Region$$Table$$Base                      0x080049a8   Number         0  anon$$obj.o(Region$$Table)
    Region$$Table$$Limit                     0x080049c8   Number         0  anon$$obj.o(Region$$Table)
    more                                     0x20000014   Data           1  main.o(.data)
    sensors                                  0x20000016   Data           2  main.o(.data)
    q0                                       0x20000018   Data           4  main.o(.data)
    q1                                       0x2000001c   Data           4  main.o(.data)
    q2                                       0x20000020   Data           4  main.o(.data)
    q3                                       0x20000024   Data           4  main.o(.data)
    Pitch                                    0x20000028   Data           4  main.o(.data)
    Roll                                     0x2000002c   Data           4  main.o(.data)
    Yaw                                      0x20000030   Data           4  main.o(.data)
    temp                                     0x20000034   Data           4  main.o(.data)
    sensor_timestamp                         0x20000038   Data           4  main.o(.data)
    gyro                                     0x2000003c   Data           6  main.o(.data)
    accel                                    0x20000042   Data           6  main.o(.data)
    show_tab                                 0x20000048   Data          11  main.o(.data)
    quat                                     0x20000098   Data          16  main.o(.bss)
    __initial_sp                             0x200004b8   Data           0  startup_stm32f10x_md.o(STACK)



==============================================================================

Memory Map of the image

  Image Entry point : 0x080000ed

  Load Region LR_IROM1 (Base: 0x08000000, Size: 0x00004a60, Max: 0x00010000, ABSOLUTE)

    Execution Region ER_IROM1 (Base: 0x08000000, Size: 0x000049c8, Max: 0x00010000, ABSOLUTE)

    Base Addr    Size         Type   Attr      Idx    E Section Name        Object

    0x08000000   0x000000ec   Data   RO           79    RESET               startup_stm32f10x_md.o
    0x080000ec   0x00000000   Code   RO         2131  * .ARM.Collect$$$$00000000  mc_w.l(entry.o)
    0x080000ec   0x00000004   Code   RO         2203    .ARM.Collect$$$$00000001  mc_w.l(entry2.o)
    0x080000f0   0x00000004   Code   RO         2206    .ARM.Collect$$$$00000004  mc_w.l(entry5.o)
    0x080000f4   0x00000000   Code   RO         2208    .ARM.Collect$$$$00000008  mc_w.l(entry7b.o)
    0x080000f4   0x00000000   Code   RO         2210    .ARM.Collect$$$$0000000A  mc_w.l(entry8b.o)
    0x080000f4   0x00000008   Code   RO         2211    .ARM.Collect$$$$0000000B  mc_w.l(entry9a.o)
    0x080000fc   0x00000000   Code   RO         2213    .ARM.Collect$$$$0000000D  mc_w.l(entry10a.o)
    0x080000fc   0x00000000   Code   RO         2215    .ARM.Collect$$$$0000000F  mc_w.l(entry11a.o)
    0x080000fc   0x00000004   Code   RO         2204    .ARM.Collect$$$$00002712  mc_w.l(entry2.o)
    0x08000100   0x00000024   Code   RO           80    .text               startup_stm32f10x_md.o
    0x08000124   0x00000062   Code   RO         2134    .text               mc_w.l(ldiv.o)
    0x08000186   0x00000024   Code   RO         2136    .text               mc_w.l(memseta.o)
    0x080001aa   0x0000001a   Code   RO         2138    .text               mc_w.l(memcmp.o)
    0x080001c4   0x000000b0   Code   RO         2140    .text               mf_w.l(fadd.o)
    0x08000274   0x00000064   Code   RO         2142    .text               mf_w.l(fmul.o)
    0x080002d8   0x0000007c   Code   RO         2144    .text               mf_w.l(fdiv.o)
    0x08000354   0x00000018   Code   RO         2146    .text               mf_w.l(fscalb.o)
    0x0800036c   0x0000014e   Code   RO         2148    .text               mf_w.l(dadd.o)
    0x080004ba   0x000000e4   Code   RO         2150    .text               mf_w.l(dmul.o)
    0x0800059e   0x00000012   Code   RO         2152    .text               mf_w.l(fflti.o)
    0x080005b0   0x0000000a   Code   RO         2154    .text               mf_w.l(ffltui.o)
    0x080005ba   0x00000032   Code   RO         2156    .text               mf_w.l(ffixi.o)
    0x080005ec   0x00000028   Code   RO         2158    .text               mf_w.l(ffixui.o)
    0x08000614   0x0000003e   Code   RO         2160    .text               mf_w.l(dfixi.o)
    0x08000652   0x00000026   Code   RO         2162    .text               mf_w.l(f2d.o)
    0x08000678   0x00000038   Code   RO         2164    .text               mf_w.l(d2f.o)
    0x080006b0   0x00000062   Code   RO         2217    .text               mc_w.l(uldiv.o)
    0x08000712   0x0000001e   Code   RO         2219    .text               mc_w.l(llshl.o)
    0x08000730   0x00000020   Code   RO         2221    .text               mc_w.l(llushr.o)
    0x08000750   0x00000024   Code   RO         2223    .text               mc_w.l(llsshr.o)
    0x08000774   0x00000000   Code   RO         2232    .text               mc_w.l(iusefp.o)
    0x08000774   0x0000006e   Code   RO         2233    .text               mf_w.l(fepilogue.o)
    0x080007e2   0x000000ba   Code   RO         2235    .text               mf_w.l(depilogue.o)
    0x0800089c   0x000000de   Code   RO         2237    .text               mf_w.l(ddiv.o)
    0x0800097a   0x0000002e   Code   RO         2239    .text               mf_w.l(dscalb.o)
    0x080009a8   0x00000024   Code   RO         2241    .text               mc_w.l(init.o)
    0x080009cc   0x000000a2   Code   RO         2243    .text               mf_w.l(dsqrt.o)
    0x08000a6e   0x00000002   Code   RO         1453    i.BusFault_Handler  stm32f10x_it.o
    0x08000a70   0x00000002   Code   RO         1454    i.DebugMon_Handler  stm32f10x_it.o
    0x08000a72   0x00000002   PAD
    0x08000a74   0x000000a2   Code   RO          356    i.GPIO_Init         stm32f10x_gpio.o
    0x08000b16   0x00000004   Code   RO          363    i.GPIO_ResetBits    stm32f10x_gpio.o
    0x08000b1a   0x00000004   Code   RO          364    i.GPIO_SetBits      stm32f10x_gpio.o
    0x08000b1e   0x00000002   Code   RO         1455    i.HardFault_Handler  stm32f10x_it.o
    0x08000b20   0x0000004c   Code   RO         1591    i.I2C_SendByte      stm32_iic.o
    0x08000b6c   0x00000038   Code   RO         1592    i.I2C_Start         stm32_iic.o
    0x08000ba4   0x0000002c   Code   RO         1593    i.I2C_Stop          stm32_iic.o
    0x08000bd0   0x00000034   Code   RO         1594    i.I2C_WaitAck       stm32_iic.o
    0x08000c04   0x0000000e   Code   RO         1595    i.I2C_delay         stm32_iic.o
    0x08000c12   0x00000002   PAD
    0x08000c14   0x00000038   Code   RO         1377    i.LED_Config        main.o
    0x08000c4c   0x00000002   Code   RO         1456    i.MemManage_Handler  stm32f10x_it.o
    0x08000c4e   0x00000002   Code   RO         1457    i.NMI_Handler       stm32f10x_it.o
    0x08000c50   0x00000002   Code   RO         1458    i.PendSV_Handler    stm32f10x_it.o
    0x08000c52   0x00000002   PAD
    0x08000c54   0x00000016   Code   RO         1517    i.PrintChar         usart.o
    0x08000c6a   0x00000002   PAD
    0x08000c6c   0x00000018   Code   RO          466    i.RCC_APB1PeriphClockCmd  stm32f10x_rcc.o
    0x08000c84   0x00000018   Code   RO          468    i.RCC_APB2PeriphClockCmd  stm32f10x_rcc.o
    0x08000c9c   0x00000090   Code   RO          476    i.RCC_GetClocksFreq  stm32f10x_rcc.o
    0x08000d2c   0x00000002   Code   RO         1459    i.SVC_Handler       stm32f10x_it.o
    0x08000d2e   0x00000002   PAD
    0x08000d30   0x000000a8   Code   RO           17    i.SetSysClockTo72   system_stm32f10x.o
    0x08000dd8   0x00000002   Code   RO         1460    i.SysTick_Handler   stm32f10x_it.o
    0x08000dda   0x00000002   PAD
    0x08000ddc   0x00000050   Code   RO           19    i.SystemInit        system_stm32f10x.o
    0x08000e2c   0x0000009c   Code   RO         1520    i.USART2_Config     usart.o
    0x08000ec8   0x00000006   Code   RO         1197    i.USART_ClearFlag   stm32f10x_usart.o
    0x08000ece   0x00000014   Code   RO         1201    i.USART_Cmd         stm32f10x_usart.o
    0x08000ee2   0x0000000e   Code   RO         1204    i.USART_GetFlagStatus  stm32f10x_usart.o
    0x08000ef0   0x00000030   Code   RO         1207    i.USART_ITConfig    stm32f10x_usart.o
    0x08000f20   0x000000ac   Code   RO         1208    i.USART_Init        stm32f10x_usart.o
    0x08000fcc   0x00000008   Code   RO         1218    i.USART_SendData    stm32f10x_usart.o
    0x08000fd4   0x00000002   Code   RO         1461    i.UsageFault_Handler  stm32f10x_it.o
    0x08000fd6   0x00000002   PAD
    0x08000fd8   0x00000020   Code   RO         1521    i.UsartSend         usart.o
    0x08000ff8   0x00000028   Code   RO         2190    i.__ARM_fpclassify  m_ws.l(fpclassify.o)
    0x08001020   0x000000aa   Code   RO         2192    i.__kernel_poly     m_ws.l(poly.o)
    0x080010ca   0x00000006   Code   RO         2177    i.__mathlib_dbl_infnan  m_ws.l(dunder.o)
    0x080010d0   0x00000004   Code   RO         2178    i.__mathlib_dbl_infnan2  m_ws.l(dunder.o)
    0x080010d4   0x0000000c   Code   RO         2179    i.__mathlib_dbl_invalid  m_ws.l(dunder.o)
    0x080010e0   0x00000010   Code   RO         2182    i.__mathlib_dbl_underflow  m_ws.l(dunder.o)
    0x080010f0   0x0000000e   Code   RO         2249    i.__scatterload_copy  mc_w.l(handlers.o)
    0x080010fe   0x00000002   Code   RO         2250    i.__scatterload_null  mc_w.l(handlers.o)
    0x08001100   0x0000000e   Code   RO         2251    i.__scatterload_zeroinit  mc_w.l(handlers.o)
    0x0800110e   0x00000002   PAD
    0x08001110   0x0000000c   Code   RO         2227    i.__set_errno       mc_w.l(errno.o)
    0x0800111c   0x00000270   Code   RO         2114    i.asin              m_ws.l(asin.o)
    0x0800138c   0x00000220   Code   RO         2167    i.atan              m_ws.l(atan.o)
    0x080015ac   0x00000180   Code   RO         2124    i.atan2             m_ws.l(atan2.o)
    0x0800172c   0x00000016   Code   RO         1430    i.delay_ms          delay.o
    0x08001742   0x00000012   Code   RO         1431    i.delay_us          delay.o
    0x08001754   0x0000003a   Code   RO         1940    i.dmp_enable_6x_lp_quat  inv_mpu_dmp_motion_driver.o
    0x0800178e   0x00000002   PAD
    0x08001790   0x000001d8   Code   RO         1941    i.dmp_enable_feature  inv_mpu_dmp_motion_driver.o
    0x08001968   0x0000003c   Code   RO         1942    i.dmp_enable_gyro_cal  inv_mpu_dmp_motion_driver.o
    0x080019a4   0x0000003a   Code   RO         1943    i.dmp_enable_lp_quat  inv_mpu_dmp_motion_driver.o
    0x080019de   0x00000002   PAD
    0x080019e0   0x00000014   Code   RO         1948    i.dmp_load_motion_driver_firmware  inv_mpu_dmp_motion_driver.o
    0x080019f4   0x00000144   Code   RO         1949    i.dmp_read_fifo     inv_mpu_dmp_motion_driver.o
    0x08001b38   0x000000d8   Code   RO         1952    i.dmp_set_accel_bias  inv_mpu_dmp_motion_driver.o
    0x08001c10   0x00000064   Code   RO         1953    i.dmp_set_fifo_rate  inv_mpu_dmp_motion_driver.o
    0x08001c74   0x000000cc   Code   RO         1954    i.dmp_set_gyro_bias  inv_mpu_dmp_motion_driver.o
    0x08001d40   0x0000010c   Code   RO         1956    i.dmp_set_orientation  inv_mpu_dmp_motion_driver.o
    0x08001e4c   0x00000030   Code   RO         1959    i.dmp_set_shake_reject_thresh  inv_mpu_dmp_motion_driver.o
    0x08001e7c   0x00000020   Code   RO         1960    i.dmp_set_shake_reject_time  inv_mpu_dmp_motion_driver.o
    0x08001e9c   0x00000020   Code   RO         1961    i.dmp_set_shake_reject_timeout  inv_mpu_dmp_motion_driver.o
    0x08001ebc   0x00000040   Code   RO         1962    i.dmp_set_tap_axes  inv_mpu_dmp_motion_driver.o
    0x08001efc   0x00000022   Code   RO         1963    i.dmp_set_tap_count  inv_mpu_dmp_motion_driver.o
    0x08001f1e   0x00000002   PAD
    0x08001f20   0x00000128   Code   RO         1964    i.dmp_set_tap_thresh  inv_mpu_dmp_motion_driver.o
    0x08002048   0x00000020   Code   RO         1965    i.dmp_set_tap_time  inv_mpu_dmp_motion_driver.o
    0x08002068   0x00000020   Code   RO         1966    i.dmp_set_tap_time_multi  inv_mpu_dmp_motion_driver.o
    0x08002088   0x00000002   Code   RO         1566    i.get_ms            time.o
    0x0800208a   0x00000002   PAD
    0x0800208c   0x00000314   Code   RO         1664    i.get_st_biases     inv_mpu.o
    0x080023a0   0x0000002c   Code   RO         1597    i.i2cInit           stm32_iic.o
    0x080023cc   0x000000e8   Code   RO         1598    i.i2cRead           stm32_iic.o
    0x080024b4   0x00000054   Code   RO         1600    i.i2cWriteBuffer    stm32_iic.o
    0x08002508   0x00000012   Code   RO         1601    i.i2cread           stm32_iic.o
    0x0800251a   0x00000012   Code   RO         1602    i.i2cwrite          stm32_iic.o
    0x0800252c   0x00000048   Code   RO         1378    i.inv_row_2_scale   main.o
    0x08002574   0x00000798   Code   RO         1379    i.main              main.o
    0x08002d0c   0x00000054   Code   RO         1665    i.mpu_configure_fifo  inv_mpu.o
    0x08002d60   0x0000003c   Code   RO         1666    i.mpu_get_accel_fsr  inv_mpu.o
    0x08002d9c   0x00000044   Code   RO         1668    i.mpu_get_accel_sens  inv_mpu.o
    0x08002de0   0x00000034   Code   RO         1674    i.mpu_get_gyro_fsr  inv_mpu.o
    0x08002e14   0x00000040   Code   RO         1676    i.mpu_get_gyro_sens  inv_mpu.o
    0x08002e54   0x00000038   Code   RO         1678    i.mpu_get_lpf       inv_mpu.o
    0x08002e8c   0x0000001c   Code   RO         1680    i.mpu_get_sample_rate  inv_mpu.o
    0x08002ea8   0x000000d8   Code   RO         1682    i.mpu_init          inv_mpu.o
    0x08002f80   0x000000a0   Code   RO         1683    i.mpu_load_firmware  inv_mpu.o
    0x08003020   0x000000b8   Code   RO         1684    i.mpu_lp_accel_mode  inv_mpu.o
    0x080030d8   0x00000090   Code   RO         1687    i.mpu_read_fifo_stream  inv_mpu.o
    0x08003168   0x00000054   Code   RO         1688    i.mpu_read_mem      inv_mpu.o
    0x080031bc   0x00000160   Code   RO         1691    i.mpu_reset_fifo    inv_mpu.o
    0x0800331c   0x0000009c   Code   RO         1692    i.mpu_run_self_test  inv_mpu.o
    0x080033b8   0x00000068   Code   RO         1694    i.mpu_set_accel_fsr  inv_mpu.o
    0x08003420   0x000000dc   Code   RO         1695    i.mpu_set_bypass    inv_mpu.o
    0x080034fc   0x0000004c   Code   RO         1696    i.mpu_set_compass_sample_rate  inv_mpu.o
    0x08003548   0x00000078   Code   RO         1697    i.mpu_set_dmp_state  inv_mpu.o
    0x080035c0   0x0000006c   Code   RO         1698    i.mpu_set_gyro_fsr  inv_mpu.o
    0x0800362c   0x00000064   Code   RO         1699    i.mpu_set_int_latched  inv_mpu.o
    0x08003690   0x0000006c   Code   RO         1701    i.mpu_set_lpf       inv_mpu.o
    0x080036fc   0x00000090   Code   RO         1702    i.mpu_set_sample_rate  inv_mpu.o
    0x0800378c   0x00000134   Code   RO         1703    i.mpu_set_sensors   inv_mpu.o
    0x080038c0   0x00000054   Code   RO         1704    i.mpu_write_mem     inv_mpu.o
    0x08003914   0x000000d0   Code   RO         1380    i.run_self_test     main.o
    0x080039e4   0x00000058   Code   RO         1705    i.set_int_enable    inv_mpu.o
    0x08003a3c   0x000001d8   Code   RO         1706    i.setup_compass     inv_mpu.o
    0x08003c14   0x0000004c   Code   RO         2196    i.sqrt              m_ws.l(sqrt.o)
    0x08003c60   0x0000002a   Data   RO         1707    .constdata          inv_mpu.o
    0x08003c8a   0x0000000e   Data   RO         1708    .constdata          inv_mpu.o
    0x08003c98   0x00000028   Data   RO         1709    .constdata          inv_mpu.o
    0x08003cc0   0x00000bf6   Data   RO         1968    .constdata          inv_mpu_dmp_motion_driver.o
    0x080048b6   0x00000002   PAD
    0x080048b8   0x00000050   Data   RO         2115    .constdata          m_ws.l(asin.o)
    0x08004908   0x00000098   Data   RO         2168    .constdata          m_ws.l(atan.o)
    0x080049a0   0x00000008   Data   RO         2194    .constdata          m_ws.l(qnan.o)
    0x080049a8   0x00000020   Data   RO         2247    Region$$Table       anon$$obj.o


    Execution Region RW_IRAM1 (Base: 0x20000000, Size: 0x000004b8, Max: 0x00005000, ABSOLUTE)

    Base Addr    Size         Type   Attr      Idx    E Section Name        Object

    0x20000000   0x00000014   Data   RW          496    .data               stm32f10x_rcc.o
    0x20000014   0x00000048   Data   RW         1382    .data               main.o
    0x2000005c   0x00000038   Data   RW         1710    .data               inv_mpu.o
    0x20000094   0x00000004   Data   RW         2228    .data               mc_w.l(errno.o)
    0x20000098   0x00000010   Zero   RW         1381    .bss                main.o
    0x200000a8   0x00000010   Zero   RW         1967    .bss                inv_mpu_dmp_motion_driver.o
    0x200000b8   0x00000400   Zero   RW           77    STACK               startup_stm32f10x_md.o


==============================================================================

Image component sizes


      Code (inc. data)   RO Data    RW Data    ZI Data      Debug   Object Name

         0          0          0          0          0       4572   core_cm3.o
        40          0          0          0          0       1226   delay.o
      4428        178         96         56          0      25255   inv_mpu.o
      2350        118       3062          0         16      19434   inv_mpu_dmp_motion_driver.o
      2280        862          0         72         16       5020   main.o
        36          8        236          0       1024        804   startup_stm32f10x_md.o
       638         32          0          0          0       6582   stm32_iic.o
       170          0          0          0          0       2788   stm32f10x_gpio.o
        18          0          0          0          0       3742   stm32f10x_it.o
       192         28          0         20          0       4318   stm32f10x_rcc.o
       268          6          0          0          0       5175   stm32f10x_usart.o
       248         24          0          0          0     226273   system_stm32f10x.o
         2          0          0          0          0        413   time.o
       210         16          0          0          0       1880   usart.o

    ----------------------------------------------------------------------
     10902       1272       3428        148       1056     307482   Object Totals
         0          0         32          0          0          0   (incl. Generated)
        22          0          2          0          0          0   (incl. Padding)

    ----------------------------------------------------------------------

      Code (inc. data)   RO Data    RW Data    ZI Data      Debug   Library Member Name

       624         52         80          0          0        168   asin.o
       544         70        152          0          0        124   atan.o
       384         38          0          0          0        144   atan2.o
        38          6          0          0          0        272   dunder.o
        40          0          0          0          0         68   fpclassify.o
       170          0          0          0          0         96   poly.o
         0          0          8          0          0          0   qnan.o
        76          0          0          0          0         84   sqrt.o
         0          0          0          0          0          0   entry.o
         0          0          0          0          0          0   entry10a.o
         0          0          0          0          0          0   entry11a.o
         8          4          0          0          0          0   entry2.o
         4          0          0          0          0          0   entry5.o
         0          0          0          0          0          0   entry7b.o
         0          0          0          0          0          0   entry8b.o
         8          4          0          0          0          0   entry9a.o
        12          6          0          4          0         68   errno.o
        30          0          0          0          0          0   handlers.o
        36          8          0          0          0         68   init.o
         0          0          0          0          0          0   iusefp.o
        98          0          0          0          0         84   ldiv.o
        30          0          0          0          0         68   llshl.o
        36          0          0          0          0         68   llsshr.o
        32          0          0          0          0         68   llushr.o
        26          0          0          0          0         80   memcmp.o
        36          0          0          0          0        108   memseta.o
        98          0          0          0          0         92   uldiv.o
        56          0          0          0          0         88   d2f.o
       334          0          0          0          0        148   dadd.o
       222          0          0          0          0        100   ddiv.o
       186          0          0          0          0        176   depilogue.o
        62          0          0          0          0         80   dfixi.o
       228          0          0          0          0         96   dmul.o
        46          0          0          0          0         80   dscalb.o
       162          0          0          0          0        100   dsqrt.o
        38          0          0          0          0         68   f2d.o
       176          0          0          0          0        140   fadd.o
       124          0          0          0          0         88   fdiv.o
       110          0          0          0          0        168   fepilogue.o
        50          0          0          0          0         68   ffixi.o
        40          0          0          0          0         68   ffixui.o
        18          0          0          0          0         68   fflti.o
        10          0          0          0          0         68   ffltui.o
       100          0          0          0          0         76   fmul.o
        24          0          0          0          0         68   fscalb.o

    ----------------------------------------------------------------------
      4318        188        240          4          0       3408   Library Totals
         2          0          0          0          0          0   (incl. Padding)

    ----------------------------------------------------------------------

      Code (inc. data)   RO Data    RW Data    ZI Data      Debug   Library Name

      1876        166        240          0          0        956   m_ws.l
       454         22          0          4          0        704   mc_w.l
      1986          0          0          0          0       1748   mf_w.l

    ----------------------------------------------------------------------
      4318        188        240          4          0       3408   Library Totals

    ----------------------------------------------------------------------

==============================================================================


      Code (inc. data)   RO Data    RW Data    ZI Data      Debug   

     15220       1460       3668        152       1056     304802   Grand Totals
     15220       1460       3668        152       1056     304802   ELF Image Totals
     15220       1460       3668        152          0          0   ROM Totals

==============================================================================

    Total RO  Size (Code + RO Data)                18888 (  18.45kB)
    Total RW  Size (RW Data + ZI Data)              1208 (   1.18kB)
    Total ROM Size (Code + RO Data + RW Data)      19040 (  18.59kB)

==============================================================================

