<html>
<body>
<pre>
<h1>µVision Build Log</h1>
<h2>Tool Versions:</h2>
IDE-Version: ¦ÌVision V5.21.0.0
Copyright (C) 2016 ARM Ltd and ARM Germany GmbH. All rights reserved.
License Information: Du Shaynerain, 1, LIC=NHY8T-R4KAT-AU54J-UE579-93MTV-P5M1K
 
Tool Versions:
Toolchain:       MDK-ARM Professional  Version: 5.21
Toolchain Path:  E:\Program Files\MDK5\Keil_v5\ARM\ARMCC\Bin
C Compiler:      Armcc.exe V5.06 update 3 (build 300)
Assembler:       Armasm.exe V5.06 update 3 (build 300)
Linker/Locator:  ArmLink.exe V5.06 update 3 (build 300)
Library Manager: ArmAr.exe V5.06 update 3 (build 300)
Hex Converter:   FromElf.exe V5.06 update 3 (build 300)
CPU DLL:         SARMCM3.DLL V5.21
Dialog DLL:      DARMSTM.DLL V1.66.0.1
Target DLL:      UL2CM3.DLL V1.158.5.0
Dialog DLL:      TARMSTM.DLL V1.65.0.0
 
<h2>Project:</h2>
C:\Users\Shaynerain\Desktop\STM32_MPU6050_DMP\Project\Hand.uvprojx
Project File Date:  02/23/2017

<h2>Output:</h2>
*** Using Compiler 'V5.06 update 3 (build 300)', folder: 'E:\Program Files\MDK5\Keil_v5\ARM\ARMCC\Bin'
Build target 'Target 1'
assembling startup_stm32f10x_md.s...
compiling core_cm3.c...
compiling misc.c...
compiling system_stm32f10x.c...
compiling stm32f10x_exti.c...
compiling stm32f10x_rcc.c...
compiling stm32f10x_gpio.c...
compiling stm32f10x_flash.c...
compiling stm32f10x_tim.c...
compiling delay.c...
compiling stm32f10x_it.c...
compiling stm32f10x_usart.c...
compiling Time.c...
compiling usart.c...
compiling main.c...
compiling stm32_iic.c...
compiling inv_mpu_dmp_motion_driver.c...
compiling inv_mpu.c...
..\User\eMPL\inv_mpu.c(929): warning:  #177-D: variable "rev" was declared but never referenced
      unsigned char data[6],rev;
..\User\eMPL\inv_mpu.c: 1 warning, 0 errors
linking...
Program Size: Code=15220 RO-data=3668 RW-data=152 ZI-data=1056  
FromELF: creating hex file...
"..\Output\×ËÌ¬°å.axf" - 0 Error(s), 1 Warning(s).

<h2>Software Packages used:</h2>

Package Vendor: ARM
                http://www.keil.com/pack/ARM.CMSIS.4.5.0.pack
                ARM::CMSIS:CORE:4.3.0
                CMSIS (Cortex Microcontroller Software Interface Standard)
   * Component: CORE Version: 4.3.0

<h2>Collection of Component include folders:</h2>
  C:\Users\Shaynerain\Desktop\STM32_MPU6050_DMP\Project\RTE
  E:\Program Files\MDK5\Keil_v5\ARM\PACK\ARM\CMSIS\4.5.0\CMSIS\Include
  E:\Program Files\MDK5\Keil_v5\ARM\PACK\Keil\STM32F1xx_DFP\1.0.5\Device\Include

<h2>Collection of Component Files used:</h2>

   * Component: ARM::CMSIS:CORE:4.3.0
Build Time Elapsed:  00:00:03
</pre>
</body>
</html>
